[2026-05-06T20:30:53.088+0300][0.006s][info][gc,init] CardTable entry size: 512
[2026-05-06T20:30:53.088+0300][0.006s][info][gc     ] Using G1
[2026-05-06T20:30:53.090+0300][0.009s][info][gc,init] Version: 21.0.10+7-Ubuntu-124.04 (release)
[2026-05-06T20:30:53.090+0300][0.009s][info][gc,init] CPUs: 16 total, 8 available
[2026-05-06T20:30:53.090+0300][0.009s][info][gc,init] Memory: 6865M
[2026-05-06T20:30:53.090+0300][0.009s][info][gc,init] Large Page Support: Disabled
[2026-05-06T20:30:53.090+0300][0.009s][info][gc,init] NUMA Support: Disabled
[2026-05-06T20:30:53.090+0300][0.009s][info][gc,init] Compressed Oops: Enabled (32-bit)
[2026-05-06T20:30:53.090+0300][0.009s][info][gc,init] Heap Region Size: 1M
[2026-05-06T20:30:53.090+0300][0.009s][info][gc,init] Heap Min Capacity: 64M
[2026-05-06T20:30:53.090+0300][0.009s][info][gc,init] Heap Initial Capacity: 64M
[2026-05-06T20:30:53.090+0300][0.009s][info][gc,init] Heap Max Capacity: 64M
[2026-05-06T20:30:53.090+0300][0.009s][info][gc,init] Pre-touch: Disabled
[2026-05-06T20:30:53.090+0300][0.009s][info][gc,init] Parallel Workers: 8
[2026-05-06T20:30:53.090+0300][0.009s][info][gc,init] Concurrent Workers: 2
[2026-05-06T20:30:53.090+0300][0.009s][info][gc,init] Concurrent Refinement Workers: 8
[2026-05-06T20:30:53.090+0300][0.009s][info][gc,init] Periodic GC: Disabled
[2026-05-06T20:30:53.103+0300][0.021s][info][gc,metaspace] CDS archive(s) mapped at: [0x00007c921b000000-0x00007c921bc9c000-0x00007c921bc9c000), size 13221888, SharedBaseAddress: 0x00007c921b000000, ArchiveRelocationMode: 1.
[2026-05-06T20:30:53.103+0300][0.021s][info][gc,metaspace] Compressed class space mapped at: 0x00007c921c000000-0x00007c9220000000, reserved size: 67108864
[2026-05-06T20:30:53.103+0300][0.021s][info][gc,metaspace] Narrow klass base: 0x00007c921b000000, Narrow klass shift: 0, Narrow klass range: 0x100000000
[2026-05-06T20:31:56.285+0300][63.203s][info][gc,heap,exit] Heap
[2026-05-06T20:31:56.285+0300][63.203s][info][gc,heap,exit]  garbage-first heap   total 65536K, used 7135K [0x00000000fc000000, 0x0000000100000000)
[2026-05-06T20:31:56.285+0300][63.203s][info][gc,heap,exit]   region size 1024K, 6 young (6144K), 0 survivors (0K)
[2026-05-06T20:31:56.285+0300][63.203s][info][gc,heap,exit]  Metaspace       used 612K, committed 768K, reserved 131072K
[2026-05-06T20:31:56.285+0300][63.203s][info][gc,heap,exit]   class space    used 34K, committed 128K, reserved 65536K
