[2026-05-06T20:33:13.929+0300][0.006s][info][gc,init] CardTable entry size: 512
[2026-05-06T20:33:13.929+0300][0.006s][info][gc     ] Using G1
[2026-05-06T20:33:13.932+0300][0.009s][info][gc,init] Version: 21.0.10+7-Ubuntu-124.04 (release)
[2026-05-06T20:33:13.932+0300][0.009s][info][gc,init] CPUs: 16 total, 8 available
[2026-05-06T20:33:13.932+0300][0.009s][info][gc,init] Memory: 6865M
[2026-05-06T20:33:13.932+0300][0.009s][info][gc,init] Large Page Support: Disabled
[2026-05-06T20:33:13.932+0300][0.009s][info][gc,init] NUMA Support: Disabled
[2026-05-06T20:33:13.932+0300][0.009s][info][gc,init] Compressed Oops: Enabled (32-bit)
[2026-05-06T20:33:13.932+0300][0.009s][info][gc,init] Heap Region Size: 1M
[2026-05-06T20:33:13.932+0300][0.009s][info][gc,init] Heap Min Capacity: 64M
[2026-05-06T20:33:13.932+0300][0.009s][info][gc,init] Heap Initial Capacity: 64M
[2026-05-06T20:33:13.932+0300][0.009s][info][gc,init] Heap Max Capacity: 64M
[2026-05-06T20:33:13.932+0300][0.009s][info][gc,init] Pre-touch: Disabled
[2026-05-06T20:33:13.932+0300][0.009s][info][gc,init] Parallel Workers: 8
[2026-05-06T20:33:13.932+0300][0.009s][info][gc,init] Concurrent Workers: 2
[2026-05-06T20:33:13.932+0300][0.009s][info][gc,init] Concurrent Refinement Workers: 8
[2026-05-06T20:33:13.932+0300][0.009s][info][gc,init] Periodic GC: Disabled
[2026-05-06T20:33:13.945+0300][0.022s][info][gc,metaspace] CDS archive(s) mapped at: [0x00007658df000000-0x00007658dfc9c000-0x00007658dfc9c000), size 13221888, SharedBaseAddress: 0x00007658df000000, ArchiveRelocationMode: 1.
[2026-05-06T20:33:13.946+0300][0.022s][info][gc,metaspace] Compressed class space mapped at: 0x00007658e0000000-0x00007658e4000000, reserved size: 67108864
[2026-05-06T20:33:13.946+0300][0.022s][info][gc,metaspace] Narrow klass base: 0x00007658df000000, Narrow klass shift: 0, Narrow klass range: 0x100000000
[2026-05-06T20:33:27.306+0300][13.382s][info][gc,start    ] GC(0) Pause Young (Normal) (G1 Evacuation Pause)
[2026-05-06T20:33:27.306+0300][13.383s][info][gc,task     ] GC(0) Using 2 workers of 8 for evacuation
[2026-05-06T20:33:27.311+0300][13.387s][info][gc,phases   ] GC(0)   Pre Evacuate Collection Set: 0.11ms
[2026-05-06T20:33:27.311+0300][13.387s][info][gc,phases   ] GC(0)   Merge Heap Roots: 0.05ms
[2026-05-06T20:33:27.311+0300][13.387s][info][gc,phases   ] GC(0)   Evacuate Collection Set: 3.25ms
[2026-05-06T20:33:27.311+0300][13.387s][info][gc,phases   ] GC(0)   Post Evacuate Collection Set: 0.71ms
[2026-05-06T20:33:27.311+0300][13.387s][info][gc,phases   ] GC(0)   Other: 0.37ms
[2026-05-06T20:33:27.311+0300][13.387s][info][gc,heap     ] GC(0) Eden regions: 23->0(36)
[2026-05-06T20:33:27.311+0300][13.387s][info][gc,heap     ] GC(0) Survivor regions: 0->2(3)
[2026-05-06T20:33:27.311+0300][13.387s][info][gc,heap     ] GC(0) Old regions: 2->2
[2026-05-06T20:33:27.311+0300][13.387s][info][gc,heap     ] GC(0) Humongous regions: 1->1
[2026-05-06T20:33:27.311+0300][13.387s][info][gc,metaspace] GC(0) Metaspace: 4482K(4736K)->4482K(4736K) NonClass: 3824K(3968K)->3824K(3968K) Class: 657K(768K)->657K(768K)
[2026-05-06T20:33:27.311+0300][13.387s][info][gc          ] GC(0) Pause Young (Normal) (G1 Evacuation Pause) 25M->3M(64M) 4.913ms
[2026-05-06T20:33:27.311+0300][13.387s][info][gc,cpu      ] GC(0) User=0.00s Sys=0.00s Real=0.01s
[2026-05-06T20:33:28.079+0300][14.156s][info][gc,start    ] GC(1) Pause Young (Normal) (G1 Evacuation Pause)
[2026-05-06T20:33:28.079+0300][14.156s][info][gc,task     ] GC(1) Using 2 workers of 8 for evacuation
[2026-05-06T20:33:28.086+0300][14.163s][info][gc,phases   ] GC(1)   Pre Evacuate Collection Set: 0.26ms
[2026-05-06T20:33:28.086+0300][14.163s][info][gc,phases   ] GC(1)   Merge Heap Roots: 0.11ms
[2026-05-06T20:33:28.086+0300][14.163s][info][gc,phases   ] GC(1)   Evacuate Collection Set: 5.24ms
[2026-05-06T20:33:28.086+0300][14.163s][info][gc,phases   ] GC(1)   Post Evacuate Collection Set: 1.19ms
[2026-05-06T20:33:28.086+0300][14.163s][info][gc,phases   ] GC(1)   Other: 0.19ms
[2026-05-06T20:33:28.086+0300][14.163s][info][gc,heap     ] GC(1) Eden regions: 36->0(36)
[2026-05-06T20:33:28.086+0300][14.163s][info][gc,heap     ] GC(1) Survivor regions: 2->2(5)
[2026-05-06T20:33:28.086+0300][14.163s][info][gc,heap     ] GC(1) Old regions: 2->2
[2026-05-06T20:33:28.086+0300][14.163s][info][gc,heap     ] GC(1) Humongous regions: 1->1
[2026-05-06T20:33:28.086+0300][14.163s][info][gc,metaspace] GC(1) Metaspace: 5256K(7168K)->5256K(7168K) NonClass: 4424K(5760K)->4424K(5760K) Class: 832K(1408K)->832K(1408K)
[2026-05-06T20:33:28.086+0300][14.163s][info][gc          ] GC(1) Pause Young (Normal) (G1 Evacuation Pause) 39M->3M(64M) 7.460ms
[2026-05-06T20:33:28.086+0300][14.163s][info][gc,cpu      ] GC(1) User=0.01s Sys=0.00s Real=0.01s
[2026-05-06T20:33:28.651+0300][14.728s][info][gc,start    ] GC(2) Pause Young (Normal) (G1 Evacuation Pause)
[2026-05-06T20:33:28.652+0300][14.728s][info][gc,task     ] GC(2) Using 2 workers of 8 for evacuation
[2026-05-06T20:33:28.658+0300][14.735s][info][gc,phases   ] GC(2)   Pre Evacuate Collection Set: 0.14ms
[2026-05-06T20:33:28.658+0300][14.735s][info][gc,phases   ] GC(2)   Merge Heap Roots: 0.08ms
[2026-05-06T20:33:28.658+0300][14.735s][info][gc,phases   ] GC(2)   Evacuate Collection Set: 5.06ms
[2026-05-06T20:33:28.658+0300][14.735s][info][gc,phases   ] GC(2)   Post Evacuate Collection Set: 1.02ms
[2026-05-06T20:33:28.658+0300][14.735s][info][gc,phases   ] GC(2)   Other: 0.11ms
[2026-05-06T20:33:28.658+0300][14.735s][info][gc,heap     ] GC(2) Eden regions: 36->0(35)
[2026-05-06T20:33:28.658+0300][14.735s][info][gc,heap     ] GC(2) Survivor regions: 2->3(5)
[2026-05-06T20:33:28.658+0300][14.735s][info][gc,heap     ] GC(2) Old regions: 2->2
[2026-05-06T20:33:28.658+0300][14.735s][info][gc,heap     ] GC(2) Humongous regions: 1->1
[2026-05-06T20:33:28.658+0300][14.735s][info][gc,metaspace] GC(2) Metaspace: 5868K(9600K)->5868K(9600K) NonClass: 4854K(7488K)->4854K(7488K) Class: 1013K(2112K)->1013K(2112K)
[2026-05-06T20:33:28.658+0300][14.735s][info][gc          ] GC(2) Pause Young (Normal) (G1 Evacuation Pause) 39M->4M(64M) 6.780ms
[2026-05-06T20:33:28.658+0300][14.735s][info][gc,cpu      ] GC(2) User=0.02s Sys=0.00s Real=0.01s
[2026-05-06T20:33:29.188+0300][15.265s][info][gc,start    ] GC(3) Pause Young (Normal) (G1 Evacuation Pause)
[2026-05-06T20:33:29.188+0300][15.265s][info][gc,task     ] GC(3) Using 2 workers of 8 for evacuation
[2026-05-06T20:33:29.196+0300][15.273s][info][gc,phases   ] GC(3)   Pre Evacuate Collection Set: 0.24ms
[2026-05-06T20:33:29.196+0300][15.273s][info][gc,phases   ] GC(3)   Merge Heap Roots: 0.08ms
[2026-05-06T20:33:29.196+0300][15.273s][info][gc,phases   ] GC(3)   Evacuate Collection Set: 6.45ms
[2026-05-06T20:33:29.197+0300][15.273s][info][gc,phases   ] GC(3)   Post Evacuate Collection Set: 1.28ms
[2026-05-06T20:33:29.197+0300][15.273s][info][gc,phases   ] GC(3)   Other: 0.13ms
[2026-05-06T20:33:29.197+0300][15.273s][info][gc,heap     ] GC(3) Eden regions: 35->0(34)
[2026-05-06T20:33:29.197+0300][15.273s][info][gc,heap     ] GC(3) Survivor regions: 3->4(5)
[2026-05-06T20:33:29.197+0300][15.273s][info][gc,heap     ] GC(3) Old regions: 2->2
[2026-05-06T20:33:29.197+0300][15.273s][info][gc,heap     ] GC(3) Humongous regions: 1->1
[2026-05-06T20:33:29.197+0300][15.273s][info][gc,metaspace] GC(3) Metaspace: 6197K(11776K)->6197K(11776K) NonClass: 4999K(8896K)->4999K(8896K) Class: 1198K(2880K)->1198K(2880K)
[2026-05-06T20:33:29.197+0300][15.273s][info][gc          ] GC(3) Pause Young (Normal) (G1 Evacuation Pause) 39M->5M(64M) 8.542ms
[2026-05-06T20:33:29.197+0300][15.273s][info][gc,cpu      ] GC(3) User=0.01s Sys=0.01s Real=0.01s
[2026-05-06T20:33:29.686+0300][15.763s][info][gc,start    ] GC(4) Pause Young (Normal) (G1 Evacuation Pause)
[2026-05-06T20:33:29.686+0300][15.763s][info][gc,task     ] GC(4) Using 2 workers of 8 for evacuation
[2026-05-06T20:33:29.699+0300][15.776s][info][gc,phases   ] GC(4)   Pre Evacuate Collection Set: 0.20ms
[2026-05-06T20:33:29.699+0300][15.776s][info][gc,phases   ] GC(4)   Merge Heap Roots: 0.09ms
[2026-05-06T20:33:29.699+0300][15.776s][info][gc,phases   ] GC(4)   Evacuate Collection Set: 12.03ms
[2026-05-06T20:33:29.699+0300][15.776s][info][gc,phases   ] GC(4)   Post Evacuate Collection Set: 0.69ms
[2026-05-06T20:33:29.699+0300][15.776s][info][gc,phases   ] GC(4)   Other: 0.12ms
[2026-05-06T20:33:29.699+0300][15.776s][info][gc,heap     ] GC(4) Eden regions: 34->0(35)
[2026-05-06T20:33:29.699+0300][15.776s][info][gc,heap     ] GC(4) Survivor regions: 4->3(5)
[2026-05-06T20:33:29.700+0300][15.776s][info][gc,heap     ] GC(4) Old regions: 2->4
[2026-05-06T20:33:29.700+0300][15.776s][info][gc,heap     ] GC(4) Humongous regions: 1->1
[2026-05-06T20:33:29.700+0300][15.776s][info][gc,metaspace] GC(4) Metaspace: 6509K(13760K)->6509K(13760K) NonClass: 5138K(10240K)->5138K(10240K) Class: 1371K(3520K)->1371K(3520K)
[2026-05-06T20:33:29.700+0300][15.776s][info][gc          ] GC(4) Pause Young (Normal) (G1 Evacuation Pause) 39M->6M(64M) 13.583ms
[2026-05-06T20:33:29.700+0300][15.776s][info][gc,cpu      ] GC(4) User=0.02s Sys=0.01s Real=0.02s
[2026-05-06T20:33:30.101+0300][16.177s][info][gc,start    ] GC(5) Pause Young (Normal) (G1 Evacuation Pause)
[2026-05-06T20:33:30.101+0300][16.177s][info][gc,task     ] GC(5) Using 2 workers of 8 for evacuation
[2026-05-06T20:33:30.110+0300][16.186s][info][gc,phases   ] GC(5)   Pre Evacuate Collection Set: 0.23ms
[2026-05-06T20:33:30.110+0300][16.186s][info][gc,phases   ] GC(5)   Merge Heap Roots: 0.12ms
[2026-05-06T20:33:30.110+0300][16.186s][info][gc,phases   ] GC(5)   Evacuate Collection Set: 7.63ms
[2026-05-06T20:33:30.110+0300][16.187s][info][gc,phases   ] GC(5)   Post Evacuate Collection Set: 0.88ms
[2026-05-06T20:33:30.110+0300][16.187s][info][gc,phases   ] GC(5)   Other: 0.14ms
[2026-05-06T20:33:30.110+0300][16.187s][info][gc,heap     ] GC(5) Eden regions: 35->0(35)
[2026-05-06T20:33:30.110+0300][16.187s][info][gc,heap     ] GC(5) Survivor regions: 3->3(5)
[2026-05-06T20:33:30.110+0300][16.187s][info][gc,heap     ] GC(5) Old regions: 4->4
[2026-05-06T20:33:30.110+0300][16.187s][info][gc,heap     ] GC(5) Humongous regions: 1->1
[2026-05-06T20:33:30.110+0300][16.187s][info][gc,metaspace] GC(5) Metaspace: 6831K(15872K)->6831K(15872K) NonClass: 5284K(11648K)->5284K(11648K) Class: 1547K(4224K)->1547K(4224K)
[2026-05-06T20:33:30.110+0300][16.187s][info][gc          ] GC(5) Pause Young (Normal) (G1 Evacuation Pause) 41M->6M(64M) 9.404ms
[2026-05-06T20:33:30.110+0300][16.187s][info][gc,cpu      ] GC(5) User=0.01s Sys=0.01s Real=0.01s
[2026-05-06T20:33:30.448+0300][16.525s][info][gc,start    ] GC(6) Pause Young (Normal) (G1 Evacuation Pause)
[2026-05-06T20:33:30.449+0300][16.525s][info][gc,task     ] GC(6) Using 2 workers of 8 for evacuation
[2026-05-06T20:33:30.459+0300][16.536s][info][gc,phases   ] GC(6)   Pre Evacuate Collection Set: 0.23ms
[2026-05-06T20:33:30.459+0300][16.536s][info][gc,phases   ] GC(6)   Merge Heap Roots: 0.16ms
[2026-05-06T20:33:30.459+0300][16.536s][info][gc,phases   ] GC(6)   Evacuate Collection Set: 9.07ms
[2026-05-06T20:33:30.459+0300][16.536s][info][gc,phases   ] GC(6)   Post Evacuate Collection Set: 1.05ms
[2026-05-06T20:33:30.459+0300][16.536s][info][gc,phases   ] GC(6)   Other: 0.17ms
[2026-05-06T20:33:30.460+0300][16.536s][info][gc,heap     ] GC(6) Eden regions: 35->0(35)
[2026-05-06T20:33:30.460+0300][16.536s][info][gc,heap     ] GC(6) Survivor regions: 3->3(5)
[2026-05-06T20:33:30.460+0300][16.536s][info][gc,heap     ] GC(6) Old regions: 4->5
[2026-05-06T20:33:30.460+0300][16.536s][info][gc,heap     ] GC(6) Humongous regions: 1->1
[2026-05-06T20:33:30.460+0300][16.536s][info][gc,metaspace] GC(6) Metaspace: 7152K(17984K)->7152K(17984K) NonClass: 5426K(13056K)->5426K(13056K) Class: 1726K(4928K)->1726K(4928K)
[2026-05-06T20:33:30.460+0300][16.536s][info][gc          ] GC(6) Pause Young (Normal) (G1 Evacuation Pause) 41M->7M(64M) 11.257ms
[2026-05-06T20:33:30.460+0300][16.536s][info][gc,cpu      ] GC(6) User=0.03s Sys=0.01s Real=0.01s
[2026-05-06T20:33:30.802+0300][16.878s][info][gc,start    ] GC(7) Pause Young (Normal) (G1 Evacuation Pause)
[2026-05-06T20:33:30.802+0300][16.878s][info][gc,task     ] GC(7) Using 2 workers of 8 for evacuation
[2026-05-06T20:33:30.810+0300][16.886s][info][gc,phases   ] GC(7)   Pre Evacuate Collection Set: 0.20ms
[2026-05-06T20:33:30.810+0300][16.886s][info][gc,phases   ] GC(7)   Merge Heap Roots: 0.10ms
[2026-05-06T20:33:30.810+0300][16.886s][info][gc,phases   ] GC(7)   Evacuate Collection Set: 6.81ms
[2026-05-06T20:33:30.810+0300][16.886s][info][gc,phases   ] GC(7)   Post Evacuate Collection Set: 0.72ms
[2026-05-06T20:33:30.810+0300][16.886s][info][gc,phases   ] GC(7)   Other: 0.15ms
[2026-05-06T20:33:30.810+0300][16.886s][info][gc,heap     ] GC(7) Eden regions: 35->0(35)
[2026-05-06T20:33:30.810+0300][16.886s][info][gc,heap     ] GC(7) Survivor regions: 3->3(5)
[2026-05-06T20:33:30.810+0300][16.886s][info][gc,heap     ] GC(7) Old regions: 5->6
[2026-05-06T20:33:30.810+0300][16.886s][info][gc,heap     ] GC(7) Humongous regions: 1->1
[2026-05-06T20:33:30.810+0300][16.886s][info][gc,metaspace] GC(7) Metaspace: 7469K(20096K)->7469K(20096K) NonClass: 5564K(14464K)->5564K(14464K) Class: 1905K(5632K)->1905K(5632K)
[2026-05-06T20:33:30.810+0300][16.887s][info][gc          ] GC(7) Pause Young (Normal) (G1 Evacuation Pause) 42M->8M(64M) 8.508ms
[2026-05-06T20:33:30.810+0300][16.887s][info][gc,cpu      ] GC(7) User=0.01s Sys=0.01s Real=0.01s
[2026-05-06T20:33:31.022+0300][17.099s][info][gc,start    ] GC(8) Pause Young (Concurrent Start) (Metadata GC Threshold)
[2026-05-06T20:33:31.022+0300][17.099s][info][gc,task     ] GC(8) Using 2 workers of 8 for evacuation
[2026-05-06T20:33:31.032+0300][17.108s][info][gc,phases   ] GC(8)   Pre Evacuate Collection Set: 0.21ms
[2026-05-06T20:33:31.032+0300][17.109s][info][gc,phases   ] GC(8)   Merge Heap Roots: 0.07ms
[2026-05-06T20:33:31.032+0300][17.109s][info][gc,phases   ] GC(8)   Evacuate Collection Set: 8.30ms
[2026-05-06T20:33:31.032+0300][17.109s][info][gc,phases   ] GC(8)   Post Evacuate Collection Set: 0.97ms
[2026-05-06T20:33:31.032+0300][17.109s][info][gc,phases   ] GC(8)   Other: 0.25ms
[2026-05-06T20:33:31.032+0300][17.109s][info][gc,heap     ] GC(8) Eden regions: 24->0(35)
[2026-05-06T20:33:31.032+0300][17.109s][info][gc,heap     ] GC(8) Survivor regions: 3->3(5)
[2026-05-06T20:33:31.032+0300][17.109s][info][gc,heap     ] GC(8) Old regions: 6->7
[2026-05-06T20:33:31.032+0300][17.109s][info][gc,heap     ] GC(8) Humongous regions: 1->1
[2026-05-06T20:33:31.032+0300][17.109s][info][gc,metaspace] GC(8) Metaspace: 7683K(21504K)->7683K(21504K) NonClass: 5657K(15424K)->5657K(15424K) Class: 2025K(6080K)->2025K(6080K)
[2026-05-06T20:33:31.032+0300][17.109s][info][gc          ] GC(8) Pause Young (Concurrent Start) (Metadata GC Threshold) 32M->8M(64M) 10.314ms
[2026-05-06T20:33:31.032+0300][17.109s][info][gc,cpu      ] GC(8) User=0.02s Sys=0.00s Real=0.01s
[2026-05-06T20:33:31.032+0300][17.109s][info][gc          ] GC(9) Concurrent Mark Cycle
[2026-05-06T20:33:31.032+0300][17.109s][info][gc,marking  ] GC(9) Concurrent Scan Root Regions
[2026-05-06T20:33:31.036+0300][17.113s][info][gc,marking  ] GC(9) Concurrent Scan Root Regions 3.669ms
[2026-05-06T20:33:31.036+0300][17.113s][info][gc,marking  ] GC(9) Concurrent Mark
[2026-05-06T20:33:31.036+0300][17.113s][info][gc,marking  ] GC(9) Concurrent Mark From Roots
[2026-05-06T20:33:31.036+0300][17.113s][info][gc,task     ] GC(9) Using 2 workers of 2 for marking
[2026-05-06T20:33:31.045+0300][17.121s][info][gc,marking  ] GC(9) Concurrent Mark From Roots 8.263ms
[2026-05-06T20:33:31.045+0300][17.121s][info][gc,marking  ] GC(9) Concurrent Preclean
[2026-05-06T20:33:31.045+0300][17.121s][info][gc,marking  ] GC(9) Concurrent Preclean 0.052ms
[2026-05-06T20:33:31.045+0300][17.121s][info][gc,start    ] GC(9) Pause Remark
[2026-05-06T20:33:31.053+0300][17.129s][info][gc          ] GC(9) Pause Remark 9M->9M(64M) 7.694ms
[2026-05-06T20:33:31.053+0300][17.129s][info][gc,cpu      ] GC(9) User=0.02s Sys=0.00s Real=0.01s
[2026-05-06T20:33:31.053+0300][17.129s][info][gc,marking  ] GC(9) Concurrent Mark 16.459ms
[2026-05-06T20:33:31.053+0300][17.129s][info][gc,marking  ] GC(9) Concurrent Rebuild Remembered Sets and Scrub Regions
[2026-05-06T20:33:31.055+0300][17.132s][info][gc,marking  ] GC(9) Concurrent Rebuild Remembered Sets and Scrub Regions 2.278ms
[2026-05-06T20:33:31.055+0300][17.132s][info][gc,start    ] GC(9) Pause Cleanup
[2026-05-06T20:33:31.055+0300][17.132s][info][gc          ] GC(9) Pause Cleanup 9M->9M(64M) 0.192ms
[2026-05-06T20:33:31.056+0300][17.132s][info][gc,cpu      ] GC(9) User=0.00s Sys=0.00s Real=0.00s
[2026-05-06T20:33:31.056+0300][17.132s][info][gc,marking  ] GC(9) Concurrent Clear Claimed Marks
[2026-05-06T20:33:31.056+0300][17.132s][info][gc,marking  ] GC(9) Concurrent Clear Claimed Marks 0.258ms
[2026-05-06T20:33:31.056+0300][17.132s][info][gc,marking  ] GC(9) Concurrent Cleanup for Next Mark
[2026-05-06T20:33:31.057+0300][17.134s][info][gc,marking  ] GC(9) Concurrent Cleanup for Next Mark 1.196ms
[2026-05-06T20:33:31.057+0300][17.134s][info][gc          ] GC(9) Concurrent Mark Cycle 24.778ms
[2026-05-06T20:33:31.334+0300][17.411s][info][gc,start    ] GC(10) Pause Young (Prepare Mixed) (G1 Evacuation Pause)
[2026-05-06T20:33:31.335+0300][17.411s][info][gc,task     ] GC(10) Using 2 workers of 8 for evacuation
[2026-05-06T20:33:31.342+0300][17.419s][info][gc,phases   ] GC(10)   Pre Evacuate Collection Set: 0.20ms
[2026-05-06T20:33:31.343+0300][17.419s][info][gc,phases   ] GC(10)   Merge Heap Roots: 0.12ms
[2026-05-06T20:33:31.343+0300][17.419s][info][gc,phases   ] GC(10)   Evacuate Collection Set: 6.64ms
[2026-05-06T20:33:31.343+0300][17.419s][info][gc,phases   ] GC(10)   Post Evacuate Collection Set: 0.70ms
[2026-05-06T20:33:31.343+0300][17.419s][info][gc,phases   ] GC(10)   Other: 0.17ms
[2026-05-06T20:33:31.343+0300][17.419s][info][gc,heap     ] GC(10) Eden regions: 35->0(34)
[2026-05-06T20:33:31.343+0300][17.419s][info][gc,heap     ] GC(10) Survivor regions: 3->4(5)
[2026-05-06T20:33:31.343+0300][17.419s][info][gc,heap     ] GC(10) Old regions: 7->7
[2026-05-06T20:33:31.343+0300][17.419s][info][gc,heap     ] GC(10) Humongous regions: 1->1
[2026-05-06T20:33:31.343+0300][17.419s][info][gc,metaspace] GC(10) Metaspace: 7995K(23616K)->7995K(23616K) NonClass: 5793K(16832K)->5793K(16832K) Class: 2202K(6784K)->2202K(6784K)
[2026-05-06T20:33:31.343+0300][17.419s][info][gc          ] GC(10) Pause Young (Prepare Mixed) (G1 Evacuation Pause) 43M->9M(64M) 8.430ms
[2026-05-06T20:33:31.343+0300][17.419s][info][gc,cpu      ] GC(10) User=0.01s Sys=0.00s Real=0.01s
[2026-05-06T20:33:31.640+0300][17.716s][info][gc,start    ] GC(11) Pause Young (Mixed) (G1 Evacuation Pause)
[2026-05-06T20:33:31.640+0300][17.716s][info][gc,task     ] GC(11) Using 2 workers of 8 for evacuation
[2026-05-06T20:33:31.651+0300][17.728s][info][gc,phases   ] GC(11)   Pre Evacuate Collection Set: 0.20ms
[2026-05-06T20:33:31.651+0300][17.728s][info][gc,phases   ] GC(11)   Merge Heap Roots: 0.08ms
[2026-05-06T20:33:31.651+0300][17.728s][info][gc,phases   ] GC(11)   Evacuate Collection Set: 10.19ms
[2026-05-06T20:33:31.651+0300][17.728s][info][gc,phases   ] GC(11)   Post Evacuate Collection Set: 0.82ms
[2026-05-06T20:33:31.651+0300][17.728s][info][gc,phases   ] GC(11)   Other: 0.14ms
[2026-05-06T20:33:31.651+0300][17.728s][info][gc,heap     ] GC(11) Eden regions: 34->0(34)
[2026-05-06T20:33:31.651+0300][17.728s][info][gc,heap     ] GC(11) Survivor regions: 4->4(5)
[2026-05-06T20:33:31.651+0300][17.728s][info][gc,heap     ] GC(11) Old regions: 7->6
[2026-05-06T20:33:31.651+0300][17.728s][info][gc,heap     ] GC(11) Humongous regions: 1->1
[2026-05-06T20:33:31.651+0300][17.728s][info][gc,metaspace] GC(11) Metaspace: 8303K(25664K)->8303K(25664K) NonClass: 5927K(18176K)->5927K(18176K) Class: 2376K(7488K)->2376K(7488K)
[2026-05-06T20:33:31.652+0300][17.728s][info][gc          ] GC(11) Pause Young (Mixed) (G1 Evacuation Pause) 43M->10M(64M) 11.932ms
[2026-05-06T20:33:31.652+0300][17.728s][info][gc,cpu      ] GC(11) User=0.03s Sys=0.01s Real=0.01s
[2026-05-06T20:33:31.902+0300][17.978s][info][gc,start    ] GC(12) Pause Young (Normal) (G1 Evacuation Pause)
[2026-05-06T20:33:31.902+0300][17.978s][info][gc,task     ] GC(12) Using 2 workers of 8 for evacuation
[2026-05-06T20:33:31.910+0300][17.987s][info][gc,phases   ] GC(12)   Pre Evacuate Collection Set: 0.22ms
[2026-05-06T20:33:31.910+0300][17.987s][info][gc,phases   ] GC(12)   Merge Heap Roots: 0.09ms
[2026-05-06T20:33:31.910+0300][17.987s][info][gc,phases   ] GC(12)   Evacuate Collection Set: 7.25ms
[2026-05-06T20:33:31.910+0300][17.987s][info][gc,phases   ] GC(12)   Post Evacuate Collection Set: 0.75ms
[2026-05-06T20:33:31.910+0300][17.987s][info][gc,phases   ] GC(12)   Other: 0.15ms
[2026-05-06T20:33:31.910+0300][17.987s][info][gc,heap     ] GC(12) Eden regions: 34->0(34)
[2026-05-06T20:33:31.910+0300][17.987s][info][gc,heap     ] GC(12) Survivor regions: 4->4(5)
[2026-05-06T20:33:31.911+0300][17.987s][info][gc,heap     ] GC(12) Old regions: 6->7
[2026-05-06T20:33:31.911+0300][17.987s][info][gc,heap     ] GC(12) Humongous regions: 1->1
[2026-05-06T20:33:31.911+0300][17.987s][info][gc,metaspace] GC(12) Metaspace: 8612K(27776K)->8612K(27776K) NonClass: 6061K(19584K)->6061K(19584K) Class: 2551K(8192K)->2551K(8192K)
[2026-05-06T20:33:31.911+0300][17.987s][info][gc          ] GC(12) Pause Young (Normal) (G1 Evacuation Pause) 44M->10M(64M) 9.052ms
[2026-05-06T20:33:31.911+0300][17.987s][info][gc,cpu      ] GC(12) User=0.01s Sys=0.00s Real=0.01s
[2026-05-06T20:33:32.177+0300][18.254s][info][gc,start    ] GC(13) Pause Young (Normal) (G1 Evacuation Pause)
[2026-05-06T20:33:32.177+0300][18.254s][info][gc,task     ] GC(13) Using 2 workers of 8 for evacuation
[2026-05-06T20:33:32.188+0300][18.265s][info][gc,phases   ] GC(13)   Pre Evacuate Collection Set: 0.18ms
[2026-05-06T20:33:32.188+0300][18.265s][info][gc,phases   ] GC(13)   Merge Heap Roots: 0.10ms
[2026-05-06T20:33:32.188+0300][18.265s][info][gc,phases   ] GC(13)   Evacuate Collection Set: 9.96ms
[2026-05-06T20:33:32.188+0300][18.265s][info][gc,phases   ] GC(13)   Post Evacuate Collection Set: 0.72ms
[2026-05-06T20:33:32.188+0300][18.265s][info][gc,phases   ] GC(13)   Other: 0.11ms
[2026-05-06T20:33:32.188+0300][18.265s][info][gc,heap     ] GC(13) Eden regions: 34->0(34)
[2026-05-06T20:33:32.188+0300][18.265s][info][gc,heap     ] GC(13) Survivor regions: 4->4(5)
[2026-05-06T20:33:32.188+0300][18.265s][info][gc,heap     ] GC(13) Old regions: 7->8
[2026-05-06T20:33:32.188+0300][18.265s][info][gc,heap     ] GC(13) Humongous regions: 1->1
[2026-05-06T20:33:32.188+0300][18.265s][info][gc,metaspace] GC(13) Metaspace: 8922K(29824K)->8922K(29824K) NonClass: 6196K(20928K)->6196K(20928K) Class: 2726K(8896K)->2726K(8896K)
[2026-05-06T20:33:32.188+0300][18.265s][info][gc          ] GC(13) Pause Young (Normal) (G1 Evacuation Pause) 44M->11M(64M) 11.451ms
[2026-05-06T20:33:32.189+0300][18.265s][info][gc,cpu      ] GC(13) User=0.03s Sys=0.00s Real=0.01s
[2026-05-06T20:33:32.474+0300][18.551s][info][gc,start    ] GC(14) Pause Young (Normal) (G1 Evacuation Pause)
[2026-05-06T20:33:32.475+0300][18.551s][info][gc,task     ] GC(14) Using 2 workers of 8 for evacuation
[2026-05-06T20:33:32.483+0300][18.559s][info][gc,phases   ] GC(14)   Pre Evacuate Collection Set: 0.13ms
[2026-05-06T20:33:32.485+0300][18.561s][info][gc,phases   ] GC(14)   Merge Heap Roots: 0.13ms
[2026-05-06T20:33:32.485+0300][18.561s][info][gc,phases   ] GC(14)   Evacuate Collection Set: 7.09ms
[2026-05-06T20:33:32.485+0300][18.561s][info][gc,phases   ] GC(14)   Post Evacuate Collection Set: 0.78ms
[2026-05-06T20:33:32.485+0300][18.561s][info][gc,phases   ] GC(14)   Other: 0.14ms
[2026-05-06T20:33:32.485+0300][18.561s][info][gc,heap     ] GC(14) Eden regions: 34->0(35)
[2026-05-06T20:33:32.485+0300][18.561s][info][gc,heap     ] GC(14) Survivor regions: 4->3(5)
[2026-05-06T20:33:32.485+0300][18.561s][info][gc,heap     ] GC(14) Old regions: 8->9
[2026-05-06T20:33:32.485+0300][18.561s][info][gc,heap     ] GC(14) Humongous regions: 1->1
[2026-05-06T20:33:32.485+0300][18.561s][info][gc,metaspace] GC(14) Metaspace: 9231K(31872K)->9231K(31872K) NonClass: 6330K(22336K)->6330K(22336K) Class: 2901K(9536K)->2901K(9536K)
[2026-05-06T20:33:32.485+0300][18.561s][info][gc          ] GC(14) Pause Young (Normal) (G1 Evacuation Pause) 45M->12M(64M) 10.511ms
[2026-05-06T20:33:32.485+0300][18.561s][info][gc,cpu      ] GC(14) User=0.03s Sys=0.00s Real=0.01s
[2026-05-06T20:33:32.797+0300][18.874s][info][gc,start    ] GC(15) Pause Young (Normal) (G1 Evacuation Pause)
[2026-05-06T20:33:32.797+0300][18.874s][info][gc,task     ] GC(15) Using 2 workers of 8 for evacuation
[2026-05-06T20:33:32.806+0300][18.883s][info][gc,phases   ] GC(15)   Pre Evacuate Collection Set: 0.28ms
[2026-05-06T20:33:32.806+0300][18.883s][info][gc,phases   ] GC(15)   Merge Heap Roots: 0.14ms
[2026-05-06T20:33:32.806+0300][18.883s][info][gc,phases   ] GC(15)   Evacuate Collection Set: 7.55ms
[2026-05-06T20:33:32.806+0300][18.883s][info][gc,phases   ] GC(15)   Post Evacuate Collection Set: 0.68ms
[2026-05-06T20:33:32.806+0300][18.883s][info][gc,phases   ] GC(15)   Other: 0.15ms
[2026-05-06T20:33:32.806+0300][18.883s][info][gc,heap     ] GC(15) Eden regions: 35->0(35)
[2026-05-06T20:33:32.806+0300][18.883s][info][gc,heap     ] GC(15) Survivor regions: 3->3(5)
[2026-05-06T20:33:32.806+0300][18.883s][info][gc,heap     ] GC(15) Old regions: 9->10
[2026-05-06T20:33:32.806+0300][18.883s][info][gc,heap     ] GC(15) Humongous regions: 1->1
[2026-05-06T20:33:32.806+0300][18.883s][info][gc,metaspace] GC(15) Metaspace: 9550K(33984K)->9550K(33984K) NonClass: 6469K(23744K)->6469K(23744K) Class: 3081K(10240K)->3081K(10240K)
[2026-05-06T20:33:32.806+0300][18.883s][info][gc          ] GC(15) Pause Young (Normal) (G1 Evacuation Pause) 47M->13M(64M) 9.219ms
[2026-05-06T20:33:32.806+0300][18.883s][info][gc,cpu      ] GC(15) User=0.02s Sys=0.01s Real=0.00s
[2026-05-06T20:33:33.093+0300][19.169s][info][gc,start    ] GC(16) Pause Young (Concurrent Start) (Metadata GC Threshold)
[2026-05-06T20:33:33.093+0300][19.169s][info][gc,task     ] GC(16) Using 2 workers of 8 for evacuation
[2026-05-06T20:33:33.101+0300][19.178s][info][gc,phases   ] GC(16)   Pre Evacuate Collection Set: 0.19ms
[2026-05-06T20:33:33.101+0300][19.178s][info][gc,phases   ] GC(16)   Merge Heap Roots: 0.09ms
[2026-05-06T20:33:33.101+0300][19.178s][info][gc,phases   ] GC(16)   Evacuate Collection Set: 7.67ms
[2026-05-06T20:33:33.101+0300][19.178s][info][gc,phases   ] GC(16)   Post Evacuate Collection Set: 0.58ms
[2026-05-06T20:33:33.101+0300][19.178s][info][gc,phases   ] GC(16)   Other: 0.16ms
[2026-05-06T20:33:33.101+0300][19.178s][info][gc,heap     ] GC(16) Eden regions: 33->0(35)
[2026-05-06T20:33:33.102+0300][19.178s][info][gc,heap     ] GC(16) Survivor regions: 3->3(5)
[2026-05-06T20:33:33.102+0300][19.178s][info][gc,heap     ] GC(16) Old regions: 10->10
[2026-05-06T20:33:33.102+0300][19.178s][info][gc,heap     ] GC(16) Humongous regions: 1->1
[2026-05-06T20:33:33.102+0300][19.178s][info][gc,metaspace] GC(16) Metaspace: 9848K(35968K)->9848K(35968K) NonClass: 6598K(25024K)->6598K(25024K) Class: 3249K(10944K)->3249K(10944K)
[2026-05-06T20:33:33.102+0300][19.178s][info][gc          ] GC(16) Pause Young (Concurrent Start) (Metadata GC Threshold) 46M->13M(64M) 9.111ms
[2026-05-06T20:33:33.102+0300][19.178s][info][gc,cpu      ] GC(16) User=0.02s Sys=0.00s Real=0.01s
[2026-05-06T20:33:33.102+0300][19.178s][info][gc          ] GC(17) Concurrent Mark Cycle
[2026-05-06T20:33:33.102+0300][19.178s][info][gc,marking  ] GC(17) Concurrent Scan Root Regions
[2026-05-06T20:33:33.105+0300][19.181s][info][gc,marking  ] GC(17) Concurrent Scan Root Regions 2.841ms
[2026-05-06T20:33:33.105+0300][19.181s][info][gc,marking  ] GC(17) Concurrent Mark
[2026-05-06T20:33:33.105+0300][19.181s][info][gc,marking  ] GC(17) Concurrent Mark From Roots
[2026-05-06T20:33:33.105+0300][19.181s][info][gc,task     ] GC(17) Using 2 workers of 2 for marking
[2026-05-06T20:33:33.121+0300][19.197s][info][gc,marking  ] GC(17) Concurrent Mark From Roots 16.117ms
[2026-05-06T20:33:33.121+0300][19.197s][info][gc,marking  ] GC(17) Concurrent Preclean
[2026-05-06T20:33:33.121+0300][19.197s][info][gc,marking  ] GC(17) Concurrent Preclean 0.058ms
[2026-05-06T20:33:33.121+0300][19.198s][info][gc,start    ] GC(17) Pause Remark
[2026-05-06T20:33:33.128+0300][19.205s][info][gc          ] GC(17) Pause Remark 15M->15M(64M) 7.084ms
[2026-05-06T20:33:33.128+0300][19.205s][info][gc,cpu      ] GC(17) User=0.02s Sys=0.00s Real=0.01s
[2026-05-06T20:33:33.128+0300][19.205s][info][gc,marking  ] GC(17) Concurrent Mark 23.763ms
[2026-05-06T20:33:33.128+0300][19.205s][info][gc,marking  ] GC(17) Concurrent Rebuild Remembered Sets and Scrub Regions
[2026-05-06T20:33:33.133+0300][19.210s][info][gc,marking  ] GC(17) Concurrent Rebuild Remembered Sets and Scrub Regions 4.906ms
[2026-05-06T20:33:33.134+0300][19.210s][info][gc,start    ] GC(17) Pause Cleanup
[2026-05-06T20:33:33.134+0300][19.210s][info][gc          ] GC(17) Pause Cleanup 15M->15M(64M) 0.198ms
[2026-05-06T20:33:33.134+0300][19.210s][info][gc,cpu      ] GC(17) User=0.00s Sys=0.00s Real=0.00s
[2026-05-06T20:33:33.135+0300][19.211s][info][gc,marking  ] GC(17) Concurrent Clear Claimed Marks
[2026-05-06T20:33:33.135+0300][19.212s][info][gc,marking  ] GC(17) Concurrent Clear Claimed Marks 0.533ms
[2026-05-06T20:33:33.135+0300][19.212s][info][gc,marking  ] GC(17) Concurrent Cleanup for Next Mark
[2026-05-06T20:33:33.136+0300][19.212s][info][gc,marking  ] GC(17) Concurrent Cleanup for Next Mark 0.273ms
[2026-05-06T20:33:33.136+0300][19.212s][info][gc          ] GC(17) Concurrent Mark Cycle 34.071ms
[2026-05-06T20:33:33.409+0300][19.485s][info][gc,start    ] GC(18) Pause Young (Prepare Mixed) (G1 Evacuation Pause)
[2026-05-06T20:33:33.409+0300][19.485s][info][gc,task     ] GC(18) Using 2 workers of 8 for evacuation
[2026-05-06T20:33:33.416+0300][19.493s][info][gc,phases   ] GC(18)   Pre Evacuate Collection Set: 0.16ms
[2026-05-06T20:33:33.416+0300][19.493s][info][gc,phases   ] GC(18)   Merge Heap Roots: 0.11ms
[2026-05-06T20:33:33.416+0300][19.493s][info][gc,phases   ] GC(18)   Evacuate Collection Set: 6.34ms
[2026-05-06T20:33:33.416+0300][19.493s][info][gc,phases   ] GC(18)   Post Evacuate Collection Set: 0.76ms
[2026-05-06T20:33:33.417+0300][19.493s][info][gc,phases   ] GC(18)   Other: 0.17ms
[2026-05-06T20:33:33.417+0300][19.493s][info][gc,heap     ] GC(18) Eden regions: 35->0(35)
[2026-05-06T20:33:33.417+0300][19.493s][info][gc,heap     ] GC(18) Survivor regions: 3->3(5)
[2026-05-06T20:33:33.417+0300][19.493s][info][gc,heap     ] GC(18) Old regions: 10->11
[2026-05-06T20:33:33.417+0300][19.493s][info][gc,heap     ] GC(18) Humongous regions: 1->1
[2026-05-06T20:33:33.417+0300][19.493s][info][gc,metaspace] GC(18) Metaspace: 10168K(38144K)->10168K(38144K) NonClass: 6738K(26496K)->6738K(26496K) Class: 3430K(11648K)->3430K(11648K)
[2026-05-06T20:33:33.417+0300][19.493s][info][gc          ] GC(18) Pause Young (Prepare Mixed) (G1 Evacuation Pause) 48M->14M(64M) 8.169ms
[2026-05-06T20:33:33.417+0300][19.493s][info][gc,cpu      ] GC(18) User=0.01s Sys=0.01s Real=0.01s
[2026-05-06T20:33:33.690+0300][19.767s][info][gc,start    ] GC(19) Pause Young (Mixed) (G1 Evacuation Pause)
[2026-05-06T20:33:33.690+0300][19.767s][info][gc,task     ] GC(19) Using 2 workers of 8 for evacuation
[2026-05-06T20:33:33.701+0300][19.778s][info][gc,phases   ] GC(19)   Pre Evacuate Collection Set: 0.23ms
[2026-05-06T20:33:33.701+0300][19.778s][info][gc,phases   ] GC(19)   Merge Heap Roots: 0.09ms
[2026-05-06T20:33:33.701+0300][19.778s][info][gc,phases   ] GC(19)   Evacuate Collection Set: 9.60ms
[2026-05-06T20:33:33.701+0300][19.778s][info][gc,phases   ] GC(19)   Post Evacuate Collection Set: 0.77ms
[2026-05-06T20:33:33.701+0300][19.778s][info][gc,phases   ] GC(19)   Other: 0.17ms
[2026-05-06T20:33:33.701+0300][19.778s][info][gc,heap     ] GC(19) Eden regions: 35->0(35)
[2026-05-06T20:33:33.701+0300][19.778s][info][gc,heap     ] GC(19) Survivor regions: 3->3(5)
[2026-05-06T20:33:33.701+0300][19.778s][info][gc,heap     ] GC(19) Old regions: 11->12
[2026-05-06T20:33:33.701+0300][19.778s][info][gc,heap     ] GC(19) Humongous regions: 1->1
[2026-05-06T20:33:33.701+0300][19.778s][info][gc,metaspace] GC(19) Metaspace: 10487K(40256K)->10487K(40256K) NonClass: 6876K(27904K)->6876K(27904K) Class: 3610K(12352K)->3610K(12352K)
[2026-05-06T20:33:33.701+0300][19.778s][info][gc          ] GC(19) Pause Young (Mixed) (G1 Evacuation Pause) 49M->14M(64M) 11.471ms
[2026-05-06T20:33:33.702+0300][19.778s][info][gc,cpu      ] GC(19) User=0.03s Sys=0.00s Real=0.01s
[2026-05-06T20:33:33.978+0300][20.054s][info][gc,start    ] GC(20) Pause Young (Normal) (G1 Evacuation Pause)
[2026-05-06T20:33:33.978+0300][20.054s][info][gc,task     ] GC(20) Using 2 workers of 8 for evacuation
[2026-05-06T20:33:33.986+0300][20.063s][info][gc,phases   ] GC(20)   Pre Evacuate Collection Set: 0.17ms
[2026-05-06T20:33:33.986+0300][20.063s][info][gc,phases   ] GC(20)   Merge Heap Roots: 0.09ms
[2026-05-06T20:33:33.986+0300][20.063s][info][gc,phases   ] GC(20)   Evacuate Collection Set: 6.85ms
[2026-05-06T20:33:33.986+0300][20.063s][info][gc,phases   ] GC(20)   Post Evacuate Collection Set: 0.72ms
[2026-05-06T20:33:33.986+0300][20.063s][info][gc,phases   ] GC(20)   Other: 0.19ms
[2026-05-06T20:33:33.986+0300][20.063s][info][gc,heap     ] GC(20) Eden regions: 35->0(35)
[2026-05-06T20:33:33.986+0300][20.063s][info][gc,heap     ] GC(20) Survivor regions: 3->3(5)
[2026-05-06T20:33:33.986+0300][20.063s][info][gc,heap     ] GC(20) Old regions: 12->12
[2026-05-06T20:33:33.986+0300][20.063s][info][gc,heap     ] GC(20) Humongous regions: 1->1
[2026-05-06T20:33:33.986+0300][20.063s][info][gc,metaspace] GC(20) Metaspace: 10810K(42368K)->10810K(42368K) NonClass: 7017K(29312K)->7017K(29312K) Class: 3793K(13056K)->3793K(13056K)
[2026-05-06T20:33:33.986+0300][20.063s][info][gc          ] GC(20) Pause Young (Normal) (G1 Evacuation Pause) 49M->15M(64M) 8.674ms
[2026-05-06T20:33:33.987+0300][20.063s][info][gc,cpu      ] GC(20) User=0.01s Sys=0.00s Real=0.01s
[2026-05-06T20:33:34.212+0300][20.289s][info][gc,start    ] GC(21) Pause Young (Normal) (G1 Evacuation Pause)
[2026-05-06T20:33:34.212+0300][20.289s][info][gc,task     ] GC(21) Using 2 workers of 8 for evacuation
[2026-05-06T20:33:34.219+0300][20.296s][info][gc,phases   ] GC(21)   Pre Evacuate Collection Set: 0.17ms
[2026-05-06T20:33:34.219+0300][20.296s][info][gc,phases   ] GC(21)   Merge Heap Roots: 0.09ms
[2026-05-06T20:33:34.219+0300][20.296s][info][gc,phases   ] GC(21)   Evacuate Collection Set: 5.74ms
[2026-05-06T20:33:34.219+0300][20.296s][info][gc,phases   ] GC(21)   Post Evacuate Collection Set: 0.55ms
[2026-05-06T20:33:34.219+0300][20.296s][info][gc,phases   ] GC(21)   Other: 0.20ms
[2026-05-06T20:33:34.219+0300][20.296s][info][gc,heap     ] GC(21) Eden regions: 35->0(35)
[2026-05-06T20:33:34.219+0300][20.296s][info][gc,heap     ] GC(21) Survivor regions: 3->3(5)
[2026-05-06T20:33:34.219+0300][20.296s][info][gc,heap     ] GC(21) Old regions: 12->13
[2026-05-06T20:33:34.219+0300][20.296s][info][gc,heap     ] GC(21) Humongous regions: 1->1
[2026-05-06T20:33:34.219+0300][20.296s][info][gc,metaspace] GC(21) Metaspace: 11132K(44608K)->11132K(44608K) NonClass: 7157K(30784K)->7157K(30784K) Class: 3975K(13824K)->3975K(13824K)
[2026-05-06T20:33:34.220+0300][20.296s][info][gc          ] GC(21) Pause Young (Normal) (G1 Evacuation Pause) 50M->16M(64M) 7.362ms
[2026-05-06T20:33:34.220+0300][20.296s][info][gc,cpu      ] GC(21) User=0.01s Sys=0.01s Real=0.01s
[2026-05-06T20:33:34.439+0300][20.515s][info][gc,start    ] GC(22) Pause Young (Normal) (G1 Evacuation Pause)
[2026-05-06T20:33:34.439+0300][20.516s][info][gc,task     ] GC(22) Using 2 workers of 8 for evacuation
[2026-05-06T20:33:34.446+0300][20.522s][info][gc,phases   ] GC(22)   Pre Evacuate Collection Set: 0.24ms
[2026-05-06T20:33:34.446+0300][20.522s][info][gc,phases   ] GC(22)   Merge Heap Roots: 0.14ms
[2026-05-06T20:33:34.446+0300][20.522s][info][gc,phases   ] GC(22)   Evacuate Collection Set: 5.15ms
[2026-05-06T20:33:34.446+0300][20.522s][info][gc,phases   ] GC(22)   Post Evacuate Collection Set: 0.74ms
[2026-05-06T20:33:34.446+0300][20.522s][info][gc,phases   ] GC(22)   Other: 0.16ms
[2026-05-06T20:33:34.446+0300][20.522s][info][gc,heap     ] GC(22) Eden regions: 35->0(35)
[2026-05-06T20:33:34.446+0300][20.522s][info][gc,heap     ] GC(22) Survivor regions: 3->3(5)
[2026-05-06T20:33:34.446+0300][20.522s][info][gc,heap     ] GC(22) Old regions: 13->14
[2026-05-06T20:33:34.446+0300][20.522s][info][gc,heap     ] GC(22) Humongous regions: 1->1
[2026-05-06T20:33:34.446+0300][20.522s][info][gc,metaspace] GC(22) Metaspace: 11455K(46720K)->11455K(46720K) NonClass: 7297K(32192K)->7297K(32192K) Class: 4157K(14528K)->4157K(14528K)
[2026-05-06T20:33:34.446+0300][20.522s][info][gc          ] GC(22) Pause Young (Normal) (G1 Evacuation Pause) 51M->17M(64M) 6.923ms
[2026-05-06T20:33:34.446+0300][20.522s][info][gc,cpu      ] GC(22) User=0.01s Sys=0.00s Real=0.00s
[2026-05-06T20:33:34.693+0300][20.770s][info][gc,start    ] GC(23) Pause Young (Normal) (G1 Evacuation Pause)
[2026-05-06T20:33:34.693+0300][20.770s][info][gc,task     ] GC(23) Using 2 workers of 8 for evacuation
[2026-05-06T20:33:34.702+0300][20.778s][info][gc,phases   ] GC(23)   Pre Evacuate Collection Set: 0.19ms
[2026-05-06T20:33:34.702+0300][20.778s][info][gc,phases   ] GC(23)   Merge Heap Roots: 0.09ms
[2026-05-06T20:33:34.702+0300][20.778s][info][gc,phases   ] GC(23)   Evacuate Collection Set: 7.07ms
[2026-05-06T20:33:34.702+0300][20.778s][info][gc,phases   ] GC(23)   Post Evacuate Collection Set: 0.81ms
[2026-05-06T20:33:34.702+0300][20.778s][info][gc,phases   ] GC(23)   Other: 0.15ms
[2026-05-06T20:33:34.702+0300][20.778s][info][gc,heap     ] GC(23) Eden regions: 35->0(35)
[2026-05-06T20:33:34.702+0300][20.778s][info][gc,heap     ] GC(23) Survivor regions: 3->3(5)
[2026-05-06T20:33:34.702+0300][20.778s][info][gc,heap     ] GC(23) Old regions: 14->15
[2026-05-06T20:33:34.702+0300][20.778s][info][gc,heap     ] GC(23) Humongous regions: 1->1
[2026-05-06T20:33:34.702+0300][20.778s][info][gc,metaspace] GC(23) Metaspace: 11779K(48896K)->11779K(48896K) NonClass: 7438K(33664K)->7438K(33664K) Class: 4341K(15232K)->4341K(15232K)
[2026-05-06T20:33:34.702+0300][20.778s][info][gc          ] GC(23) Pause Young (Normal) (G1 Evacuation Pause) 52M->18M(64M) 8.894ms
[2026-05-06T20:33:34.702+0300][20.779s][info][gc,cpu      ] GC(23) User=0.02s Sys=0.00s Real=0.01s
[2026-05-06T20:33:34.943+0300][21.019s][info][gc,start    ] GC(24) Pause Young (Normal) (G1 Evacuation Pause)
[2026-05-06T20:33:34.943+0300][21.020s][info][gc,task     ] GC(24) Using 2 workers of 8 for evacuation
[2026-05-06T20:33:34.953+0300][21.030s][info][gc,phases   ] GC(24)   Pre Evacuate Collection Set: 0.17ms
[2026-05-06T20:33:34.953+0300][21.030s][info][gc,phases   ] GC(24)   Merge Heap Roots: 0.13ms
[2026-05-06T20:33:34.953+0300][21.030s][info][gc,phases   ] GC(24)   Evacuate Collection Set: 8.89ms
[2026-05-06T20:33:34.953+0300][21.030s][info][gc,phases   ] GC(24)   Post Evacuate Collection Set: 0.66ms
[2026-05-06T20:33:34.953+0300][21.030s][info][gc,phases   ] GC(24)   Other: 0.14ms
[2026-05-06T20:33:34.953+0300][21.030s][info][gc,heap     ] GC(24) Eden regions: 35->0(35)
[2026-05-06T20:33:34.953+0300][21.030s][info][gc,heap     ] GC(24) Survivor regions: 3->3(5)
[2026-05-06T20:33:34.953+0300][21.030s][info][gc,heap     ] GC(24) Old regions: 15->15
[2026-05-06T20:33:34.953+0300][21.030s][info][gc,heap     ] GC(24) Humongous regions: 1->1
[2026-05-06T20:33:34.953+0300][21.030s][info][gc,metaspace] GC(24) Metaspace: 12104K(51008K)->12104K(51008K) NonClass: 7579K(35072K)->7579K(35072K) Class: 4524K(15936K)->4524K(15936K)
[2026-05-06T20:33:34.953+0300][21.030s][info][gc          ] GC(24) Pause Young (Normal) (G1 Evacuation Pause) 53M->18M(64M) 10.391ms
[2026-05-06T20:33:34.953+0300][21.030s][info][gc,cpu      ] GC(24) User=0.01s Sys=0.01s Real=0.01s
[2026-05-06T20:33:35.146+0300][21.223s][info][gc,start    ] GC(25) Pause Young (Normal) (G1 Evacuation Pause)
[2026-05-06T20:33:35.146+0300][21.223s][info][gc,task     ] GC(25) Using 2 workers of 8 for evacuation
[2026-05-06T20:33:35.156+0300][21.232s][info][gc,phases   ] GC(25)   Pre Evacuate Collection Set: 0.18ms
[2026-05-06T20:33:35.156+0300][21.232s][info][gc,phases   ] GC(25)   Merge Heap Roots: 0.12ms
[2026-05-06T20:33:35.156+0300][21.232s][info][gc,phases   ] GC(25)   Evacuate Collection Set: 8.54ms
[2026-05-06T20:33:35.156+0300][21.232s][info][gc,phases   ] GC(25)   Post Evacuate Collection Set: 0.68ms
[2026-05-06T20:33:35.156+0300][21.232s][info][gc,phases   ] GC(25)   Other: 0.12ms
[2026-05-06T20:33:35.156+0300][21.232s][info][gc,heap     ] GC(25) Eden regions: 35->0(35)
[2026-05-06T20:33:35.156+0300][21.233s][info][gc,heap     ] GC(25) Survivor regions: 3->3(5)
[2026-05-06T20:33:35.156+0300][21.233s][info][gc,heap     ] GC(25) Old regions: 15->16
[2026-05-06T20:33:35.156+0300][21.233s][info][gc,heap     ] GC(25) Humongous regions: 1->1
[2026-05-06T20:33:35.156+0300][21.233s][info][gc,metaspace] GC(25) Metaspace: 12428K(53248K)->12428K(53248K) NonClass: 7720K(36544K)->7720K(36544K) Class: 4707K(16704K)->4707K(16704K)
[2026-05-06T20:33:35.156+0300][21.233s][info][gc          ] GC(25) Pause Young (Normal) (G1 Evacuation Pause) 53M->19M(64M) 10.043ms
[2026-05-06T20:33:35.156+0300][21.233s][info][gc,cpu      ] GC(25) User=0.01s Sys=0.01s Real=0.01s
[2026-05-06T20:33:35.334+0300][21.410s][info][gc,start    ] GC(26) Pause Young (Normal) (G1 Evacuation Pause)
[2026-05-06T20:33:35.334+0300][21.411s][info][gc,task     ] GC(26) Using 2 workers of 8 for evacuation
[2026-05-06T20:33:35.342+0300][21.418s][info][gc,phases   ] GC(26)   Pre Evacuate Collection Set: 0.21ms
[2026-05-06T20:33:35.342+0300][21.418s][info][gc,phases   ] GC(26)   Merge Heap Roots: 0.12ms
[2026-05-06T20:33:35.342+0300][21.419s][info][gc,phases   ] GC(26)   Evacuate Collection Set: 6.59ms
[2026-05-06T20:33:35.342+0300][21.419s][info][gc,phases   ] GC(26)   Post Evacuate Collection Set: 0.78ms
[2026-05-06T20:33:35.342+0300][21.419s][info][gc,phases   ] GC(26)   Other: 0.17ms
[2026-05-06T20:33:35.342+0300][21.419s][info][gc,heap     ] GC(26) Eden regions: 35->0(35)
[2026-05-06T20:33:35.342+0300][21.419s][info][gc,heap     ] GC(26) Survivor regions: 3->3(5)
[2026-05-06T20:33:35.342+0300][21.419s][info][gc,heap     ] GC(26) Old regions: 16->17
[2026-05-06T20:33:35.342+0300][21.419s][info][gc,heap     ] GC(26) Humongous regions: 1->1
[2026-05-06T20:33:35.342+0300][21.419s][info][gc,metaspace] GC(26) Metaspace: 12752K(55424K)->12752K(55424K) NonClass: 7861K(38016K)->7861K(38016K) Class: 4891K(17408K)->4891K(17408K)
[2026-05-06T20:33:35.342+0300][21.419s][info][gc          ] GC(26) Pause Young (Normal) (G1 Evacuation Pause) 54M->20M(64M) 8.410ms
[2026-05-06T20:33:35.342+0300][21.419s][info][gc,cpu      ] GC(26) User=0.01s Sys=0.00s Real=0.01s
[2026-05-06T20:33:35.518+0300][21.595s][info][gc,start    ] GC(27) Pause Young (Normal) (G1 Evacuation Pause)
[2026-05-06T20:33:35.518+0300][21.595s][info][gc,task     ] GC(27) Using 2 workers of 8 for evacuation
[2026-05-06T20:33:35.528+0300][21.605s][info][gc,phases   ] GC(27)   Pre Evacuate Collection Set: 0.16ms
[2026-05-06T20:33:35.528+0300][21.605s][info][gc,phases   ] GC(27)   Merge Heap Roots: 0.08ms
[2026-05-06T20:33:35.528+0300][21.605s][info][gc,phases   ] GC(27)   Evacuate Collection Set: 8.71ms
[2026-05-06T20:33:35.528+0300][21.605s][info][gc,phases   ] GC(27)   Post Evacuate Collection Set: 0.72ms
[2026-05-06T20:33:35.528+0300][21.605s][info][gc,phases   ] GC(27)   Other: 0.13ms
[2026-05-06T20:33:35.528+0300][21.605s][info][gc,heap     ] GC(27) Eden regions: 35->0(35)
[2026-05-06T20:33:35.528+0300][21.605s][info][gc,heap     ] GC(27) Survivor regions: 3->3(5)
[2026-05-06T20:33:35.528+0300][21.605s][info][gc,heap     ] GC(27) Old regions: 17->18
[2026-05-06T20:33:35.528+0300][21.605s][info][gc,heap     ] GC(27) Humongous regions: 1->1
[2026-05-06T20:33:35.529+0300][21.605s][info][gc,metaspace] GC(27) Metaspace: 13078K(57536K)->13078K(57536K) NonClass: 8003K(39424K)->8003K(39424K) Class: 5074K(18112K)->5074K(18112K)
[2026-05-06T20:33:35.529+0300][21.605s][info][gc          ] GC(27) Pause Young (Normal) (G1 Evacuation Pause) 55M->21M(64M) 10.505ms
[2026-05-06T20:33:35.529+0300][21.605s][info][gc,cpu      ] GC(27) User=0.02s Sys=0.00s Real=0.01s
[2026-05-06T20:33:35.709+0300][21.785s][info][gc,start    ] GC(28) Pause Young (Normal) (G1 Evacuation Pause)
[2026-05-06T20:33:35.709+0300][21.786s][info][gc,task     ] GC(28) Using 2 workers of 8 for evacuation
[2026-05-06T20:33:35.718+0300][21.794s][info][gc,phases   ] GC(28)   Pre Evacuate Collection Set: 0.16ms
[2026-05-06T20:33:35.718+0300][21.794s][info][gc,phases   ] GC(28)   Merge Heap Roots: 0.11ms
[2026-05-06T20:33:35.718+0300][21.794s][info][gc,phases   ] GC(28)   Evacuate Collection Set: 7.40ms
[2026-05-06T20:33:35.718+0300][21.794s][info][gc,phases   ] GC(28)   Post Evacuate Collection Set: 0.78ms
[2026-05-06T20:33:35.718+0300][21.794s][info][gc,phases   ] GC(28)   Other: 0.18ms
[2026-05-06T20:33:35.718+0300][21.794s][info][gc,heap     ] GC(28) Eden regions: 35->0(35)
[2026-05-06T20:33:35.718+0300][21.795s][info][gc,heap     ] GC(28) Survivor regions: 3->3(5)
[2026-05-06T20:33:35.718+0300][21.795s][info][gc,heap     ] GC(28) Old regions: 18->18
[2026-05-06T20:33:35.718+0300][21.795s][info][gc,heap     ] GC(28) Humongous regions: 1->1
[2026-05-06T20:33:35.718+0300][21.795s][info][gc,metaspace] GC(28) Metaspace: 13402K(59712K)->13402K(59712K) NonClass: 8144K(40896K)->8144K(40896K) Class: 5258K(18816K)->5258K(18816K)
[2026-05-06T20:33:35.718+0300][21.795s][info][gc          ] GC(28) Pause Young (Normal) (G1 Evacuation Pause) 56M->21M(64M) 9.176ms
[2026-05-06T20:33:35.718+0300][21.795s][info][gc,cpu      ] GC(28) User=0.01s Sys=0.01s Real=0.01s
[2026-05-06T20:33:35.749+0300][21.825s][info][gc,start    ] GC(29) Pause Young (Concurrent Start) (Metadata GC Threshold)
[2026-05-06T20:33:35.749+0300][21.825s][info][gc,task     ] GC(29) Using 2 workers of 8 for evacuation
[2026-05-06T20:33:35.759+0300][21.836s][info][gc,phases   ] GC(29)   Pre Evacuate Collection Set: 0.22ms
[2026-05-06T20:33:35.760+0300][21.836s][info][gc,phases   ] GC(29)   Merge Heap Roots: 0.09ms
[2026-05-06T20:33:35.760+0300][21.836s][info][gc,phases   ] GC(29)   Evacuate Collection Set: 9.31ms
[2026-05-06T20:33:35.760+0300][21.836s][info][gc,phases   ] GC(29)   Post Evacuate Collection Set: 0.70ms
[2026-05-06T20:33:35.760+0300][21.836s][info][gc,phases   ] GC(29)   Other: 0.22ms
[2026-05-06T20:33:35.760+0300][21.836s][info][gc,heap     ] GC(29) Eden regions: 7->0(35)
[2026-05-06T20:33:35.760+0300][21.836s][info][gc,heap     ] GC(29) Survivor regions: 3->3(5)
[2026-05-06T20:33:35.760+0300][21.836s][info][gc,heap     ] GC(29) Old regions: 18->19
[2026-05-06T20:33:35.760+0300][21.836s][info][gc,heap     ] GC(29) Humongous regions: 1->1
[2026-05-06T20:33:35.760+0300][21.836s][info][gc,metaspace] GC(29) Metaspace: 13461K(60096K)->13461K(60096K) NonClass: 8169K(41152K)->8169K(41152K) Class: 5291K(18944K)->5291K(18944K)
[2026-05-06T20:33:35.760+0300][21.836s][info][gc          ] GC(29) Pause Young (Concurrent Start) (Metadata GC Threshold) 28M->21M(64M) 11.068ms
[2026-05-06T20:33:35.760+0300][21.836s][info][gc,cpu      ] GC(29) User=0.02s Sys=0.01s Real=0.01s
[2026-05-06T20:33:35.760+0300][21.836s][info][gc          ] GC(30) Concurrent Mark Cycle
[2026-05-06T20:33:35.760+0300][21.837s][info][gc,marking  ] GC(30) Concurrent Scan Root Regions
[2026-05-06T20:33:35.763+0300][21.839s][info][gc,marking  ] GC(30) Concurrent Scan Root Regions 2.963ms
[2026-05-06T20:33:35.763+0300][21.840s][info][gc,marking  ] GC(30) Concurrent Mark
[2026-05-06T20:33:35.763+0300][21.840s][info][gc,marking  ] GC(30) Concurrent Mark From Roots
[2026-05-06T20:33:35.763+0300][21.840s][info][gc,task     ] GC(30) Using 2 workers of 2 for marking
[2026-05-06T20:33:35.791+0300][21.868s][info][gc,marking  ] GC(30) Concurrent Mark From Roots 27.968ms
[2026-05-06T20:33:35.791+0300][21.868s][info][gc,marking  ] GC(30) Concurrent Preclean
[2026-05-06T20:33:35.791+0300][21.868s][info][gc,marking  ] GC(30) Concurrent Preclean 0.072ms
[2026-05-06T20:33:35.791+0300][21.868s][info][gc,start    ] GC(30) Pause Remark
[2026-05-06T20:33:35.798+0300][21.875s][info][gc          ] GC(30) Pause Remark 26M->26M(64M) 6.928ms
[2026-05-06T20:33:35.798+0300][21.875s][info][gc,cpu      ] GC(30) User=0.01s Sys=0.00s Real=0.01s
[2026-05-06T20:33:35.799+0300][21.875s][info][gc,marking  ] GC(30) Concurrent Mark 35.780ms
[2026-05-06T20:33:35.799+0300][21.875s][info][gc,marking  ] GC(30) Concurrent Rebuild Remembered Sets and Scrub Regions
[2026-05-06T20:33:35.808+0300][21.885s][info][gc,marking  ] GC(30) Concurrent Rebuild Remembered Sets and Scrub Regions 9.110ms
[2026-05-06T20:33:35.808+0300][21.885s][info][gc,start    ] GC(30) Pause Cleanup
[2026-05-06T20:33:35.809+0300][21.885s][info][gc          ] GC(30) Pause Cleanup 28M->28M(64M) 0.381ms
[2026-05-06T20:33:35.809+0300][21.885s][info][gc,cpu      ] GC(30) User=0.00s Sys=0.00s Real=0.00s
[2026-05-06T20:33:35.809+0300][21.885s][info][gc,marking  ] GC(30) Concurrent Clear Claimed Marks
[2026-05-06T20:33:35.810+0300][21.886s][info][gc,marking  ] GC(30) Concurrent Clear Claimed Marks 0.779ms
[2026-05-06T20:33:35.810+0300][21.886s][info][gc,marking  ] GC(30) Concurrent Cleanup for Next Mark
[2026-05-06T20:33:35.810+0300][21.887s][info][gc,marking  ] GC(30) Concurrent Cleanup for Next Mark 0.295ms
[2026-05-06T20:33:35.810+0300][21.887s][info][gc          ] GC(30) Concurrent Mark Cycle 50.188ms
[2026-05-06T20:33:35.949+0300][22.025s][info][gc,start    ] GC(31) Pause Young (Prepare Mixed) (G1 Evacuation Pause)
[2026-05-06T20:33:35.949+0300][22.025s][info][gc,task     ] GC(31) Using 2 workers of 8 for evacuation
[2026-05-06T20:33:35.955+0300][22.032s][info][gc,phases   ] GC(31)   Pre Evacuate Collection Set: 0.16ms
[2026-05-06T20:33:35.955+0300][22.032s][info][gc,phases   ] GC(31)   Merge Heap Roots: 0.09ms
[2026-05-06T20:33:35.955+0300][22.032s][info][gc,phases   ] GC(31)   Evacuate Collection Set: 5.28ms
[2026-05-06T20:33:35.955+0300][22.032s][info][gc,phases   ] GC(31)   Post Evacuate Collection Set: 0.71ms
[2026-05-06T20:33:35.955+0300][22.032s][info][gc,phases   ] GC(31)   Other: 0.16ms
[2026-05-06T20:33:35.955+0300][22.032s][info][gc,heap     ] GC(31) Eden regions: 35->0(35)
[2026-05-06T20:33:35.955+0300][22.032s][info][gc,heap     ] GC(31) Survivor regions: 3->3(5)
[2026-05-06T20:33:35.955+0300][22.032s][info][gc,heap     ] GC(31) Old regions: 19->19
[2026-05-06T20:33:35.955+0300][22.032s][info][gc,heap     ] GC(31) Humongous regions: 1->1
[2026-05-06T20:33:35.956+0300][22.032s][info][gc,metaspace] GC(31) Metaspace: 13808K(62336K)->13808K(62336K) NonClass: 8334K(42624K)->8334K(42624K) Class: 5474K(19712K)->5474K(19712K)
[2026-05-06T20:33:35.956+0300][22.032s][info][gc          ] GC(31) Pause Young (Prepare Mixed) (G1 Evacuation Pause) 56M->22M(64M) 6.962ms
[2026-05-06T20:33:35.956+0300][22.032s][info][gc,cpu      ] GC(31) User=0.01s Sys=0.00s Real=0.00s
[2026-05-06T20:33:36.139+0300][22.216s][info][gc,start    ] GC(32) Pause Young (Mixed) (G1 Evacuation Pause)
[2026-05-06T20:33:36.139+0300][22.216s][info][gc,task     ] GC(32) Using 2 workers of 8 for evacuation
[2026-05-06T20:33:36.149+0300][22.226s][info][gc,phases   ] GC(32)   Pre Evacuate Collection Set: 0.19ms
[2026-05-06T20:33:36.150+0300][22.226s][info][gc,phases   ] GC(32)   Merge Heap Roots: 0.12ms
[2026-05-06T20:33:36.150+0300][22.226s][info][gc,phases   ] GC(32)   Evacuate Collection Set: 8.83ms
[2026-05-06T20:33:36.150+0300][22.226s][info][gc,phases   ] GC(32)   Post Evacuate Collection Set: 0.68ms
[2026-05-06T20:33:36.150+0300][22.226s][info][gc,phases   ] GC(32)   Other: 0.17ms
[2026-05-06T20:33:36.150+0300][22.226s][info][gc,heap     ] GC(32) Eden regions: 35->0(35)
[2026-05-06T20:33:36.150+0300][22.226s][info][gc,heap     ] GC(32) Survivor regions: 3->3(5)
[2026-05-06T20:33:36.150+0300][22.226s][info][gc,heap     ] GC(32) Old regions: 19->20
[2026-05-06T20:33:36.150+0300][22.226s][info][gc,heap     ] GC(32) Humongous regions: 1->1
[2026-05-06T20:33:36.150+0300][22.226s][info][gc,metaspace] GC(32) Metaspace: 14133K(64448K)->14133K(64448K) NonClass: 8475K(44032K)->8475K(44032K) Class: 5658K(20416K)->5658K(20416K)
[2026-05-06T20:33:36.150+0300][22.226s][info][gc          ] GC(32) Pause Young (Mixed) (G1 Evacuation Pause) 57M->23M(64M) 10.427ms
[2026-05-06T20:33:36.150+0300][22.226s][info][gc,cpu      ] GC(32) User=0.01s Sys=0.00s Real=0.01s
[2026-05-06T20:33:36.241+0300][22.318s][info][gc,start    ] GC(33) Pause Young (Concurrent Start) (Metadata GC Threshold)
[2026-05-06T20:33:36.241+0300][22.318s][info][gc,task     ] GC(33) Using 2 workers of 8 for evacuation
[2026-05-06T20:33:36.250+0300][22.326s][info][gc,phases   ] GC(33)   Pre Evacuate Collection Set: 0.16ms
[2026-05-06T20:33:36.250+0300][22.326s][info][gc,phases   ] GC(33)   Merge Heap Roots: 0.07ms
[2026-05-06T20:33:36.250+0300][22.326s][info][gc,phases   ] GC(33)   Evacuate Collection Set: 7.29ms
[2026-05-06T20:33:36.250+0300][22.326s][info][gc,phases   ] GC(33)   Post Evacuate Collection Set: 0.76ms
[2026-05-06T20:33:36.250+0300][22.326s][info][gc,phases   ] GC(33)   Other: 0.20ms
[2026-05-06T20:33:36.250+0300][22.326s][info][gc,heap     ] GC(33) Eden regions: 18->0(35)
[2026-05-06T20:33:36.250+0300][22.326s][info][gc,heap     ] GC(33) Survivor regions: 3->3(5)
[2026-05-06T20:33:36.250+0300][22.326s][info][gc,heap     ] GC(33) Old regions: 20->20
[2026-05-06T20:33:36.250+0300][22.326s][info][gc,heap     ] GC(33) Humongous regions: 1->1
[2026-05-06T20:33:36.250+0300][22.326s][info][gc,metaspace] GC(33) Metaspace: 14293K(65536K)->14293K(65536K) NonClass: 8544K(44736K)->8544K(44736K) Class: 5748K(20800K)->5748K(20800K)
[2026-05-06T20:33:36.250+0300][22.326s][info][gc          ] GC(33) Pause Young (Concurrent Start) (Metadata GC Threshold) 40M->23M(64M) 8.862ms
[2026-05-06T20:33:36.250+0300][22.326s][info][gc,cpu      ] GC(33) User=0.03s Sys=0.00s Real=0.01s
[2026-05-06T20:33:36.250+0300][22.326s][info][gc,start    ] GC(35) Pause Full (Metadata GC Threshold)
[2026-05-06T20:33:36.250+0300][22.326s][info][gc          ] GC(34) Concurrent Mark Cycle
[2026-05-06T20:33:36.250+0300][22.326s][info][gc,task     ] GC(35) Using 2 workers of 8 for full compaction
[2026-05-06T20:33:36.250+0300][22.327s][info][gc,marking  ] GC(34) Concurrent Scan Root Regions
[2026-05-06T20:33:36.252+0300][22.328s][info][gc,marking  ] GC(34) Concurrent Scan Root Regions 1.924ms
[2026-05-06T20:33:36.252+0300][22.329s][info][gc,marking  ] GC(34) Concurrent Mark
[2026-05-06T20:33:36.252+0300][22.329s][info][gc,marking  ] GC(34) Concurrent Mark From Roots
[2026-05-06T20:33:36.252+0300][22.329s][info][gc,task     ] GC(34) Using 2 workers of 2 for marking
[2026-05-06T20:33:36.252+0300][22.329s][info][gc,phases,start] GC(35) Phase 1: Mark live objects
[2026-05-06T20:33:36.287+0300][22.363s][info][gc,phases      ] GC(35) Phase 1: Mark live objects 34.247ms
[2026-05-06T20:33:36.287+0300][22.363s][info][gc,phases,start] GC(35) Phase 2: Prepare compaction
[2026-05-06T20:33:36.289+0300][22.366s][info][gc,phases      ] GC(35) Phase 2: Prepare compaction 2.393ms
[2026-05-06T20:33:36.289+0300][22.366s][info][gc,phases,start] GC(35) Phase 3: Adjust pointers
[2026-05-06T20:33:36.302+0300][22.379s][info][gc,phases      ] GC(35) Phase 3: Adjust pointers 12.916ms
[2026-05-06T20:33:36.302+0300][22.379s][info][gc,phases,start] GC(35) Phase 4: Compact heap
[2026-05-06T20:33:36.309+0300][22.386s][info][gc,phases      ] GC(35) Phase 4: Compact heap 6.983ms
[2026-05-06T20:33:36.309+0300][22.386s][info][gc,phases,start] GC(35) Phase 5: Reset Metadata
[2026-05-06T20:33:36.312+0300][22.388s][info][gc,phases      ] GC(35) Phase 5: Reset Metadata 2.372ms
[2026-05-06T20:33:36.316+0300][22.392s][info][gc,heap        ] GC(35) Eden regions: 0->0(38)
[2026-05-06T20:33:36.316+0300][22.392s][info][gc,heap        ] GC(35) Survivor regions: 3->0(5)
[2026-05-06T20:33:36.316+0300][22.392s][info][gc,heap        ] GC(35) Old regions: 20->21
[2026-05-06T20:33:36.316+0300][22.392s][info][gc,heap        ] GC(35) Humongous regions: 1->1
[2026-05-06T20:33:36.316+0300][22.392s][info][gc,metaspace   ] GC(35) Metaspace: 14293K(65536K)->14293K(65536K) NonClass: 8544K(44736K)->8544K(44736K) Class: 5748K(20800K)->5748K(20800K)
[2026-05-06T20:33:36.316+0300][22.392s][info][gc             ] GC(35) Pause Full (Metadata GC Threshold) 23M->21M(64M) 65.875ms
[2026-05-06T20:33:36.316+0300][22.392s][info][gc,cpu         ] GC(35) User=0.11s Sys=0.01s Real=0.06s
[2026-05-06T20:33:36.316+0300][22.392s][info][gc,start       ] GC(36) Pause Full (Metadata GC Clear Soft References)
[2026-05-06T20:33:36.316+0300][22.392s][info][gc,task        ] GC(36) Using 2 workers of 8 for full compaction
[2026-05-06T20:33:36.316+0300][22.393s][info][gc,phases,start] GC(36) Phase 1: Mark live objects
[2026-05-06T20:33:36.350+0300][22.426s][info][gc,phases      ] GC(36) Phase 1: Mark live objects 33.789ms
[2026-05-06T20:33:36.350+0300][22.427s][info][gc,phases,start] GC(36) Phase 2: Prepare compaction
[2026-05-06T20:33:36.351+0300][22.428s][info][gc,phases      ] GC(36) Phase 2: Prepare compaction 1.254ms
[2026-05-06T20:33:36.351+0300][22.428s][info][gc,phases,start] GC(36) Phase 3: Adjust pointers
[2026-05-06T20:33:36.360+0300][22.437s][info][gc,phases      ] GC(36) Phase 3: Adjust pointers 8.966ms
[2026-05-06T20:33:36.360+0300][22.437s][info][gc,phases,start] GC(36) Phase 4: Compact heap
[2026-05-06T20:33:36.362+0300][22.439s][info][gc,phases      ] GC(36) Phase 4: Compact heap 1.506ms
[2026-05-06T20:33:36.362+0300][22.439s][info][gc,phases,start] GC(36) Phase 5: Reset Metadata
[2026-05-06T20:33:36.366+0300][22.442s][info][gc,phases      ] GC(36) Phase 5: Reset Metadata 3.639ms
[2026-05-06T20:33:36.370+0300][22.446s][info][gc,heap        ] GC(36) Eden regions: 0->0(38)
[2026-05-06T20:33:36.370+0300][22.446s][info][gc,heap        ] GC(36) Survivor regions: 0->0(5)
[2026-05-06T20:33:36.370+0300][22.446s][info][gc,heap        ] GC(36) Old regions: 21->21
[2026-05-06T20:33:36.370+0300][22.446s][info][gc,heap        ] GC(36) Humongous regions: 1->1
[2026-05-06T20:33:36.370+0300][22.446s][info][gc,metaspace   ] GC(36) Metaspace: 14293K(65536K)->14255K(65536K) NonClass: 8544K(44736K)->8517K(44736K) Class: 5748K(20800K)->5737K(20800K)
[2026-05-06T20:33:36.370+0300][22.446s][info][gc             ] GC(36) Pause Full (Metadata GC Clear Soft References) 21M->21M(64M) 53.892ms
[2026-05-06T20:33:36.370+0300][22.446s][info][gc,cpu         ] GC(36) User=0.10s Sys=0.00s Real=0.06s
[2026-05-06T20:33:36.370+0300][22.447s][info][gc,marking     ] GC(34) Concurrent Mark From Roots 117.944ms
[2026-05-06T20:33:36.370+0300][22.447s][info][gc,marking     ] GC(34) Concurrent Mark Abort
[2026-05-06T20:33:36.370+0300][22.447s][info][gc             ] GC(34) Concurrent Mark Cycle 120.149ms
[2026-05-06T20:33:36.382+0300][22.458s][info][gc,start       ] GC(37) Pause Young (Concurrent Start) (Metadata GC Threshold)
[2026-05-06T20:33:36.382+0300][22.459s][info][gc,task        ] GC(37) Using 2 workers of 8 for evacuation
[2026-05-06T20:33:36.386+0300][22.462s][info][gc,phases      ] GC(37)   Pre Evacuate Collection Set: 0.17ms
[2026-05-06T20:33:36.386+0300][22.462s][info][gc,phases      ] GC(37)   Merge Heap Roots: 0.08ms
[2026-05-06T20:33:36.386+0300][22.462s][info][gc,phases      ] GC(37)   Evacuate Collection Set: 2.80ms
[2026-05-06T20:33:36.386+0300][22.462s][info][gc,phases      ] GC(37)   Post Evacuate Collection Set: 0.54ms
[2026-05-06T20:33:36.386+0300][22.462s][info][gc,phases      ] GC(37)   Other: 0.18ms
[2026-05-06T20:33:36.386+0300][22.462s][info][gc,heap        ] GC(37) Eden regions: 2->0(37)
[2026-05-06T20:33:36.386+0300][22.462s][info][gc,heap        ] GC(37) Survivor regions: 0->1(5)
[2026-05-06T20:33:36.386+0300][22.463s][info][gc,heap        ] GC(37) Old regions: 21->21
[2026-05-06T20:33:36.386+0300][22.463s][info][gc,heap        ] GC(37) Humongous regions: 1->1
[2026-05-06T20:33:36.386+0300][22.463s][info][gc,metaspace   ] GC(37) Metaspace: 14269K(65536K)->14269K(65536K) NonClass: 8523K(44736K)->8523K(44736K) Class: 5745K(20800K)->5745K(20800K)
[2026-05-06T20:33:36.386+0300][22.463s][info][gc             ] GC(37) Pause Young (Concurrent Start) (Metadata GC Threshold) 22M->21M(64M) 4.137ms
[2026-05-06T20:33:36.386+0300][22.463s][info][gc,cpu         ] GC(37) User=0.01s Sys=0.00s Real=0.00s
[2026-05-06T20:33:36.386+0300][22.463s][info][gc             ] GC(38) Concurrent Mark Cycle
[2026-05-06T20:33:36.386+0300][22.463s][info][gc,start       ] GC(39) Pause Full (Metadata GC Threshold)
[2026-05-06T20:33:36.386+0300][22.463s][info][gc,marking     ] GC(38) Concurrent Scan Root Regions
[2026-05-06T20:33:36.386+0300][22.463s][info][gc,task        ] GC(39) Using 2 workers of 8 for full compaction
[2026-05-06T20:33:36.386+0300][22.463s][info][gc,marking     ] GC(38) Concurrent Scan Root Regions 0.242ms
[2026-05-06T20:33:36.386+0300][22.463s][info][gc,marking     ] GC(38) Concurrent Mark
[2026-05-06T20:33:36.386+0300][22.463s][info][gc,marking     ] GC(38) Concurrent Mark From Roots
[2026-05-06T20:33:36.387+0300][22.463s][info][gc,task        ] GC(38) Using 2 workers of 2 for marking
[2026-05-06T20:33:36.387+0300][22.463s][info][gc,phases,start] GC(39) Phase 1: Mark live objects
[2026-05-06T20:33:36.418+0300][22.495s][info][gc,phases      ] GC(39) Phase 1: Mark live objects 31.421ms
[2026-05-06T20:33:36.418+0300][22.495s][info][gc,phases,start] GC(39) Phase 2: Prepare compaction
[2026-05-06T20:33:36.419+0300][22.495s][info][gc,phases      ] GC(39) Phase 2: Prepare compaction 0.646ms
[2026-05-06T20:33:36.419+0300][22.495s][info][gc,phases,start] GC(39) Phase 3: Adjust pointers
[2026-05-06T20:33:36.427+0300][22.503s][info][gc,phases      ] GC(39) Phase 3: Adjust pointers 8.039ms
[2026-05-06T20:33:36.427+0300][22.503s][info][gc,phases,start] GC(39) Phase 4: Compact heap
[2026-05-06T20:33:36.427+0300][22.504s][info][gc,phases      ] GC(39) Phase 4: Compact heap 0.259ms
[2026-05-06T20:33:36.427+0300][22.504s][info][gc,phases,start] GC(39) Phase 5: Reset Metadata
[2026-05-06T20:33:36.431+0300][22.507s][info][gc,phases      ] GC(39) Phase 5: Reset Metadata 3.506ms
[2026-05-06T20:33:36.434+0300][22.510s][info][gc,heap        ] GC(39) Eden regions: 0->0(38)
[2026-05-06T20:33:36.434+0300][22.511s][info][gc,heap        ] GC(39) Survivor regions: 1->0(5)
[2026-05-06T20:33:36.434+0300][22.511s][info][gc,heap        ] GC(39) Old regions: 21->21
[2026-05-06T20:33:36.434+0300][22.511s][info][gc,heap        ] GC(39) Humongous regions: 1->1
[2026-05-06T20:33:36.434+0300][22.511s][info][gc,metaspace   ] GC(39) Metaspace: 14269K(65536K)->14269K(65536K) NonClass: 8523K(44736K)->8523K(44736K) Class: 5745K(20800K)->5745K(20800K)
[2026-05-06T20:33:36.434+0300][22.511s][info][gc             ] GC(39) Pause Full (Metadata GC Threshold) 21M->21M(64M) 47.979ms
[2026-05-06T20:33:36.434+0300][22.511s][info][gc,cpu         ] GC(39) User=0.09s Sys=0.00s Real=0.05s
[2026-05-06T20:33:36.434+0300][22.511s][info][gc,start       ] GC(40) Pause Full (Metadata GC Clear Soft References)
[2026-05-06T20:33:36.434+0300][22.511s][info][gc,task        ] GC(40) Using 2 workers of 8 for full compaction
[2026-05-06T20:33:36.434+0300][22.511s][info][gc,phases,start] GC(40) Phase 1: Mark live objects
[2026-05-06T20:33:36.461+0300][22.537s][info][gc,phases      ] GC(40) Phase 1: Mark live objects 26.423ms
[2026-05-06T20:33:36.461+0300][22.538s][info][gc,phases,start] GC(40) Phase 2: Prepare compaction
[2026-05-06T20:33:36.462+0300][22.539s][info][gc,phases      ] GC(40) Phase 2: Prepare compaction 0.962ms
[2026-05-06T20:33:36.462+0300][22.539s][info][gc,phases,start] GC(40) Phase 3: Adjust pointers
[2026-05-06T20:33:36.476+0300][22.553s][info][gc,phases      ] GC(40) Phase 3: Adjust pointers 13.899ms
[2026-05-06T20:33:36.476+0300][22.553s][info][gc,phases,start] GC(40) Phase 4: Compact heap
[2026-05-06T20:33:36.476+0300][22.553s][info][gc,phases      ] GC(40) Phase 4: Compact heap 0.416ms
[2026-05-06T20:33:36.477+0300][22.553s][info][gc,phases,start] GC(40) Phase 5: Reset Metadata
[2026-05-06T20:33:36.482+0300][22.558s][info][gc,phases      ] GC(40) Phase 5: Reset Metadata 5.154ms
[2026-05-06T20:33:36.485+0300][22.562s][info][gc,heap        ] GC(40) Eden regions: 0->0(38)
[2026-05-06T20:33:36.485+0300][22.562s][info][gc,heap        ] GC(40) Survivor regions: 0->0(5)
[2026-05-06T20:33:36.485+0300][22.562s][info][gc,heap        ] GC(40) Old regions: 21->21
[2026-05-06T20:33:36.485+0300][22.562s][info][gc,heap        ] GC(40) Humongous regions: 1->1
[2026-05-06T20:33:36.485+0300][22.562s][info][gc,metaspace   ] GC(40) Metaspace: 14269K(65536K)->14269K(65536K) NonClass: 8523K(44736K)->8523K(44736K) Class: 5745K(20800K)->5745K(20800K)
[2026-05-06T20:33:36.485+0300][22.562s][info][gc             ] GC(40) Pause Full (Metadata GC Clear Soft References) 21M->21M(64M) 51.058ms
[2026-05-06T20:33:36.485+0300][22.562s][info][gc,cpu         ] GC(40) User=0.10s Sys=0.00s Real=0.05s
[2026-05-06T20:33:36.485+0300][22.562s][info][gc,marking     ] GC(38) Concurrent Mark From Roots 98.890ms
[2026-05-06T20:33:36.485+0300][22.562s][info][gc,marking     ] GC(38) Concurrent Mark Abort
[2026-05-06T20:33:36.485+0300][22.562s][info][gc             ] GC(38) Concurrent Mark Cycle 99.355ms
[2026-05-06T20:33:36.485+0300][22.562s][info][gc,metaspace,freelist,oom] Metaspace (data) allocation failed for size 3
[2026-05-06T20:33:36.486+0300][22.562s][info][gc,metaspace,freelist,oom] 
[2026-05-06T20:33:36.486+0300][22.562s][info][gc,metaspace,freelist,oom] Usage:
[2026-05-06T20:33:36.486+0300][22.562s][info][gc,metaspace,freelist,oom]   Non-class:      8.32 MB used.
[2026-05-06T20:33:36.486+0300][22.562s][info][gc,metaspace,freelist,oom]       Class:      5.61 MB used.
[2026-05-06T20:33:36.486+0300][22.562s][info][gc,metaspace,freelist,oom]        Both:     13.93 MB used.
[2026-05-06T20:33:36.486+0300][22.562s][info][gc,metaspace,freelist,oom] 
[2026-05-06T20:33:36.486+0300][22.562s][info][gc,metaspace,freelist,oom] Virtual space:
[2026-05-06T20:33:36.486+0300][22.562s][info][gc,metaspace,freelist,oom]   Non-class space:       64.00 MB reserved,      43.69 MB ( 68%) committed,  1 nodes.
[2026-05-06T20:33:36.486+0300][22.562s][info][gc,metaspace,freelist,oom]       Class space:       64.00 MB reserved,      20.31 MB ( 32%) committed,  1 nodes.
[2026-05-06T20:33:36.486+0300][22.562s][info][gc,metaspace,freelist,oom]              Both:      128.00 MB reserved,      64.00 MB ( 50%) committed. 
[2026-05-06T20:33:36.486+0300][22.562s][info][gc,metaspace,freelist,oom] 
[2026-05-06T20:33:36.486+0300][22.562s][info][gc,metaspace,freelist,oom] Chunk freelists:
[2026-05-06T20:33:36.486+0300][22.562s][info][gc,metaspace,freelist,oom]    Non-Class:  2.00 MB
[2026-05-06T20:33:36.486+0300][22.562s][info][gc,metaspace,freelist,oom]        Class:  11.62 MB
[2026-05-06T20:33:36.486+0300][22.562s][info][gc,metaspace,freelist,oom]         Both:  13.62 MB
[2026-05-06T20:33:36.486+0300][22.563s][info][gc,metaspace,freelist,oom] 
[2026-05-06T20:33:36.486+0300][22.563s][info][gc,metaspace,freelist,oom] MaxMetaspaceSize: 64.00 MB
[2026-05-06T20:33:36.486+0300][22.563s][info][gc,metaspace,freelist,oom] CompressedClassSpaceSize: 64.00 MB
[2026-05-06T20:33:36.486+0300][22.563s][info][gc,metaspace,freelist,oom] Initial GC threshold: 21.00 MB
[2026-05-06T20:33:36.486+0300][22.563s][info][gc,metaspace,freelist,oom] Current GC threshold: 64.00 MB
[2026-05-06T20:33:36.486+0300][22.563s][info][gc,metaspace,freelist,oom] CDS: on
[2026-05-06T20:33:36.486+0300][22.563s][info][gc,metaspace,freelist,oom]  - commit_granule_bytes: 65536.
[2026-05-06T20:33:36.486+0300][22.563s][info][gc,metaspace,freelist,oom]  - commit_granule_words: 8192.
[2026-05-06T20:33:36.486+0300][22.563s][info][gc,metaspace,freelist,oom]  - virtual_space_node_default_size: 8388608.
[2026-05-06T20:33:36.486+0300][22.563s][info][gc,metaspace,freelist,oom]  - enlarge_chunks_in_place: 1.
[2026-05-06T20:33:36.486+0300][22.563s][info][gc,metaspace,freelist,oom]  - use_allocation_guard: 0.
[2026-05-06T20:33:36.486+0300][22.563s][info][gc,metaspace,freelist,oom] 
[2026-05-06T20:33:36.486+0300][22.563s][info][gc,metaspace,freelist,oom] 
[2026-05-06T20:33:36.486+0300][22.563s][info][gc,metaspace,freelist,oom] Internal statistics:
[2026-05-06T20:33:36.486+0300][22.563s][info][gc,metaspace,freelist,oom] 
[2026-05-06T20:33:36.486+0300][22.563s][info][gc,metaspace,freelist,oom] num_allocs_failed_limit: 22.
[2026-05-06T20:33:36.486+0300][22.563s][info][gc,metaspace,freelist,oom] num_arena_births: 20180.
[2026-05-06T20:33:36.486+0300][22.563s][info][gc,metaspace,freelist,oom] num_arena_deaths: 60.
[2026-05-06T20:33:36.486+0300][22.563s][info][gc,metaspace,freelist,oom] num_vsnodes_births: 2.
[2026-05-06T20:33:36.486+0300][22.563s][info][gc,metaspace,freelist,oom] num_vsnodes_deaths: 0.
[2026-05-06T20:33:36.487+0300][22.563s][info][gc,metaspace,freelist,oom] num_space_committed: 1024.
[2026-05-06T20:33:36.487+0300][22.563s][info][gc,metaspace,freelist,oom] num_space_uncommitted: 0.
[2026-05-06T20:33:36.487+0300][22.563s][info][gc,metaspace,freelist,oom] num_chunks_returned_to_freelist: 82.
[2026-05-06T20:33:36.487+0300][22.563s][info][gc,metaspace,freelist,oom] num_chunks_taken_from_freelist: 20346.
[2026-05-06T20:33:36.487+0300][22.563s][info][gc,metaspace,freelist,oom] num_chunk_merges: 42.
[2026-05-06T20:33:36.487+0300][22.563s][info][gc,metaspace,freelist,oom] num_chunk_splits: 10229.
[2026-05-06T20:33:36.487+0300][22.563s][info][gc,metaspace,freelist,oom] num_chunks_enlarged: 136.
[2026-05-06T20:33:36.487+0300][22.563s][info][gc,metaspace,freelist,oom] num_inconsistent_stats: 0.
[2026-05-06T20:33:36.487+0300][22.563s][info][gc,metaspace,freelist,oom] 
[2026-05-06T20:33:36.489+0300][22.566s][info][gc,start                 ] GC(41) Pause Young (Concurrent Start) (Metadata GC Threshold)
[2026-05-06T20:33:36.489+0300][22.566s][info][gc,task                  ] GC(41) Using 2 workers of 8 for evacuation
[2026-05-06T20:33:36.494+0300][22.570s][info][gc,phases                ] GC(41)   Pre Evacuate Collection Set: 0.29ms
[2026-05-06T20:33:36.494+0300][22.570s][info][gc,phases                ] GC(41)   Merge Heap Roots: 0.05ms
[2026-05-06T20:33:36.494+0300][22.570s][info][gc,phases                ] GC(41)   Evacuate Collection Set: 3.00ms
[2026-05-06T20:33:36.494+0300][22.570s][info][gc,phases                ] GC(41)   Post Evacuate Collection Set: 0.84ms
[2026-05-06T20:33:36.494+0300][22.570s][info][gc,phases                ] GC(41)   Other: 0.19ms
[2026-05-06T20:33:36.494+0300][22.570s][info][gc,heap                  ] GC(41) Eden regions: 1->0(37)
[2026-05-06T20:33:36.494+0300][22.570s][info][gc,heap                  ] GC(41) Survivor regions: 0->1(5)
[2026-05-06T20:33:36.494+0300][22.570s][info][gc,heap                  ] GC(41) Old regions: 21->21
[2026-05-06T20:33:36.494+0300][22.570s][info][gc,heap                  ] GC(41) Humongous regions: 1->1
[2026-05-06T20:33:36.494+0300][22.570s][info][gc,metaspace             ] GC(41) Metaspace: 14269K(65536K)->14269K(65536K) NonClass: 8523K(44736K)->8523K(44736K) Class: 5745K(20800K)->5745K(20800K)
[2026-05-06T20:33:36.494+0300][22.570s][info][gc                       ] GC(41) Pause Young (Concurrent Start) (Metadata GC Threshold) 21M->21M(64M) 4.837ms
[2026-05-06T20:33:36.494+0300][22.571s][info][gc,cpu                   ] GC(41) User=0.02s Sys=0.00s Real=0.00s
[2026-05-06T20:33:36.494+0300][22.571s][info][gc                       ] GC(42) Concurrent Mark Cycle
[2026-05-06T20:33:36.494+0300][22.571s][info][gc,marking               ] GC(42) Concurrent Scan Root Regions
[2026-05-06T20:33:36.494+0300][22.571s][info][gc,start                 ] GC(43) Pause Full (Metadata GC Threshold)
[2026-05-06T20:33:36.494+0300][22.571s][info][gc,task                  ] GC(43) Using 2 workers of 8 for full compaction
[2026-05-06T20:33:36.495+0300][22.571s][info][gc,marking               ] GC(42) Concurrent Scan Root Regions 0.618ms
[2026-05-06T20:33:36.495+0300][22.571s][info][gc,marking               ] GC(42) Concurrent Mark
[2026-05-06T20:33:36.495+0300][22.571s][info][gc,marking               ] GC(42) Concurrent Mark From Roots
[2026-05-06T20:33:36.495+0300][22.571s][info][gc,task                  ] GC(42) Using 2 workers of 2 for marking
[2026-05-06T20:33:36.495+0300][22.572s][info][gc,phases,start          ] GC(43) Phase 1: Mark live objects
[2026-05-06T20:33:36.536+0300][22.613s][info][gc,phases                ] GC(43) Phase 1: Mark live objects 40.977ms
[2026-05-06T20:33:36.536+0300][22.613s][info][gc,phases,start          ] GC(43) Phase 2: Prepare compaction
[2026-05-06T20:33:36.537+0300][22.613s][info][gc,phases                ] GC(43) Phase 2: Prepare compaction 0.488ms
[2026-05-06T20:33:36.537+0300][22.613s][info][gc,phases,start          ] GC(43) Phase 3: Adjust pointers
[2026-05-06T20:33:36.545+0300][22.622s][info][gc,phases                ] GC(43) Phase 3: Adjust pointers 8.393ms
[2026-05-06T20:33:36.545+0300][22.622s][info][gc,phases,start          ] GC(43) Phase 4: Compact heap
[2026-05-06T20:33:36.546+0300][22.622s][info][gc,phases                ] GC(43) Phase 4: Compact heap 0.534ms
[2026-05-06T20:33:36.546+0300][22.622s][info][gc,phases,start          ] GC(43) Phase 5: Reset Metadata
[2026-05-06T20:33:36.550+0300][22.627s][info][gc,phases                ] GC(43) Phase 5: Reset Metadata 4.096ms
[2026-05-06T20:33:36.553+0300][22.630s][info][gc,heap                  ] GC(43) Eden regions: 0->0(38)
[2026-05-06T20:33:36.553+0300][22.630s][info][gc,heap                  ] GC(43) Survivor regions: 1->0(5)
[2026-05-06T20:33:36.553+0300][22.630s][info][gc,heap                  ] GC(43) Old regions: 21->21
[2026-05-06T20:33:36.553+0300][22.630s][info][gc,heap                  ] GC(43) Humongous regions: 1->1
[2026-05-06T20:33:36.553+0300][22.630s][info][gc,metaspace             ] GC(43) Metaspace: 14269K(65536K)->14269K(65536K) NonClass: 8523K(44736K)->8523K(44736K) Class: 5745K(20800K)->5745K(20800K)
[2026-05-06T20:33:36.553+0300][22.630s][info][gc                       ] GC(43) Pause Full (Metadata GC Threshold) 21M->21M(64M) 59.429ms
[2026-05-06T20:33:36.554+0300][22.630s][info][gc,cpu                   ] GC(43) User=0.11s Sys=0.00s Real=0.06s
[2026-05-06T20:33:36.554+0300][22.630s][info][gc,start                 ] GC(44) Pause Full (Metadata GC Clear Soft References)
[2026-05-06T20:33:36.554+0300][22.630s][info][gc,task                  ] GC(44) Using 2 workers of 8 for full compaction
[2026-05-06T20:33:36.554+0300][22.630s][info][gc,phases,start          ] GC(44) Phase 1: Mark live objects
[2026-05-06T20:33:36.589+0300][22.666s][info][gc,phases                ] GC(44) Phase 1: Mark live objects 35.438ms
[2026-05-06T20:33:36.589+0300][22.666s][info][gc,phases,start          ] GC(44) Phase 2: Prepare compaction
[2026-05-06T20:33:36.590+0300][22.666s][info][gc,phases                ] GC(44) Phase 2: Prepare compaction 0.416ms
[2026-05-06T20:33:36.590+0300][22.666s][info][gc,phases,start          ] GC(44) Phase 3: Adjust pointers
[2026-05-06T20:33:36.601+0300][22.677s][info][gc,phases                ] GC(44) Phase 3: Adjust pointers 10.719ms
[2026-05-06T20:33:36.601+0300][22.677s][info][gc,phases,start          ] GC(44) Phase 4: Compact heap
[2026-05-06T20:33:36.601+0300][22.677s][info][gc,phases                ] GC(44) Phase 4: Compact heap 0.289ms
[2026-05-06T20:33:36.601+0300][22.678s][info][gc,phases,start          ] GC(44) Phase 5: Reset Metadata
[2026-05-06T20:33:36.607+0300][22.683s][info][gc,phases                ] GC(44) Phase 5: Reset Metadata 5.631ms
[2026-05-06T20:33:36.611+0300][22.687s][info][gc,heap                  ] GC(44) Eden regions: 0->0(38)
[2026-05-06T20:33:36.611+0300][22.687s][info][gc,heap                  ] GC(44) Survivor regions: 0->0(5)
[2026-05-06T20:33:36.611+0300][22.687s][info][gc,heap                  ] GC(44) Old regions: 21->21
[2026-05-06T20:33:36.611+0300][22.687s][info][gc,heap                  ] GC(44) Humongous regions: 1->1
[2026-05-06T20:33:36.611+0300][22.687s][info][gc,metaspace             ] GC(44) Metaspace: 14269K(65536K)->14269K(65536K) NonClass: 8523K(44736K)->8523K(44736K) Class: 5745K(20800K)->5745K(20800K)
[2026-05-06T20:33:36.611+0300][22.687s][info][gc                       ] GC(44) Pause Full (Metadata GC Clear Soft References) 21M->21M(64M) 57.242ms
[2026-05-06T20:33:36.611+0300][22.687s][info][gc,cpu                   ] GC(44) User=0.11s Sys=0.00s Real=0.06s
[2026-05-06T20:33:36.611+0300][22.688s][info][gc,metaspace,freelist,oom] Metaspace (data) allocation failed for size 7
[2026-05-06T20:33:36.611+0300][22.688s][info][gc,metaspace,freelist,oom] 
[2026-05-06T20:33:36.611+0300][22.688s][info][gc,metaspace,freelist,oom] Usage:
[2026-05-06T20:33:36.611+0300][22.688s][info][gc,marking               ] GC(42) Concurrent Mark From Roots 116.199ms
[2026-05-06T20:33:36.611+0300][22.688s][info][gc,marking               ] GC(42) Concurrent Mark Abort
[2026-05-06T20:33:36.611+0300][22.688s][info][gc                       ] GC(42) Concurrent Mark Cycle 117.192ms
[2026-05-06T20:33:36.611+0300][22.688s][info][gc,metaspace,freelist,oom]   Non-class:      8.32 MB used.
[2026-05-06T20:33:36.611+0300][22.688s][info][gc,metaspace,freelist,oom]       Class:      5.61 MB used.
[2026-05-06T20:33:36.611+0300][22.688s][info][gc,metaspace,freelist,oom]        Both:     13.93 MB used.
[2026-05-06T20:33:36.612+0300][22.688s][info][gc,metaspace,freelist,oom] 
[2026-05-06T20:33:36.612+0300][22.688s][info][gc,metaspace,freelist,oom] Virtual space:
[2026-05-06T20:33:36.612+0300][22.688s][info][gc,metaspace,freelist,oom]   Non-class space:       64.00 MB reserved,      43.69 MB ( 68%) committed,  1 nodes.
[2026-05-06T20:33:36.612+0300][22.688s][info][gc,metaspace,freelist,oom]       Class space:       64.00 MB reserved,      20.31 MB ( 32%) committed,  1 nodes.
[2026-05-06T20:33:36.612+0300][22.688s][info][gc,metaspace,freelist,oom]              Both:      128.00 MB reserved,      64.00 MB ( 50%) committed. 
[2026-05-06T20:33:36.612+0300][22.688s][info][gc,metaspace,freelist,oom] 
[2026-05-06T20:33:36.612+0300][22.688s][info][gc,metaspace,freelist,oom] Chunk freelists:
[2026-05-06T20:33:36.612+0300][22.688s][info][gc,metaspace,freelist,oom]    Non-Class:  2.00 MB
[2026-05-06T20:33:36.612+0300][22.688s][info][gc,metaspace,freelist,oom]        Class:  11.62 MB
[2026-05-06T20:33:36.612+0300][22.688s][info][gc,metaspace,freelist,oom]         Both:  13.62 MB
[2026-05-06T20:33:36.612+0300][22.688s][info][gc,metaspace,freelist,oom] 
[2026-05-06T20:33:36.612+0300][22.688s][info][gc,metaspace,freelist,oom] MaxMetaspaceSize: 64.00 MB
[2026-05-06T20:33:36.612+0300][22.688s][info][gc,metaspace,freelist,oom] CompressedClassSpaceSize: 64.00 MB
[2026-05-06T20:33:36.612+0300][22.688s][info][gc,metaspace,freelist,oom] Initial GC threshold: 21.00 MB
[2026-05-06T20:33:36.612+0300][22.688s][info][gc,metaspace,freelist,oom] Current GC threshold: 64.00 MB
[2026-05-06T20:33:36.612+0300][22.688s][info][gc,metaspace,freelist,oom] CDS: on
[2026-05-06T20:33:36.612+0300][22.688s][info][gc,metaspace,freelist,oom]  - commit_granule_bytes: 65536.
[2026-05-06T20:33:36.612+0300][22.689s][info][gc,metaspace,freelist,oom]  - commit_granule_words: 8192.
[2026-05-06T20:33:36.612+0300][22.689s][info][gc,metaspace,freelist,oom]  - virtual_space_node_default_size: 8388608.
[2026-05-06T20:33:36.612+0300][22.689s][info][gc,metaspace,freelist,oom]  - enlarge_chunks_in_place: 1.
[2026-05-06T20:33:36.612+0300][22.689s][info][gc,metaspace,freelist,oom]  - use_allocation_guard: 0.
[2026-05-06T20:33:36.612+0300][22.689s][info][gc,metaspace,freelist,oom] 
[2026-05-06T20:33:36.612+0300][22.689s][info][gc,metaspace,freelist,oom] 
[2026-05-06T20:33:36.612+0300][22.689s][info][gc,metaspace,freelist,oom] Internal statistics:
[2026-05-06T20:33:36.612+0300][22.689s][info][gc,metaspace,freelist,oom] 
[2026-05-06T20:33:36.612+0300][22.689s][info][gc,metaspace,freelist,oom] num_allocs_failed_limit: 29.
[2026-05-06T20:33:36.612+0300][22.689s][info][gc,metaspace,freelist,oom] num_arena_births: 20182.
[2026-05-06T20:33:36.612+0300][22.689s][info][gc,metaspace,freelist,oom] num_arena_deaths: 62.
[2026-05-06T20:33:36.612+0300][22.689s][info][gc,metaspace,freelist,oom] num_vsnodes_births: 2.
[2026-05-06T20:33:36.612+0300][22.689s][info][gc,metaspace,freelist,oom] num_vsnodes_deaths: 0.
[2026-05-06T20:33:36.612+0300][22.689s][info][gc,metaspace,freelist,oom] num_space_committed: 1024.
[2026-05-06T20:33:36.612+0300][22.689s][info][gc,metaspace,freelist,oom] num_space_uncommitted: 0.
[2026-05-06T20:33:36.612+0300][22.689s][info][gc,metaspace,freelist,oom] num_chunks_returned_to_freelist: 89.
[2026-05-06T20:33:36.612+0300][22.689s][info][gc,metaspace,freelist,oom] num_chunks_taken_from_freelist: 20346.
[2026-05-06T20:33:36.612+0300][22.689s][info][gc,metaspace,freelist,oom] num_chunk_merges: 49.
[2026-05-06T20:33:36.612+0300][22.689s][info][gc,metaspace,freelist,oom] num_chunk_splits: 10236.
[2026-05-06T20:33:36.613+0300][22.689s][info][gc,metaspace,freelist,oom] num_chunks_enlarged: 136.
[2026-05-06T20:33:36.613+0300][22.689s][info][gc,metaspace,freelist,oom] num_inconsistent_stats: 0.
[2026-05-06T20:33:36.613+0300][22.689s][info][gc,metaspace,freelist,oom] 
[2026-05-06T20:33:36.618+0300][22.695s][info][gc,heap,exit             ] Heap
[2026-05-06T20:33:36.618+0300][22.695s][info][gc,heap,exit             ]  garbage-first heap   total 65536K, used 22925K [0x00000000fc000000, 0x0000000100000000)
[2026-05-06T20:33:36.618+0300][22.695s][info][gc,heap,exit             ]   region size 1024K, 1 young (1024K), 0 survivors (0K)
[2026-05-06T20:33:36.618+0300][22.695s][info][gc,heap,exit             ]  Metaspace       used 14280K, committed 65536K, reserved 131072K
[2026-05-06T20:33:36.618+0300][22.695s][info][gc,heap,exit             ]   class space    used 5747K, committed 20800K, reserved 65536K
