[2026-05-06T20:33:45.704+0300][0.006s][info][gc,init] CardTable entry size: 512
[2026-05-06T20:33:45.705+0300][0.007s][info][gc     ] Using G1
[2026-05-06T20:33:45.708+0300][0.010s][info][gc,init] Version: 21.0.10+7-Ubuntu-124.04 (release)
[2026-05-06T20:33:45.708+0300][0.010s][info][gc,init] CPUs: 16 total, 8 available
[2026-05-06T20:33:45.708+0300][0.010s][info][gc,init] Memory: 6865M
[2026-05-06T20:33:45.708+0300][0.010s][info][gc,init] Large Page Support: Disabled
[2026-05-06T20:33:45.708+0300][0.010s][info][gc,init] NUMA Support: Disabled
[2026-05-06T20:33:45.708+0300][0.010s][info][gc,init] Compressed Oops: Enabled (32-bit)
[2026-05-06T20:33:45.708+0300][0.010s][info][gc,init] Heap Region Size: 1M
[2026-05-06T20:33:45.708+0300][0.010s][info][gc,init] Heap Min Capacity: 64M
[2026-05-06T20:33:45.708+0300][0.010s][info][gc,init] Heap Initial Capacity: 64M
[2026-05-06T20:33:45.708+0300][0.010s][info][gc,init] Heap Max Capacity: 64M
[2026-05-06T20:33:45.708+0300][0.010s][info][gc,init] Pre-touch: Disabled
[2026-05-06T20:33:45.708+0300][0.010s][info][gc,init] Parallel Workers: 8
[2026-05-06T20:33:45.708+0300][0.010s][info][gc,init] Concurrent Workers: 2
[2026-05-06T20:33:45.708+0300][0.010s][info][gc,init] Concurrent Refinement Workers: 8
[2026-05-06T20:33:45.708+0300][0.010s][info][gc,init] Periodic GC: Disabled
[2026-05-06T20:33:45.722+0300][0.024s][info][gc,metaspace] CDS archive(s) mapped at: [0x00007a47cb000000-0x00007a47cbc9c000-0x00007a47cbc9c000), size 13221888, SharedBaseAddress: 0x00007a47cb000000, ArchiveRelocationMode: 1.
[2026-05-06T20:33:45.722+0300][0.024s][info][gc,metaspace] Compressed class space mapped at: 0x00007a47cc000000-0x00007a47d0000000, reserved size: 67108864
[2026-05-06T20:33:45.722+0300][0.024s][info][gc,metaspace] Narrow klass base: 0x00007a47cb000000, Narrow klass shift: 0, Narrow klass range: 0x100000000
[2026-05-06T20:33:54.029+0300][8.331s][info][gc,start    ] GC(0) Pause Young (Normal) (G1 Evacuation Pause)
[2026-05-06T20:33:54.029+0300][8.331s][info][gc,task     ] GC(0) Using 2 workers of 8 for evacuation
[2026-05-06T20:33:54.041+0300][8.343s][info][gc,phases   ] GC(0)   Pre Evacuate Collection Set: 0.20ms
[2026-05-06T20:33:54.041+0300][8.343s][info][gc,phases   ] GC(0)   Merge Heap Roots: 0.11ms
[2026-05-06T20:33:54.041+0300][8.343s][info][gc,phases   ] GC(0)   Evacuate Collection Set: 8.97ms
[2026-05-06T20:33:54.041+0300][8.343s][info][gc,phases   ] GC(0)   Post Evacuate Collection Set: 2.22ms
[2026-05-06T20:33:54.041+0300][8.343s][info][gc,phases   ] GC(0)   Other: 0.48ms
[2026-05-06T20:33:54.041+0300][8.343s][info][gc,heap     ] GC(0) Eden regions: 23->0(32)
[2026-05-06T20:33:54.041+0300][8.343s][info][gc,heap     ] GC(0) Survivor regions: 0->3(3)
[2026-05-06T20:33:54.041+0300][8.343s][info][gc,heap     ] GC(0) Old regions: 2->3
[2026-05-06T20:33:54.041+0300][8.343s][info][gc,heap     ] GC(0) Humongous regions: 1->1
[2026-05-06T20:33:54.041+0300][8.343s][info][gc,metaspace] GC(0) Metaspace: 7390K(7616K)->7390K(7616K) NonClass: 6637K(6720K)->6637K(6720K) Class: 753K(896K)->753K(896K)
[2026-05-06T20:33:54.041+0300][8.343s][info][gc          ] GC(0) Pause Young (Normal) (G1 Evacuation Pause) 25M->5M(64M) 12.599ms
[2026-05-06T20:33:54.041+0300][8.343s][info][gc,cpu      ] GC(0) User=0.02s Sys=0.01s Real=0.01s
[2026-05-06T20:34:03.527+0300][17.829s][info][gc,start    ] GC(1) Pause Young (Normal) (G1 Evacuation Pause)
[2026-05-06T20:34:03.527+0300][17.829s][info][gc,task     ] GC(1) Using 2 workers of 8 for evacuation
[2026-05-06T20:34:03.560+0300][17.862s][info][gc,phases   ] GC(1)   Pre Evacuate Collection Set: 0.34ms
[2026-05-06T20:34:03.560+0300][17.862s][info][gc,phases   ] GC(1)   Merge Heap Roots: 0.16ms
[2026-05-06T20:34:03.560+0300][17.862s][info][gc,phases   ] GC(1)   Evacuate Collection Set: 20.68ms
[2026-05-06T20:34:03.560+0300][17.862s][info][gc,phases   ] GC(1)   Post Evacuate Collection Set: 1.50ms
[2026-05-06T20:34:03.560+0300][17.862s][info][gc,phases   ] GC(1)   Other: 10.00ms
[2026-05-06T20:34:03.560+0300][17.862s][info][gc,heap     ] GC(1) Eden regions: 32->0(36)
[2026-05-06T20:34:03.560+0300][17.862s][info][gc,heap     ] GC(1) Survivor regions: 3->2(5)
[2026-05-06T20:34:03.560+0300][17.862s][info][gc,heap     ] GC(1) Old regions: 3->6
[2026-05-06T20:34:03.560+0300][17.862s][info][gc,heap     ] GC(1) Humongous regions: 1->1
[2026-05-06T20:34:03.560+0300][17.862s][info][gc,metaspace] GC(1) Metaspace: 12592K(13760K)->12592K(13760K) NonClass: 11033K(11776K)->11033K(11776K) Class: 1558K(1984K)->1558K(1984K)
[2026-05-06T20:34:03.560+0300][17.862s][info][gc          ] GC(1) Pause Young (Normal) (G1 Evacuation Pause) 37M->7M(64M) 33.089ms
[2026-05-06T20:34:03.560+0300][17.862s][info][gc,cpu      ] GC(1) User=0.04s Sys=0.01s Real=0.03s
[2026-05-06T20:34:04.137+0300][18.439s][info][gc,start    ] GC(2) Pause Young (Normal) (G1 Evacuation Pause)
[2026-05-06T20:34:04.137+0300][18.439s][info][gc,task     ] GC(2) Using 2 workers of 8 for evacuation
[2026-05-06T20:34:04.145+0300][18.447s][info][gc,phases   ] GC(2)   Pre Evacuate Collection Set: 0.16ms
[2026-05-06T20:34:04.146+0300][18.447s][info][gc,phases   ] GC(2)   Merge Heap Roots: 0.13ms
[2026-05-06T20:34:04.146+0300][18.447s][info][gc,phases   ] GC(2)   Evacuate Collection Set: 7.11ms
[2026-05-06T20:34:04.146+0300][18.448s][info][gc,phases   ] GC(2)   Post Evacuate Collection Set: 1.00ms
[2026-05-06T20:34:04.146+0300][18.448s][info][gc,phases   ] GC(2)   Other: 0.13ms
[2026-05-06T20:34:04.146+0300][18.448s][info][gc,heap     ] GC(2) Eden regions: 36->0(36)
[2026-05-06T20:34:04.146+0300][18.448s][info][gc,heap     ] GC(2) Survivor regions: 2->2(5)
[2026-05-06T20:34:04.146+0300][18.448s][info][gc,heap     ] GC(2) Old regions: 6->6
[2026-05-06T20:34:04.146+0300][18.448s][info][gc,heap     ] GC(2) Humongous regions: 1->1
[2026-05-06T20:34:04.146+0300][18.448s][info][gc,metaspace] GC(2) Metaspace: 13046K(16000K)->13046K(16000K) NonClass: 11312K(13312K)->11312K(13312K) Class: 1734K(2688K)->1734K(2688K)
[2026-05-06T20:34:04.146+0300][18.448s][info][gc          ] GC(2) Pause Young (Normal) (G1 Evacuation Pause) 43M->7M(64M) 9.075ms
[2026-05-06T20:34:04.146+0300][18.448s][info][gc,cpu      ] GC(2) User=0.01s Sys=0.01s Real=0.00s
[2026-05-06T20:34:04.727+0300][19.029s][info][gc,start    ] GC(3) Pause Young (Normal) (G1 Evacuation Pause)
[2026-05-06T20:34:04.727+0300][19.029s][info][gc,task     ] GC(3) Using 2 workers of 8 for evacuation
[2026-05-06T20:34:04.735+0300][19.036s][info][gc,phases   ] GC(3)   Pre Evacuate Collection Set: 0.16ms
[2026-05-06T20:34:04.735+0300][19.037s][info][gc,phases   ] GC(3)   Merge Heap Roots: 0.10ms
[2026-05-06T20:34:04.735+0300][19.037s][info][gc,phases   ] GC(3)   Evacuate Collection Set: 6.09ms
[2026-05-06T20:34:04.735+0300][19.037s][info][gc,phases   ] GC(3)   Post Evacuate Collection Set: 1.03ms
[2026-05-06T20:34:04.735+0300][19.037s][info][gc,phases   ] GC(3)   Other: 0.16ms
[2026-05-06T20:34:04.735+0300][19.037s][info][gc,heap     ] GC(3) Eden regions: 36->0(35)
[2026-05-06T20:34:04.735+0300][19.037s][info][gc,heap     ] GC(3) Survivor regions: 2->3(5)
[2026-05-06T20:34:04.735+0300][19.037s][info][gc,heap     ] GC(3) Old regions: 6->6
[2026-05-06T20:34:04.735+0300][19.037s][info][gc,heap     ] GC(3) Humongous regions: 1->1
[2026-05-06T20:34:04.735+0300][19.037s][info][gc,metaspace] GC(3) Metaspace: 13672K(18368K)->13672K(18368K) NonClass: 11742K(14976K)->11742K(14976K) Class: 1930K(3392K)->1930K(3392K)
[2026-05-06T20:34:04.735+0300][19.037s][info][gc          ] GC(3) Pause Young (Normal) (G1 Evacuation Pause) 43M->7M(64M) 8.070ms
[2026-05-06T20:34:04.735+0300][19.037s][info][gc,cpu      ] GC(3) User=0.02s Sys=0.01s Real=0.00s
[2026-05-06T20:34:05.170+0300][19.472s][info][gc,start    ] GC(4) Pause Young (Normal) (G1 Evacuation Pause)
[2026-05-06T20:34:05.170+0300][19.472s][info][gc,task     ] GC(4) Using 2 workers of 8 for evacuation
[2026-05-06T20:34:05.182+0300][19.484s][info][gc,phases   ] GC(4)   Pre Evacuate Collection Set: 0.13ms
[2026-05-06T20:34:05.182+0300][19.484s][info][gc,phases   ] GC(4)   Merge Heap Roots: 0.07ms
[2026-05-06T20:34:05.182+0300][19.484s][info][gc,phases   ] GC(4)   Evacuate Collection Set: 9.86ms
[2026-05-06T20:34:05.182+0300][19.484s][info][gc,phases   ] GC(4)   Post Evacuate Collection Set: 1.15ms
[2026-05-06T20:34:05.182+0300][19.484s][info][gc,phases   ] GC(4)   Other: 0.14ms
[2026-05-06T20:34:05.182+0300][19.484s][info][gc,heap     ] GC(4) Eden regions: 35->0(35)
[2026-05-06T20:34:05.182+0300][19.484s][info][gc,heap     ] GC(4) Survivor regions: 3->3(5)
[2026-05-06T20:34:05.182+0300][19.484s][info][gc,heap     ] GC(4) Old regions: 6->7
[2026-05-06T20:34:05.182+0300][19.484s][info][gc,heap     ] GC(4) Humongous regions: 1->1
[2026-05-06T20:34:05.182+0300][19.484s][info][gc,metaspace] GC(4) Metaspace: 13991K(20480K)->13991K(20480K) NonClass: 11884K(16384K)->11884K(16384K) Class: 2107K(4096K)->2107K(4096K)
[2026-05-06T20:34:05.182+0300][19.484s][info][gc          ] GC(4) Pause Young (Normal) (G1 Evacuation Pause) 42M->8M(64M) 11.859ms
[2026-05-06T20:34:05.182+0300][19.484s][info][gc,cpu      ] GC(4) User=0.02s Sys=0.00s Real=0.01s
[2026-05-06T20:34:05.414+0300][19.716s][info][gc,start    ] GC(5) Pause Young (Concurrent Start) (Metadata GC Threshold)
[2026-05-06T20:34:05.414+0300][19.716s][info][gc,task     ] GC(5) Using 2 workers of 8 for evacuation
[2026-05-06T20:34:05.419+0300][19.721s][info][gc,phases   ] GC(5)   Pre Evacuate Collection Set: 0.18ms
[2026-05-06T20:34:05.420+0300][19.721s][info][gc,phases   ] GC(5)   Merge Heap Roots: 0.07ms
[2026-05-06T20:34:05.420+0300][19.722s][info][gc,phases   ] GC(5)   Evacuate Collection Set: 4.48ms
[2026-05-06T20:34:05.420+0300][19.722s][info][gc,phases   ] GC(5)   Post Evacuate Collection Set: 0.52ms
[2026-05-06T20:34:05.420+0300][19.722s][info][gc,phases   ] GC(5)   Other: 0.17ms
[2026-05-06T20:34:05.420+0300][19.722s][info][gc,heap     ] GC(5) Eden regions: 18->0(35)
[2026-05-06T20:34:05.420+0300][19.722s][info][gc,heap     ] GC(5) Survivor regions: 3->3(5)
[2026-05-06T20:34:05.420+0300][19.722s][info][gc,heap     ] GC(5) Old regions: 7->7
[2026-05-06T20:34:05.420+0300][19.722s][info][gc,heap     ] GC(5) Humongous regions: 1->1
[2026-05-06T20:34:05.420+0300][19.722s][info][gc,metaspace] GC(5) Metaspace: 14155K(21504K)->14155K(21504K) NonClass: 11958K(17088K)->11958K(17088K) Class: 2196K(4416K)->2196K(4416K)
[2026-05-06T20:34:05.420+0300][19.722s][info][gc          ] GC(5) Pause Young (Concurrent Start) (Metadata GC Threshold) 26M->9M(64M) 5.835ms
[2026-05-06T20:34:05.420+0300][19.722s][info][gc,cpu      ] GC(5) User=0.01s Sys=0.01s Real=0.01s
[2026-05-06T20:34:05.420+0300][19.722s][info][gc          ] GC(6) Concurrent Mark Cycle
[2026-05-06T20:34:05.420+0300][19.722s][info][gc,marking  ] GC(6) Concurrent Scan Root Regions
[2026-05-06T20:34:05.423+0300][19.725s][info][gc,marking  ] GC(6) Concurrent Scan Root Regions 2.731ms
[2026-05-06T20:34:05.423+0300][19.725s][info][gc,marking  ] GC(6) Concurrent Mark
[2026-05-06T20:34:05.423+0300][19.725s][info][gc,marking  ] GC(6) Concurrent Mark From Roots
[2026-05-06T20:34:05.423+0300][19.725s][info][gc,task     ] GC(6) Using 2 workers of 2 for marking
[2026-05-06T20:34:05.433+0300][19.735s][info][gc,marking  ] GC(6) Concurrent Mark From Roots 10.167ms
[2026-05-06T20:34:05.433+0300][19.735s][info][gc,marking  ] GC(6) Concurrent Preclean
[2026-05-06T20:34:05.433+0300][19.735s][info][gc,marking  ] GC(6) Concurrent Preclean 0.097ms
[2026-05-06T20:34:05.433+0300][19.735s][info][gc,start    ] GC(6) Pause Remark
[2026-05-06T20:34:05.441+0300][19.743s][info][gc          ] GC(6) Pause Remark 10M->10M(64M) 7.568ms
[2026-05-06T20:34:05.441+0300][19.743s][info][gc,cpu      ] GC(6) User=0.01s Sys=0.00s Real=0.01s
[2026-05-06T20:34:05.441+0300][19.743s][info][gc,marking  ] GC(6) Concurrent Mark 18.319ms
[2026-05-06T20:34:05.441+0300][19.743s][info][gc,marking  ] GC(6) Concurrent Rebuild Remembered Sets and Scrub Regions
[2026-05-06T20:34:05.444+0300][19.746s][info][gc,marking  ] GC(6) Concurrent Rebuild Remembered Sets and Scrub Regions 2.997ms
[2026-05-06T20:34:05.444+0300][19.746s][info][gc,start    ] GC(6) Pause Cleanup
[2026-05-06T20:34:05.445+0300][19.746s][info][gc          ] GC(6) Pause Cleanup 10M->10M(64M) 0.189ms
[2026-05-06T20:34:05.445+0300][19.746s][info][gc,cpu      ] GC(6) User=0.00s Sys=0.00s Real=0.00s
[2026-05-06T20:34:05.445+0300][19.747s][info][gc,marking  ] GC(6) Concurrent Clear Claimed Marks
[2026-05-06T20:34:05.445+0300][19.747s][info][gc,marking  ] GC(6) Concurrent Clear Claimed Marks 0.184ms
[2026-05-06T20:34:05.445+0300][19.747s][info][gc,marking  ] GC(6) Concurrent Cleanup for Next Mark
[2026-05-06T20:34:05.446+0300][19.748s][info][gc,marking  ] GC(6) Concurrent Cleanup for Next Mark 0.925ms
[2026-05-06T20:34:05.446+0300][19.748s][info][gc          ] GC(6) Concurrent Mark Cycle 26.064ms
[2026-05-06T20:34:05.857+0300][20.159s][info][gc,start    ] GC(7) Pause Young (Prepare Mixed) (G1 Evacuation Pause)
[2026-05-06T20:34:05.858+0300][20.160s][info][gc,task     ] GC(7) Using 2 workers of 8 for evacuation
[2026-05-06T20:34:05.870+0300][20.172s][info][gc,phases   ] GC(7)   Pre Evacuate Collection Set: 0.32ms
[2026-05-06T20:34:05.870+0300][20.172s][info][gc,phases   ] GC(7)   Merge Heap Roots: 0.11ms
[2026-05-06T20:34:05.870+0300][20.172s][info][gc,phases   ] GC(7)   Evacuate Collection Set: 11.30ms
[2026-05-06T20:34:05.870+0300][20.172s][info][gc,phases   ] GC(7)   Post Evacuate Collection Set: 0.67ms
[2026-05-06T20:34:05.870+0300][20.172s][info][gc,phases   ] GC(7)   Other: 0.17ms
[2026-05-06T20:34:05.870+0300][20.172s][info][gc,heap     ] GC(7) Eden regions: 35->0(34)
[2026-05-06T20:34:05.870+0300][20.172s][info][gc,heap     ] GC(7) Survivor regions: 3->4(5)
[2026-05-06T20:34:05.870+0300][20.172s][info][gc,heap     ] GC(7) Old regions: 7->7
[2026-05-06T20:34:05.870+0300][20.172s][info][gc,heap     ] GC(7) Humongous regions: 1->1
[2026-05-06T20:34:05.871+0300][20.172s][info][gc,metaspace] GC(7) Metaspace: 14470K(23616K)->14470K(23616K) NonClass: 12095K(18496K)->12095K(18496K) Class: 2374K(5120K)->2374K(5120K)
[2026-05-06T20:34:05.871+0300][20.173s][info][gc          ] GC(7) Pause Young (Prepare Mixed) (G1 Evacuation Pause) 44M->9M(64M) 13.240ms
[2026-05-06T20:34:05.871+0300][20.173s][info][gc,cpu      ] GC(7) User=0.03s Sys=0.01s Real=0.01s
[2026-05-06T20:34:06.213+0300][20.515s][info][gc,start    ] GC(8) Pause Young (Mixed) (G1 Evacuation Pause)
[2026-05-06T20:34:06.214+0300][20.516s][info][gc,task     ] GC(8) Using 2 workers of 8 for evacuation
[2026-05-06T20:34:06.223+0300][20.525s][info][gc,phases   ] GC(8)   Pre Evacuate Collection Set: 0.16ms
[2026-05-06T20:34:06.223+0300][20.525s][info][gc,phases   ] GC(8)   Merge Heap Roots: 0.09ms
[2026-05-06T20:34:06.223+0300][20.525s][info][gc,phases   ] GC(8)   Evacuate Collection Set: 7.72ms
[2026-05-06T20:34:06.223+0300][20.525s][info][gc,phases   ] GC(8)   Post Evacuate Collection Set: 1.01ms
[2026-05-06T20:34:06.223+0300][20.525s][info][gc,phases   ] GC(8)   Other: 0.16ms
[2026-05-06T20:34:06.223+0300][20.525s][info][gc,heap     ] GC(8) Eden regions: 34->0(34)
[2026-05-06T20:34:06.223+0300][20.525s][info][gc,heap     ] GC(8) Survivor regions: 4->4(5)
[2026-05-06T20:34:06.223+0300][20.525s][info][gc,heap     ] GC(8) Old regions: 7->7
[2026-05-06T20:34:06.223+0300][20.525s][info][gc,heap     ] GC(8) Humongous regions: 1->1
[2026-05-06T20:34:06.223+0300][20.525s][info][gc,metaspace] GC(8) Metaspace: 14775K(25664K)->14775K(25664K) NonClass: 12228K(19840K)->12228K(19840K) Class: 2547K(5824K)->2547K(5824K)
[2026-05-06T20:34:06.223+0300][20.525s][info][gc          ] GC(8) Pause Young (Mixed) (G1 Evacuation Pause) 43M->10M(64M) 9.708ms
[2026-05-06T20:34:06.223+0300][20.525s][info][gc,cpu      ] GC(8) User=0.03s Sys=0.00s Real=0.01s
[2026-05-06T20:34:06.601+0300][20.903s][info][gc,start    ] GC(9) Pause Young (Normal) (G1 Evacuation Pause)
[2026-05-06T20:34:06.602+0300][20.903s][info][gc,task     ] GC(9) Using 2 workers of 8 for evacuation
[2026-05-06T20:34:06.611+0300][20.913s][info][gc,phases   ] GC(9)   Pre Evacuate Collection Set: 0.22ms
[2026-05-06T20:34:06.611+0300][20.913s][info][gc,phases   ] GC(9)   Merge Heap Roots: 0.12ms
[2026-05-06T20:34:06.611+0300][20.913s][info][gc,phases   ] GC(9)   Evacuate Collection Set: 8.46ms
[2026-05-06T20:34:06.611+0300][20.913s][info][gc,phases   ] GC(9)   Post Evacuate Collection Set: 0.74ms
[2026-05-06T20:34:06.611+0300][20.913s][info][gc,phases   ] GC(9)   Other: 0.15ms
[2026-05-06T20:34:06.612+0300][20.913s][info][gc,heap     ] GC(9) Eden regions: 34->0(34)
[2026-05-06T20:34:06.612+0300][20.913s][info][gc,heap     ] GC(9) Survivor regions: 4->4(5)
[2026-05-06T20:34:06.612+0300][20.914s][info][gc,heap     ] GC(9) Old regions: 7->7
[2026-05-06T20:34:06.612+0300][20.914s][info][gc,heap     ] GC(9) Humongous regions: 1->1
[2026-05-06T20:34:06.612+0300][20.914s][info][gc,metaspace] GC(9) Metaspace: 15077K(27712K)->15077K(27712K) NonClass: 12359K(21184K)->12359K(21184K) Class: 2717K(6528K)->2717K(6528K)
[2026-05-06T20:34:06.612+0300][20.914s][info][gc          ] GC(9) Pause Young (Normal) (G1 Evacuation Pause) 44M->11M(64M) 10.309ms
[2026-05-06T20:34:06.612+0300][20.914s][info][gc,cpu      ] GC(9) User=0.02s Sys=0.00s Real=0.01s
[2026-05-06T20:34:06.927+0300][21.229s][info][gc,start    ] GC(10) Pause Young (Normal) (G1 Evacuation Pause)
[2026-05-06T20:34:06.928+0300][21.230s][info][gc,task     ] GC(10) Using 2 workers of 8 for evacuation
[2026-05-06T20:34:06.936+0300][21.238s][info][gc,phases   ] GC(10)   Pre Evacuate Collection Set: 0.18ms
[2026-05-06T20:34:06.936+0300][21.238s][info][gc,phases   ] GC(10)   Merge Heap Roots: 0.08ms
[2026-05-06T20:34:06.936+0300][21.238s][info][gc,phases   ] GC(10)   Evacuate Collection Set: 6.80ms
[2026-05-06T20:34:06.936+0300][21.238s][info][gc,phases   ] GC(10)   Post Evacuate Collection Set: 0.76ms
[2026-05-06T20:34:06.936+0300][21.238s][info][gc,phases   ] GC(10)   Other: 0.17ms
[2026-05-06T20:34:06.936+0300][21.238s][info][gc,heap     ] GC(10) Eden regions: 34->0(34)
[2026-05-06T20:34:06.936+0300][21.238s][info][gc,heap     ] GC(10) Survivor regions: 4->4(5)
[2026-05-06T20:34:06.936+0300][21.238s][info][gc,heap     ] GC(10) Old regions: 7->8
[2026-05-06T20:34:06.936+0300][21.238s][info][gc,heap     ] GC(10) Humongous regions: 1->1
[2026-05-06T20:34:06.936+0300][21.238s][info][gc,metaspace] GC(10) Metaspace: 15382K(29696K)->15382K(29696K) NonClass: 12492K(22528K)->12492K(22528K) Class: 2890K(7168K)->2890K(7168K)
[2026-05-06T20:34:06.936+0300][21.238s][info][gc          ] GC(10) Pause Young (Normal) (G1 Evacuation Pause) 45M->12M(64M) 8.617ms
[2026-05-06T20:34:06.936+0300][21.238s][info][gc,cpu      ] GC(10) User=0.01s Sys=0.01s Real=0.00s
[2026-05-06T20:34:07.232+0300][21.534s][info][gc,start    ] GC(11) Pause Young (Normal) (G1 Evacuation Pause)
[2026-05-06T20:34:07.232+0300][21.534s][info][gc,task     ] GC(11) Using 2 workers of 8 for evacuation
[2026-05-06T20:34:07.242+0300][21.543s][info][gc,phases   ] GC(11)   Pre Evacuate Collection Set: 0.17ms
[2026-05-06T20:34:07.242+0300][21.544s][info][gc,phases   ] GC(11)   Merge Heap Roots: 0.09ms
[2026-05-06T20:34:07.242+0300][21.544s][info][gc,phases   ] GC(11)   Evacuate Collection Set: 7.88ms
[2026-05-06T20:34:07.242+0300][21.544s][info][gc,phases   ] GC(11)   Post Evacuate Collection Set: 0.75ms
[2026-05-06T20:34:07.242+0300][21.544s][info][gc,phases   ] GC(11)   Other: 0.16ms
[2026-05-06T20:34:07.242+0300][21.544s][info][gc,heap     ] GC(11) Eden regions: 34->0(35)
[2026-05-06T20:34:07.242+0300][21.544s][info][gc,heap     ] GC(11) Survivor regions: 4->3(5)
[2026-05-06T20:34:07.242+0300][21.544s][info][gc,heap     ] GC(11) Old regions: 8->9
[2026-05-06T20:34:07.242+0300][21.544s][info][gc,heap     ] GC(11) Humongous regions: 1->1
[2026-05-06T20:34:07.242+0300][21.544s][info][gc,metaspace] GC(11) Metaspace: 15688K(31808K)->15688K(31808K) NonClass: 12625K(23936K)->12625K(23936K) Class: 3063K(7872K)->3063K(7872K)
[2026-05-06T20:34:07.242+0300][21.544s][info][gc          ] GC(11) Pause Young (Normal) (G1 Evacuation Pause) 46M->12M(64M) 9.603ms
[2026-05-06T20:34:07.242+0300][21.544s][info][gc,cpu      ] GC(11) User=0.02s Sys=0.01s Real=0.01s
[2026-05-06T20:34:07.595+0300][21.897s][info][gc,start    ] GC(12) Pause Young (Normal) (G1 Evacuation Pause)
[2026-05-06T20:34:07.596+0300][21.898s][info][gc,task     ] GC(12) Using 2 workers of 8 for evacuation
[2026-05-06T20:34:07.603+0300][21.905s][info][gc,phases   ] GC(12)   Pre Evacuate Collection Set: 0.18ms
[2026-05-06T20:34:07.604+0300][21.906s][info][gc,phases   ] GC(12)   Merge Heap Roots: 0.08ms
[2026-05-06T20:34:07.604+0300][21.906s][info][gc,phases   ] GC(12)   Evacuate Collection Set: 6.63ms
[2026-05-06T20:34:07.604+0300][21.906s][info][gc,phases   ] GC(12)   Post Evacuate Collection Set: 0.75ms
[2026-05-06T20:34:07.604+0300][21.906s][info][gc,phases   ] GC(12)   Other: 0.18ms
[2026-05-06T20:34:07.604+0300][21.906s][info][gc,heap     ] GC(12) Eden regions: 35->0(35)
[2026-05-06T20:34:07.604+0300][21.906s][info][gc,heap     ] GC(12) Survivor regions: 3->3(5)
[2026-05-06T20:34:07.604+0300][21.906s][info][gc,heap     ] GC(12) Old regions: 9->10
[2026-05-06T20:34:07.604+0300][21.906s][info][gc,heap     ] GC(12) Humongous regions: 1->1
[2026-05-06T20:34:07.604+0300][21.906s][info][gc,metaspace] GC(12) Metaspace: 16023K(33920K)->16023K(33920K) NonClass: 12778K(25344K)->12778K(25344K) Class: 3244K(8576K)->3244K(8576K)
[2026-05-06T20:34:07.604+0300][21.906s][info][gc          ] GC(12) Pause Young (Normal) (G1 Evacuation Pause) 47M->13M(64M) 8.500ms
[2026-05-06T20:34:07.604+0300][21.906s][info][gc,cpu      ] GC(12) User=0.01s Sys=0.01s Real=0.01s
[2026-05-06T20:34:07.864+0300][22.166s][info][gc,start    ] GC(13) Pause Young (Concurrent Start) (Metadata GC Threshold)
[2026-05-06T20:34:07.864+0300][22.166s][info][gc,task     ] GC(13) Using 2 workers of 8 for evacuation
[2026-05-06T20:34:07.873+0300][22.175s][info][gc,phases   ] GC(13)   Pre Evacuate Collection Set: 0.21ms
[2026-05-06T20:34:07.873+0300][22.175s][info][gc,phases   ] GC(13)   Merge Heap Roots: 0.17ms
[2026-05-06T20:34:07.873+0300][22.175s][info][gc,phases   ] GC(13)   Evacuate Collection Set: 7.59ms
[2026-05-06T20:34:07.873+0300][22.175s][info][gc,phases   ] GC(13)   Post Evacuate Collection Set: 0.80ms
[2026-05-06T20:34:07.873+0300][22.175s][info][gc,phases   ] GC(13)   Other: 0.22ms
[2026-05-06T20:34:07.873+0300][22.175s][info][gc,heap     ] GC(13) Eden regions: 35->0(35)
[2026-05-06T20:34:07.873+0300][22.175s][info][gc,heap     ] GC(13) Survivor regions: 3->3(5)
[2026-05-06T20:34:07.873+0300][22.175s][info][gc,heap     ] GC(13) Old regions: 10->11
[2026-05-06T20:34:07.873+0300][22.175s][info][gc,heap     ] GC(13) Humongous regions: 1->1
[2026-05-06T20:34:07.873+0300][22.175s][info][gc,metaspace] GC(13) Metaspace: 16338K(35968K)->16338K(35968K) NonClass: 12915K(26688K)->12915K(26688K) Class: 3423K(9280K)->3423K(9280K)
[2026-05-06T20:34:07.873+0300][22.175s][info][gc          ] GC(13) Pause Young (Concurrent Start) (Metadata GC Threshold) 48M->14M(64M) 9.561ms
[2026-05-06T20:34:07.873+0300][22.175s][info][gc,cpu      ] GC(13) User=0.03s Sys=0.01s Real=0.01s
[2026-05-06T20:34:07.873+0300][22.175s][info][gc          ] GC(14) Concurrent Mark Cycle
[2026-05-06T20:34:07.873+0300][22.175s][info][gc,marking  ] GC(14) Concurrent Scan Root Regions
[2026-05-06T20:34:07.877+0300][22.179s][info][gc,marking  ] GC(14) Concurrent Scan Root Regions 3.253ms
[2026-05-06T20:34:07.877+0300][22.179s][info][gc,marking  ] GC(14) Concurrent Mark
[2026-05-06T20:34:07.877+0300][22.179s][info][gc,marking  ] GC(14) Concurrent Mark From Roots
[2026-05-06T20:34:07.877+0300][22.179s][info][gc,task     ] GC(14) Using 2 workers of 2 for marking
[2026-05-06T20:34:07.892+0300][22.194s][info][gc,marking  ] GC(14) Concurrent Mark From Roots 15.146ms
[2026-05-06T20:34:07.892+0300][22.194s][info][gc,marking  ] GC(14) Concurrent Preclean
[2026-05-06T20:34:07.892+0300][22.194s][info][gc,marking  ] GC(14) Concurrent Preclean 0.123ms
[2026-05-06T20:34:07.892+0300][22.194s][info][gc,start    ] GC(14) Pause Remark
[2026-05-06T20:34:07.909+0300][22.211s][info][gc          ] GC(14) Pause Remark 16M->16M(64M) 16.379ms
[2026-05-06T20:34:07.909+0300][22.211s][info][gc,cpu      ] GC(14) User=0.02s Sys=0.01s Real=0.02s
[2026-05-06T20:34:07.909+0300][22.211s][info][gc,marking  ] GC(14) Concurrent Mark 32.272ms
[2026-05-06T20:34:07.909+0300][22.211s][info][gc,marking  ] GC(14) Concurrent Rebuild Remembered Sets and Scrub Regions
[2026-05-06T20:34:07.918+0300][22.220s][info][gc,marking  ] GC(14) Concurrent Rebuild Remembered Sets and Scrub Regions 9.431ms
[2026-05-06T20:34:07.919+0300][22.221s][info][gc,start    ] GC(14) Pause Cleanup
[2026-05-06T20:34:07.919+0300][22.221s][info][gc          ] GC(14) Pause Cleanup 17M->17M(64M) 0.230ms
[2026-05-06T20:34:07.919+0300][22.221s][info][gc,cpu      ] GC(14) User=0.00s Sys=0.00s Real=0.00s
[2026-05-06T20:34:07.919+0300][22.221s][info][gc,marking  ] GC(14) Concurrent Clear Claimed Marks
[2026-05-06T20:34:07.919+0300][22.221s][info][gc,marking  ] GC(14) Concurrent Clear Claimed Marks 0.371ms
[2026-05-06T20:34:07.919+0300][22.221s][info][gc,marking  ] GC(14) Concurrent Cleanup for Next Mark
[2026-05-06T20:34:07.920+0300][22.222s][info][gc,marking  ] GC(14) Concurrent Cleanup for Next Mark 0.271ms
[2026-05-06T20:34:07.920+0300][22.222s][info][gc          ] GC(14) Concurrent Mark Cycle 46.529ms
[2026-05-06T20:34:08.176+0300][22.478s][info][gc,start    ] GC(15) Pause Young (Normal) (G1 Evacuation Pause)
[2026-05-06T20:34:08.177+0300][22.479s][info][gc,task     ] GC(15) Using 2 workers of 8 for evacuation
[2026-05-06T20:34:08.185+0300][22.486s][info][gc,phases   ] GC(15)   Pre Evacuate Collection Set: 0.20ms
[2026-05-06T20:34:08.185+0300][22.487s][info][gc,phases   ] GC(15)   Merge Heap Roots: 0.12ms
[2026-05-06T20:34:08.185+0300][22.487s][info][gc,phases   ] GC(15)   Evacuate Collection Set: 6.65ms
[2026-05-06T20:34:08.185+0300][22.487s][info][gc,phases   ] GC(15)   Post Evacuate Collection Set: 0.74ms
[2026-05-06T20:34:08.185+0300][22.487s][info][gc,phases   ] GC(15)   Other: 0.16ms
[2026-05-06T20:34:08.185+0300][22.487s][info][gc,heap     ] GC(15) Eden regions: 35->0(35)
[2026-05-06T20:34:08.185+0300][22.487s][info][gc,heap     ] GC(15) Survivor regions: 3->3(5)
[2026-05-06T20:34:08.185+0300][22.487s][info][gc,heap     ] GC(15) Old regions: 11->11
[2026-05-06T20:34:08.185+0300][22.487s][info][gc,heap     ] GC(15) Humongous regions: 1->1
[2026-05-06T20:34:08.185+0300][22.487s][info][gc,metaspace] GC(15) Metaspace: 16656K(38144K)->16656K(38144K) NonClass: 13053K(28160K)->13053K(28160K) Class: 3602K(9984K)->3602K(9984K)
[2026-05-06T20:34:08.185+0300][22.487s][info][gc          ] GC(15) Pause Young (Normal) (G1 Evacuation Pause) 49M->14M(64M) 8.377ms
[2026-05-06T20:34:08.185+0300][22.487s][info][gc,cpu      ] GC(15) User=0.02s Sys=0.00s Real=0.00s
[2026-05-06T20:34:08.508+0300][22.810s][info][gc,start    ] GC(16) Pause Young (Normal) (G1 Evacuation Pause)
[2026-05-06T20:34:08.508+0300][22.810s][info][gc,task     ] GC(16) Using 2 workers of 8 for evacuation
[2026-05-06T20:34:08.515+0300][22.817s][info][gc,phases   ] GC(16)   Pre Evacuate Collection Set: 0.22ms
[2026-05-06T20:34:08.515+0300][22.817s][info][gc,phases   ] GC(16)   Merge Heap Roots: 0.11ms
[2026-05-06T20:34:08.515+0300][22.817s][info][gc,phases   ] GC(16)   Evacuate Collection Set: 5.92ms
[2026-05-06T20:34:08.515+0300][22.817s][info][gc,phases   ] GC(16)   Post Evacuate Collection Set: 0.73ms
[2026-05-06T20:34:08.515+0300][22.817s][info][gc,phases   ] GC(16)   Other: 0.21ms
[2026-05-06T20:34:08.515+0300][22.817s][info][gc,heap     ] GC(16) Eden regions: 35->0(35)
[2026-05-06T20:34:08.515+0300][22.817s][info][gc,heap     ] GC(16) Survivor regions: 3->3(5)
[2026-05-06T20:34:08.515+0300][22.817s][info][gc,heap     ] GC(16) Old regions: 11->12
[2026-05-06T20:34:08.515+0300][22.817s][info][gc,heap     ] GC(16) Humongous regions: 1->1
[2026-05-06T20:34:08.515+0300][22.817s][info][gc,metaspace] GC(16) Metaspace: 16988K(40192K)->16988K(40192K) NonClass: 13207K(29504K)->13207K(29504K) Class: 3781K(10688K)->3781K(10688K)
[2026-05-06T20:34:08.515+0300][22.817s][info][gc          ] GC(16) Pause Young (Normal) (G1 Evacuation Pause) 49M->15M(64M) 7.778ms
[2026-05-06T20:34:08.515+0300][22.817s][info][gc,cpu      ] GC(16) User=0.01s Sys=0.01s Real=0.00s
[2026-05-06T20:34:08.786+0300][23.088s][info][gc,start    ] GC(17) Pause Young (Normal) (G1 Evacuation Pause)
[2026-05-06T20:34:08.786+0300][23.088s][info][gc,task     ] GC(17) Using 2 workers of 8 for evacuation
[2026-05-06T20:34:08.795+0300][23.097s][info][gc,phases   ] GC(17)   Pre Evacuate Collection Set: 0.15ms
[2026-05-06T20:34:08.795+0300][23.097s][info][gc,phases   ] GC(17)   Merge Heap Roots: 0.10ms
[2026-05-06T20:34:08.795+0300][23.097s][info][gc,phases   ] GC(17)   Evacuate Collection Set: 7.68ms
[2026-05-06T20:34:08.795+0300][23.097s][info][gc,phases   ] GC(17)   Post Evacuate Collection Set: 0.77ms
[2026-05-06T20:34:08.795+0300][23.097s][info][gc,phases   ] GC(17)   Other: 0.16ms
[2026-05-06T20:34:08.795+0300][23.097s][info][gc,heap     ] GC(17) Eden regions: 35->0(35)
[2026-05-06T20:34:08.795+0300][23.097s][info][gc,heap     ] GC(17) Survivor regions: 3->3(5)
[2026-05-06T20:34:08.795+0300][23.097s][info][gc,heap     ] GC(17) Old regions: 12->13
[2026-05-06T20:34:08.795+0300][23.097s][info][gc,heap     ] GC(17) Humongous regions: 1->1
[2026-05-06T20:34:08.795+0300][23.097s][info][gc,metaspace] GC(17) Metaspace: 17306K(42368K)->17306K(42368K) NonClass: 13345K(30976K)->13345K(30976K) Class: 3960K(11392K)->3960K(11392K)
[2026-05-06T20:34:08.795+0300][23.097s][info][gc          ] GC(17) Pause Young (Normal) (G1 Evacuation Pause) 50M->16M(64M) 9.478ms
[2026-05-06T20:34:08.795+0300][23.097s][info][gc,cpu      ] GC(17) User=0.02s Sys=0.00s Real=0.01s
[2026-05-06T20:34:09.065+0300][23.367s][info][gc,start    ] GC(18) Pause Young (Normal) (G1 Evacuation Pause)
[2026-05-06T20:34:09.065+0300][23.367s][info][gc,task     ] GC(18) Using 2 workers of 8 for evacuation
[2026-05-06T20:34:09.078+0300][23.380s][info][gc,phases   ] GC(18)   Pre Evacuate Collection Set: 0.20ms
[2026-05-06T20:34:09.078+0300][23.380s][info][gc,phases   ] GC(18)   Merge Heap Roots: 0.09ms
[2026-05-06T20:34:09.078+0300][23.380s][info][gc,phases   ] GC(18)   Evacuate Collection Set: 11.94ms
[2026-05-06T20:34:09.078+0300][23.380s][info][gc,phases   ] GC(18)   Post Evacuate Collection Set: 0.72ms
[2026-05-06T20:34:09.078+0300][23.380s][info][gc,phases   ] GC(18)   Other: 0.15ms
[2026-05-06T20:34:09.078+0300][23.380s][info][gc,heap     ] GC(18) Eden regions: 35->0(35)
[2026-05-06T20:34:09.078+0300][23.380s][info][gc,heap     ] GC(18) Survivor regions: 3->3(5)
[2026-05-06T20:34:09.078+0300][23.380s][info][gc,heap     ] GC(18) Old regions: 13->14
[2026-05-06T20:34:09.078+0300][23.380s][info][gc,heap     ] GC(18) Humongous regions: 1->1
[2026-05-06T20:34:09.078+0300][23.380s][info][gc,metaspace] GC(18) Metaspace: 17624K(44480K)->17624K(44480K) NonClass: 13483K(32384K)->13483K(32384K) Class: 4140K(12096K)->4140K(12096K)
[2026-05-06T20:34:09.078+0300][23.380s][info][gc          ] GC(18) Pause Young (Normal) (G1 Evacuation Pause) 51M->16M(64M) 13.504ms
[2026-05-06T20:34:09.078+0300][23.380s][info][gc,cpu      ] GC(18) User=0.03s Sys=0.01s Real=0.02s
[2026-05-06T20:34:09.342+0300][23.644s][info][gc,start    ] GC(19) Pause Young (Normal) (G1 Evacuation Pause)
[2026-05-06T20:34:09.342+0300][23.644s][info][gc,task     ] GC(19) Using 2 workers of 8 for evacuation
[2026-05-06T20:34:09.352+0300][23.654s][info][gc,phases   ] GC(19)   Pre Evacuate Collection Set: 0.18ms
[2026-05-06T20:34:09.352+0300][23.654s][info][gc,phases   ] GC(19)   Merge Heap Roots: 0.07ms
[2026-05-06T20:34:09.352+0300][23.654s][info][gc,phases   ] GC(19)   Evacuate Collection Set: 8.96ms
[2026-05-06T20:34:09.352+0300][23.654s][info][gc,phases   ] GC(19)   Post Evacuate Collection Set: 0.75ms
[2026-05-06T20:34:09.352+0300][23.654s][info][gc,phases   ] GC(19)   Other: 0.12ms
[2026-05-06T20:34:09.352+0300][23.654s][info][gc,heap     ] GC(19) Eden regions: 35->0(35)
[2026-05-06T20:34:09.352+0300][23.654s][info][gc,heap     ] GC(19) Survivor regions: 3->3(5)
[2026-05-06T20:34:09.352+0300][23.654s][info][gc,heap     ] GC(19) Old regions: 14->14
[2026-05-06T20:34:09.352+0300][23.654s][info][gc,heap     ] GC(19) Humongous regions: 1->1
[2026-05-06T20:34:09.352+0300][23.654s][info][gc,metaspace] GC(19) Metaspace: 17960K(46656K)->17960K(46656K) NonClass: 13640K(33856K)->13640K(33856K) Class: 4319K(12800K)->4319K(12800K)
[2026-05-06T20:34:09.352+0300][23.654s][info][gc          ] GC(19) Pause Young (Normal) (G1 Evacuation Pause) 51M->17M(64M) 10.505ms
[2026-05-06T20:34:09.352+0300][23.654s][info][gc,cpu      ] GC(19) User=0.03s Sys=0.01s Real=0.01s
[2026-05-06T20:34:09.625+0300][23.927s][info][gc,start    ] GC(20) Pause Young (Normal) (G1 Evacuation Pause)
[2026-05-06T20:34:09.626+0300][23.927s][info][gc,task     ] GC(20) Using 2 workers of 8 for evacuation
[2026-05-06T20:34:09.636+0300][23.938s][info][gc,phases   ] GC(20)   Pre Evacuate Collection Set: 0.19ms
[2026-05-06T20:34:09.636+0300][23.938s][info][gc,phases   ] GC(20)   Merge Heap Roots: 0.09ms
[2026-05-06T20:34:09.636+0300][23.938s][info][gc,phases   ] GC(20)   Evacuate Collection Set: 9.09ms
[2026-05-06T20:34:09.636+0300][23.938s][info][gc,phases   ] GC(20)   Post Evacuate Collection Set: 0.77ms
[2026-05-06T20:34:09.636+0300][23.938s][info][gc,phases   ] GC(20)   Other: 0.16ms
[2026-05-06T20:34:09.636+0300][23.938s][info][gc,heap     ] GC(20) Eden regions: 35->0(35)
[2026-05-06T20:34:09.636+0300][23.938s][info][gc,heap     ] GC(20) Survivor regions: 3->3(5)
[2026-05-06T20:34:09.636+0300][23.938s][info][gc,heap     ] GC(20) Old regions: 14->15
[2026-05-06T20:34:09.636+0300][23.938s][info][gc,heap     ] GC(20) Humongous regions: 1->1
[2026-05-06T20:34:09.636+0300][23.938s][info][gc,metaspace] GC(20) Metaspace: 18279K(48768K)->18279K(48768K) NonClass: 13779K(35264K)->13779K(35264K) Class: 4500K(13504K)->4500K(13504K)
[2026-05-06T20:34:09.636+0300][23.938s][info][gc          ] GC(20) Pause Young (Normal) (G1 Evacuation Pause) 52M->18M(64M) 10.864ms
[2026-05-06T20:34:09.636+0300][23.938s][info][gc,cpu      ] GC(20) User=0.03s Sys=0.01s Real=0.01s
[2026-05-06T20:34:09.867+0300][24.169s][info][gc,start    ] GC(21) Pause Young (Normal) (G1 Evacuation Pause)
[2026-05-06T20:34:09.867+0300][24.169s][info][gc,task     ] GC(21) Using 2 workers of 8 for evacuation
[2026-05-06T20:34:09.876+0300][24.178s][info][gc,phases   ] GC(21)   Pre Evacuate Collection Set: 0.14ms
[2026-05-06T20:34:09.876+0300][24.178s][info][gc,phases   ] GC(21)   Merge Heap Roots: 0.07ms
[2026-05-06T20:34:09.876+0300][24.178s][info][gc,phases   ] GC(21)   Evacuate Collection Set: 7.93ms
[2026-05-06T20:34:09.876+0300][24.178s][info][gc,phases   ] GC(21)   Post Evacuate Collection Set: 0.82ms
[2026-05-06T20:34:09.876+0300][24.178s][info][gc,phases   ] GC(21)   Other: 0.15ms
[2026-05-06T20:34:09.876+0300][24.178s][info][gc,heap     ] GC(21) Eden regions: 35->0(35)
[2026-05-06T20:34:09.876+0300][24.178s][info][gc,heap     ] GC(21) Survivor regions: 3->3(5)
[2026-05-06T20:34:09.876+0300][24.178s][info][gc,heap     ] GC(21) Old regions: 15->16
[2026-05-06T20:34:09.876+0300][24.178s][info][gc,heap     ] GC(21) Humongous regions: 1->1
[2026-05-06T20:34:09.876+0300][24.178s][info][gc,metaspace] GC(21) Metaspace: 18599K(50880K)->18599K(50880K) NonClass: 13918K(36672K)->13918K(36672K) Class: 4680K(14208K)->4680K(14208K)
[2026-05-06T20:34:09.876+0300][24.178s][info][gc          ] GC(21) Pause Young (Normal) (G1 Evacuation Pause) 53M->19M(64M) 9.673ms
[2026-05-06T20:34:09.876+0300][24.178s][info][gc,cpu      ] GC(21) User=0.03s Sys=0.00s Real=0.01s
[2026-05-06T20:34:10.102+0300][24.404s][info][gc,start    ] GC(22) Pause Young (Normal) (G1 Evacuation Pause)
[2026-05-06T20:34:10.102+0300][24.404s][info][gc,task     ] GC(22) Using 2 workers of 8 for evacuation
[2026-05-06T20:34:10.110+0300][24.412s][info][gc,phases   ] GC(22)   Pre Evacuate Collection Set: 0.19ms
[2026-05-06T20:34:10.111+0300][24.412s][info][gc,phases   ] GC(22)   Merge Heap Roots: 0.15ms
[2026-05-06T20:34:10.111+0300][24.412s][info][gc,phases   ] GC(22)   Evacuate Collection Set: 7.24ms
[2026-05-06T20:34:10.111+0300][24.412s][info][gc,phases   ] GC(22)   Post Evacuate Collection Set: 0.81ms
[2026-05-06T20:34:10.111+0300][24.413s][info][gc,phases   ] GC(22)   Other: 0.16ms
[2026-05-06T20:34:10.111+0300][24.413s][info][gc,heap     ] GC(22) Eden regions: 35->0(35)
[2026-05-06T20:34:10.111+0300][24.413s][info][gc,heap     ] GC(22) Survivor regions: 3->3(5)
[2026-05-06T20:34:10.111+0300][24.413s][info][gc,heap     ] GC(22) Old regions: 16->16
[2026-05-06T20:34:10.111+0300][24.413s][info][gc,heap     ] GC(22) Humongous regions: 1->1
[2026-05-06T20:34:10.111+0300][24.413s][info][gc,metaspace] GC(22) Metaspace: 18921K(53056K)->18921K(53056K) NonClass: 14058K(38144K)->14058K(38144K) Class: 4862K(14912K)->4862K(14912K)
[2026-05-06T20:34:10.111+0300][24.413s][info][gc          ] GC(22) Pause Young (Normal) (G1 Evacuation Pause) 54M->20M(64M) 9.102ms
[2026-05-06T20:34:10.111+0300][24.413s][info][gc,cpu      ] GC(22) User=0.03s Sys=0.00s Real=0.01s
[2026-05-06T20:34:10.327+0300][24.629s][info][gc,start    ] GC(23) Pause Young (Normal) (G1 Evacuation Pause)
[2026-05-06T20:34:10.327+0300][24.629s][info][gc,task     ] GC(23) Using 2 workers of 8 for evacuation
[2026-05-06T20:34:10.337+0300][24.639s][info][gc,phases   ] GC(23)   Pre Evacuate Collection Set: 0.13ms
[2026-05-06T20:34:10.337+0300][24.639s][info][gc,phases   ] GC(23)   Merge Heap Roots: 0.08ms
[2026-05-06T20:34:10.337+0300][24.639s][info][gc,phases   ] GC(23)   Evacuate Collection Set: 8.19ms
[2026-05-06T20:34:10.337+0300][24.639s][info][gc,phases   ] GC(23)   Post Evacuate Collection Set: 0.73ms
[2026-05-06T20:34:10.337+0300][24.639s][info][gc,phases   ] GC(23)   Other: 0.12ms
[2026-05-06T20:34:10.337+0300][24.639s][info][gc,heap     ] GC(23) Eden regions: 35->0(35)
[2026-05-06T20:34:10.337+0300][24.639s][info][gc,heap     ] GC(23) Survivor regions: 3->3(5)
[2026-05-06T20:34:10.337+0300][24.639s][info][gc,heap     ] GC(23) Old regions: 16->17
[2026-05-06T20:34:10.337+0300][24.639s][info][gc,heap     ] GC(23) Humongous regions: 1->1
[2026-05-06T20:34:10.337+0300][24.639s][info][gc,metaspace] GC(23) Metaspace: 19248K(55232K)->19248K(55232K) NonClass: 14204K(39552K)->14204K(39552K) Class: 5043K(15680K)->5043K(15680K)
[2026-05-06T20:34:10.337+0300][24.639s][info][gc          ] GC(23) Pause Young (Normal) (G1 Evacuation Pause) 55M->20M(64M) 9.635ms
[2026-05-06T20:34:10.337+0300][24.639s][info][gc,cpu      ] GC(23) User=0.01s Sys=0.01s Real=0.01s
[2026-05-06T20:34:10.581+0300][24.883s][info][gc,start    ] GC(24) Pause Young (Normal) (G1 Evacuation Pause)
[2026-05-06T20:34:10.581+0300][24.883s][info][gc,task     ] GC(24) Using 2 workers of 8 for evacuation
[2026-05-06T20:34:10.590+0300][24.892s][info][gc,phases   ] GC(24)   Pre Evacuate Collection Set: 0.18ms
[2026-05-06T20:34:10.590+0300][24.892s][info][gc,phases   ] GC(24)   Merge Heap Roots: 0.08ms
[2026-05-06T20:34:10.590+0300][24.892s][info][gc,phases   ] GC(24)   Evacuate Collection Set: 7.27ms
[2026-05-06T20:34:10.590+0300][24.892s][info][gc,phases   ] GC(24)   Post Evacuate Collection Set: 0.85ms
[2026-05-06T20:34:10.590+0300][24.892s][info][gc,phases   ] GC(24)   Other: 0.13ms
[2026-05-06T20:34:10.590+0300][24.892s][info][gc,heap     ] GC(24) Eden regions: 35->0(35)
[2026-05-06T20:34:10.590+0300][24.892s][info][gc,heap     ] GC(24) Survivor regions: 3->3(5)
[2026-05-06T20:34:10.590+0300][24.892s][info][gc,heap     ] GC(24) Old regions: 17->18
[2026-05-06T20:34:10.590+0300][24.892s][info][gc,heap     ] GC(24) Humongous regions: 1->1
[2026-05-06T20:34:10.590+0300][24.892s][info][gc,metaspace] GC(24) Metaspace: 19570K(57344K)->19570K(57344K) NonClass: 14344K(40960K)->14344K(40960K) Class: 5225K(16384K)->5225K(16384K)
[2026-05-06T20:34:10.590+0300][24.892s][info][gc          ] GC(24) Pause Young (Normal) (G1 Evacuation Pause) 55M->21M(64M) 8.884ms
[2026-05-06T20:34:10.590+0300][24.892s][info][gc,cpu      ] GC(24) User=0.02s Sys=0.01s Real=0.01s
[2026-05-06T20:34:10.803+0300][25.105s][info][gc,start    ] GC(25) Pause Young (Normal) (G1 Evacuation Pause)
[2026-05-06T20:34:10.803+0300][25.105s][info][gc,task     ] GC(25) Using 2 workers of 8 for evacuation
[2026-05-06T20:34:10.816+0300][25.118s][info][gc,phases   ] GC(25)   Pre Evacuate Collection Set: 0.20ms
[2026-05-06T20:34:10.816+0300][25.118s][info][gc,phases   ] GC(25)   Merge Heap Roots: 0.10ms
[2026-05-06T20:34:10.817+0300][25.118s][info][gc,phases   ] GC(25)   Evacuate Collection Set: 11.81ms
[2026-05-06T20:34:10.817+0300][25.118s][info][gc,phases   ] GC(25)   Post Evacuate Collection Set: 0.95ms
[2026-05-06T20:34:10.817+0300][25.118s][info][gc,phases   ] GC(25)   Other: 0.12ms
[2026-05-06T20:34:10.817+0300][25.119s][info][gc,heap     ] GC(25) Eden regions: 35->0(35)
[2026-05-06T20:34:10.817+0300][25.119s][info][gc,heap     ] GC(25) Survivor regions: 3->3(5)
[2026-05-06T20:34:10.817+0300][25.119s][info][gc,heap     ] GC(25) Old regions: 18->19
[2026-05-06T20:34:10.817+0300][25.119s][info][gc,heap     ] GC(25) Humongous regions: 1->1
[2026-05-06T20:34:10.817+0300][25.119s][info][gc,metaspace] GC(25) Metaspace: 19893K(59520K)->19893K(59520K) NonClass: 14485K(42432K)->14485K(42432K) Class: 5408K(17088K)->5408K(17088K)
[2026-05-06T20:34:10.817+0300][25.119s][info][gc          ] GC(25) Pause Young (Normal) (G1 Evacuation Pause) 56M->22M(64M) 13.570ms
[2026-05-06T20:34:10.817+0300][25.119s][info][gc,cpu      ] GC(25) User=0.02s Sys=0.00s Real=0.02s
[2026-05-06T20:34:10.880+0300][25.182s][info][gc,start    ] GC(26) Pause Young (Concurrent Start) (Metadata GC Threshold)
[2026-05-06T20:34:10.880+0300][25.182s][info][gc,task     ] GC(26) Using 2 workers of 8 for evacuation
[2026-05-06T20:34:10.889+0300][25.191s][info][gc,phases   ] GC(26)   Pre Evacuate Collection Set: 0.20ms
[2026-05-06T20:34:10.889+0300][25.191s][info][gc,phases   ] GC(26)   Merge Heap Roots: 0.10ms
[2026-05-06T20:34:10.889+0300][25.191s][info][gc,phases   ] GC(26)   Evacuate Collection Set: 7.77ms
[2026-05-06T20:34:10.889+0300][25.191s][info][gc,phases   ] GC(26)   Post Evacuate Collection Set: 0.76ms
[2026-05-06T20:34:10.889+0300][25.191s][info][gc,phases   ] GC(26)   Other: 0.16ms
[2026-05-06T20:34:10.889+0300][25.191s][info][gc,heap     ] GC(26) Eden regions: 12->0(35)
[2026-05-06T20:34:10.889+0300][25.191s][info][gc,heap     ] GC(26) Survivor regions: 3->3(5)
[2026-05-06T20:34:10.889+0300][25.191s][info][gc,heap     ] GC(26) Old regions: 19->20
[2026-05-06T20:34:10.889+0300][25.191s][info][gc,heap     ] GC(26) Humongous regions: 1->1
[2026-05-06T20:34:10.889+0300][25.191s][info][gc,metaspace] GC(26) Metaspace: 19995K(60160K)->19995K(60160K) NonClass: 14529K(42880K)->14529K(42880K) Class: 5465K(17280K)->5465K(17280K)
[2026-05-06T20:34:10.890+0300][25.191s][info][gc          ] GC(26) Pause Young (Concurrent Start) (Metadata GC Threshold) 33M->22M(64M) 9.413ms
[2026-05-06T20:34:10.890+0300][25.191s][info][gc,cpu      ] GC(26) User=0.01s Sys=0.00s Real=0.01s
[2026-05-06T20:34:10.890+0300][25.192s][info][gc          ] GC(27) Concurrent Mark Cycle
[2026-05-06T20:34:10.890+0300][25.192s][info][gc,marking  ] GC(27) Concurrent Scan Root Regions
[2026-05-06T20:34:10.893+0300][25.195s][info][gc,marking  ] GC(27) Concurrent Scan Root Regions 3.047ms
[2026-05-06T20:34:10.893+0300][25.195s][info][gc,marking  ] GC(27) Concurrent Mark
[2026-05-06T20:34:10.893+0300][25.195s][info][gc,marking  ] GC(27) Concurrent Mark From Roots
[2026-05-06T20:34:10.893+0300][25.195s][info][gc,task     ] GC(27) Using 2 workers of 2 for marking
[2026-05-06T20:34:10.923+0300][25.225s][info][gc,marking  ] GC(27) Concurrent Mark From Roots 30.306ms
[2026-05-06T20:34:10.923+0300][25.225s][info][gc,marking  ] GC(27) Concurrent Preclean
[2026-05-06T20:34:10.923+0300][25.225s][info][gc,marking  ] GC(27) Concurrent Preclean 0.150ms
[2026-05-06T20:34:10.924+0300][25.226s][info][gc,start    ] GC(27) Pause Remark
[2026-05-06T20:34:10.931+0300][25.233s][info][gc          ] GC(27) Pause Remark 27M->27M(64M) 7.662ms
[2026-05-06T20:34:10.931+0300][25.233s][info][gc,cpu      ] GC(27) User=0.02s Sys=0.00s Real=0.01s
[2026-05-06T20:34:10.932+0300][25.233s][info][gc,marking  ] GC(27) Concurrent Mark 38.736ms
[2026-05-06T20:34:10.932+0300][25.234s][info][gc,marking  ] GC(27) Concurrent Rebuild Remembered Sets and Scrub Regions
[2026-05-06T20:34:10.943+0300][25.245s][info][gc,marking  ] GC(27) Concurrent Rebuild Remembered Sets and Scrub Regions 11.018ms
[2026-05-06T20:34:10.943+0300][25.245s][info][gc,start    ] GC(27) Pause Cleanup
[2026-05-06T20:34:10.943+0300][25.245s][info][gc          ] GC(27) Pause Cleanup 28M->28M(64M) 0.227ms
[2026-05-06T20:34:10.943+0300][25.245s][info][gc,cpu      ] GC(27) User=0.00s Sys=0.00s Real=0.00s
[2026-05-06T20:34:10.943+0300][25.245s][info][gc,marking  ] GC(27) Concurrent Clear Claimed Marks
[2026-05-06T20:34:10.944+0300][25.246s][info][gc,marking  ] GC(27) Concurrent Clear Claimed Marks 0.720ms
[2026-05-06T20:34:10.944+0300][25.246s][info][gc,marking  ] GC(27) Concurrent Cleanup for Next Mark
[2026-05-06T20:34:10.944+0300][25.246s][info][gc,marking  ] GC(27) Concurrent Cleanup for Next Mark 0.327ms
[2026-05-06T20:34:10.944+0300][25.246s][info][gc          ] GC(27) Concurrent Mark Cycle 54.873ms
[2026-05-06T20:34:11.114+0300][25.416s][info][gc,start    ] GC(28) Pause Young (Prepare Mixed) (G1 Evacuation Pause)
[2026-05-06T20:34:11.114+0300][25.416s][info][gc,task     ] GC(28) Using 2 workers of 8 for evacuation
[2026-05-06T20:34:11.120+0300][25.422s][info][gc,phases   ] GC(28)   Pre Evacuate Collection Set: 0.20ms
[2026-05-06T20:34:11.120+0300][25.422s][info][gc,phases   ] GC(28)   Merge Heap Roots: 0.12ms
[2026-05-06T20:34:11.120+0300][25.422s][info][gc,phases   ] GC(28)   Evacuate Collection Set: 4.62ms
[2026-05-06T20:34:11.120+0300][25.422s][info][gc,phases   ] GC(28)   Post Evacuate Collection Set: 0.82ms
[2026-05-06T20:34:11.120+0300][25.422s][info][gc,phases   ] GC(28)   Other: 0.16ms
[2026-05-06T20:34:11.120+0300][25.422s][info][gc,heap     ] GC(28) Eden regions: 35->0(35)
[2026-05-06T20:34:11.120+0300][25.422s][info][gc,heap     ] GC(28) Survivor regions: 3->3(5)
[2026-05-06T20:34:11.120+0300][25.422s][info][gc,heap     ] GC(28) Old regions: 20->20
[2026-05-06T20:34:11.120+0300][25.422s][info][gc,heap     ] GC(28) Humongous regions: 1->1
[2026-05-06T20:34:11.120+0300][25.422s][info][gc,metaspace] GC(28) Metaspace: 20319K(62336K)->20319K(62336K) NonClass: 14670K(44288K)->14670K(44288K) Class: 5648K(18048K)->5648K(18048K)
[2026-05-06T20:34:11.120+0300][25.422s][info][gc          ] GC(28) Pause Young (Prepare Mixed) (G1 Evacuation Pause) 57M->22M(64M) 6.445ms
[2026-05-06T20:34:11.120+0300][25.422s][info][gc,cpu      ] GC(28) User=0.01s Sys=0.00s Real=0.01s
[2026-05-06T20:34:11.306+0300][25.608s][info][gc,start    ] GC(29) Pause Young (Mixed) (G1 Evacuation Pause)
[2026-05-06T20:34:11.306+0300][25.608s][info][gc,task     ] GC(29) Using 2 workers of 8 for evacuation
[2026-05-06T20:34:11.318+0300][25.620s][info][gc,phases   ] GC(29)   Pre Evacuate Collection Set: 0.21ms
[2026-05-06T20:34:11.319+0300][25.620s][info][gc,phases   ] GC(29)   Merge Heap Roots: 0.19ms
[2026-05-06T20:34:11.319+0300][25.620s][info][gc,phases   ] GC(29)   Evacuate Collection Set: 10.56ms
[2026-05-06T20:34:11.319+0300][25.620s][info][gc,phases   ] GC(29)   Post Evacuate Collection Set: 0.83ms
[2026-05-06T20:34:11.319+0300][25.621s][info][gc,phases   ] GC(29)   Other: 0.20ms
[2026-05-06T20:34:11.319+0300][25.621s][info][gc,heap     ] GC(29) Eden regions: 35->0(35)
[2026-05-06T20:34:11.319+0300][25.621s][info][gc,heap     ] GC(29) Survivor regions: 3->3(5)
[2026-05-06T20:34:11.319+0300][25.621s][info][gc,heap     ] GC(29) Old regions: 20->20
[2026-05-06T20:34:11.319+0300][25.621s][info][gc,heap     ] GC(29) Humongous regions: 1->1
[2026-05-06T20:34:11.319+0300][25.621s][info][gc,metaspace] GC(29) Metaspace: 20646K(64512K)->20646K(64512K) NonClass: 14815K(45760K)->14815K(45760K) Class: 5831K(18752K)->5831K(18752K)
[2026-05-06T20:34:11.319+0300][25.621s][info][gc          ] GC(29) Pause Young (Mixed) (G1 Evacuation Pause) 57M->23M(64M) 12.535ms
[2026-05-06T20:34:11.319+0300][25.621s][info][gc,cpu      ] GC(29) User=0.02s Sys=0.01s Real=0.02s
[2026-05-06T20:34:11.494+0300][25.796s][info][gc,start    ] GC(30) Pause Young (Concurrent Start) (Metadata GC Threshold)
[2026-05-06T20:34:11.495+0300][25.797s][info][gc,task     ] GC(30) Using 2 workers of 8 for evacuation
[2026-05-06T20:34:11.503+0300][25.805s][info][gc,phases   ] GC(30)   Pre Evacuate Collection Set: 0.19ms
[2026-05-06T20:34:11.503+0300][25.805s][info][gc,phases   ] GC(30)   Merge Heap Roots: 0.06ms
[2026-05-06T20:34:11.503+0300][25.805s][info][gc,phases   ] GC(30)   Evacuate Collection Set: 7.02ms
[2026-05-06T20:34:11.503+0300][25.805s][info][gc,phases   ] GC(30)   Post Evacuate Collection Set: 0.69ms
[2026-05-06T20:34:11.503+0300][25.805s][info][gc,phases   ] GC(30)   Other: 0.19ms
[2026-05-06T20:34:11.503+0300][25.805s][info][gc,heap     ] GC(30) Eden regions: 18->0(35)
[2026-05-06T20:34:11.503+0300][25.805s][info][gc,heap     ] GC(30) Survivor regions: 3->3(5)
[2026-05-06T20:34:11.503+0300][25.805s][info][gc,heap     ] GC(30) Old regions: 20->21
[2026-05-06T20:34:11.503+0300][25.805s][info][gc,heap     ] GC(30) Humongous regions: 1->1
[2026-05-06T20:34:11.503+0300][25.805s][info][gc,metaspace] GC(30) Metaspace: 20805K(65536K)->20805K(65536K) NonClass: 14884K(46464K)->14884K(46464K) Class: 5920K(19072K)->5920K(19072K)
[2026-05-06T20:34:11.503+0300][25.805s][info][gc          ] GC(30) Pause Young (Concurrent Start) (Metadata GC Threshold) 41M->24M(64M) 8.726ms
[2026-05-06T20:34:11.503+0300][25.805s][info][gc,cpu      ] GC(30) User=0.02s Sys=0.01s Real=0.01s
[2026-05-06T20:34:11.503+0300][25.805s][info][gc          ] GC(31) Concurrent Mark Cycle
[2026-05-06T20:34:11.503+0300][25.805s][info][gc,start    ] GC(32) Pause Full (Metadata GC Threshold)
[2026-05-06T20:34:11.503+0300][25.805s][info][gc,marking  ] GC(31) Concurrent Scan Root Regions
[2026-05-06T20:34:11.503+0300][25.805s][info][gc,task     ] GC(32) Using 2 workers of 8 for full compaction
[2026-05-06T20:34:11.505+0300][25.807s][info][gc,marking  ] GC(31) Concurrent Scan Root Regions 1.799ms
[2026-05-06T20:34:11.505+0300][25.807s][info][gc,marking  ] GC(31) Concurrent Mark
[2026-05-06T20:34:11.505+0300][25.807s][info][gc,marking  ] GC(31) Concurrent Mark From Roots
[2026-05-06T20:34:11.505+0300][25.807s][info][gc,task     ] GC(31) Using 2 workers of 2 for marking
[2026-05-06T20:34:11.506+0300][25.808s][info][gc,phases,start] GC(32) Phase 1: Mark live objects
[2026-05-06T20:34:11.542+0300][25.844s][info][gc,phases      ] GC(32) Phase 1: Mark live objects 36.453ms
[2026-05-06T20:34:11.542+0300][25.844s][info][gc,phases,start] GC(32) Phase 2: Prepare compaction
[2026-05-06T20:34:11.547+0300][25.849s][info][gc,phases      ] GC(32) Phase 2: Prepare compaction 4.839ms
[2026-05-06T20:34:11.547+0300][25.849s][info][gc,phases,start] GC(32) Phase 3: Adjust pointers
[2026-05-06T20:34:11.559+0300][25.861s][info][gc,phases      ] GC(32) Phase 3: Adjust pointers 12.025ms
[2026-05-06T20:34:11.559+0300][25.861s][info][gc,phases,start] GC(32) Phase 4: Compact heap
[2026-05-06T20:34:11.564+0300][25.866s][info][gc,phases      ] GC(32) Phase 4: Compact heap 5.266ms
[2026-05-06T20:34:11.565+0300][25.866s][info][gc,phases,start] GC(32) Phase 5: Reset Metadata
[2026-05-06T20:34:11.567+0300][25.869s][info][gc,phases      ] GC(32) Phase 5: Reset Metadata 2.605ms
[2026-05-06T20:34:11.573+0300][25.874s][info][gc,heap        ] GC(32) Eden regions: 0->0(37)
[2026-05-06T20:34:11.573+0300][25.875s][info][gc,heap        ] GC(32) Survivor regions: 3->0(5)
[2026-05-06T20:34:11.573+0300][25.875s][info][gc,heap        ] GC(32) Old regions: 21->22
[2026-05-06T20:34:11.573+0300][25.875s][info][gc,heap        ] GC(32) Humongous regions: 1->1
[2026-05-06T20:34:11.573+0300][25.875s][info][gc,metaspace   ] GC(32) Metaspace: 20805K(65536K)->20805K(65536K) NonClass: 14884K(46464K)->14884K(46464K) Class: 5920K(19072K)->5920K(19072K)
[2026-05-06T20:34:11.573+0300][25.875s][info][gc             ] GC(32) Pause Full (Metadata GC Threshold) 24M->22M(64M) 69.507ms
[2026-05-06T20:34:11.573+0300][25.875s][info][gc,cpu         ] GC(32) User=0.14s Sys=0.00s Real=0.07s
[2026-05-06T20:34:11.573+0300][25.875s][info][gc,start       ] GC(33) Pause Full (Metadata GC Clear Soft References)
[2026-05-06T20:34:11.573+0300][25.875s][info][gc,task        ] GC(33) Using 2 workers of 8 for full compaction
[2026-05-06T20:34:11.573+0300][25.875s][info][gc,phases,start] GC(33) Phase 1: Mark live objects
[2026-05-06T20:34:11.618+0300][25.920s][info][gc,phases      ] GC(33) Phase 1: Mark live objects 44.569ms
[2026-05-06T20:34:11.618+0300][25.920s][info][gc,phases,start] GC(33) Phase 2: Prepare compaction
[2026-05-06T20:34:11.620+0300][25.921s][info][gc,phases      ] GC(33) Phase 2: Prepare compaction 1.551ms
[2026-05-06T20:34:11.620+0300][25.922s][info][gc,phases,start] GC(33) Phase 3: Adjust pointers
[2026-05-06T20:34:11.630+0300][25.932s][info][gc,phases      ] GC(33) Phase 3: Adjust pointers 10.416ms
[2026-05-06T20:34:11.630+0300][25.932s][info][gc,phases,start] GC(33) Phase 4: Compact heap
[2026-05-06T20:34:11.633+0300][25.935s][info][gc,phases      ] GC(33) Phase 4: Compact heap 2.642ms
[2026-05-06T20:34:11.633+0300][25.935s][info][gc,phases,start] GC(33) Phase 5: Reset Metadata
[2026-05-06T20:34:11.636+0300][25.938s][info][gc,phases      ] GC(33) Phase 5: Reset Metadata 3.462ms
[2026-05-06T20:34:11.642+0300][25.944s][info][gc,heap        ] GC(33) Eden regions: 0->0(38)
[2026-05-06T20:34:11.642+0300][25.944s][info][gc,heap        ] GC(33) Survivor regions: 0->0(5)
[2026-05-06T20:34:11.642+0300][25.944s][info][gc,heap        ] GC(33) Old regions: 22->21
[2026-05-06T20:34:11.643+0300][25.944s][info][gc,heap        ] GC(33) Humongous regions: 1->1
[2026-05-06T20:34:11.643+0300][25.944s][info][gc,metaspace   ] GC(33) Metaspace: 20805K(65536K)->20553K(65536K) NonClass: 14884K(46464K)->14690K(46464K) Class: 5920K(19072K)->5862K(19072K)
[2026-05-06T20:34:11.643+0300][25.945s][info][gc             ] GC(33) Pause Full (Metadata GC Clear Soft References) 22M->21M(64M) 69.712ms
[2026-05-06T20:34:11.643+0300][25.945s][info][gc,cpu         ] GC(33) User=0.13s Sys=0.00s Real=0.07s
[2026-05-06T20:34:11.643+0300][25.945s][info][gc,marking     ] GC(31) Concurrent Mark From Roots 137.555ms
[2026-05-06T20:34:11.643+0300][25.945s][info][gc,marking     ] GC(31) Concurrent Mark Abort
[2026-05-06T20:34:11.643+0300][25.945s][info][gc             ] GC(31) Concurrent Mark Cycle 139.607ms
[2026-05-06T20:34:11.717+0300][26.019s][info][gc,start       ] GC(34) Pause Young (Concurrent Start) (Metadata GC Threshold)
[2026-05-06T20:34:11.717+0300][26.019s][info][gc,task        ] GC(34) Using 2 workers of 8 for evacuation
[2026-05-06T20:34:11.722+0300][26.024s][info][gc,phases      ] GC(34)   Pre Evacuate Collection Set: 0.22ms
[2026-05-06T20:34:11.722+0300][26.024s][info][gc,phases      ] GC(34)   Merge Heap Roots: 0.08ms
[2026-05-06T20:34:11.722+0300][26.024s][info][gc,phases      ] GC(34)   Evacuate Collection Set: 3.53ms
[2026-05-06T20:34:11.722+0300][26.024s][info][gc,phases      ] GC(34)   Post Evacuate Collection Set: 0.72ms
[2026-05-06T20:34:11.722+0300][26.024s][info][gc,phases      ] GC(34)   Other: 0.22ms
[2026-05-06T20:34:11.722+0300][26.024s][info][gc,heap        ] GC(34) Eden regions: 9->0(37)
[2026-05-06T20:34:11.722+0300][26.024s][info][gc,heap        ] GC(34) Survivor regions: 0->1(5)
[2026-05-06T20:34:11.722+0300][26.024s][info][gc,heap        ] GC(34) Old regions: 21->21
[2026-05-06T20:34:11.722+0300][26.024s][info][gc,heap        ] GC(34) Humongous regions: 1->1
[2026-05-06T20:34:11.722+0300][26.024s][info][gc,metaspace   ] GC(34) Metaspace: 20627K(65536K)->20627K(65536K) NonClass: 14722K(46464K)->14722K(46464K) Class: 5904K(19072K)->5904K(19072K)
[2026-05-06T20:34:11.722+0300][26.024s][info][gc             ] GC(34) Pause Young (Concurrent Start) (Metadata GC Threshold) 29M->21M(64M) 5.253ms
[2026-05-06T20:34:11.722+0300][26.024s][info][gc,cpu         ] GC(34) User=0.02s Sys=0.00s Real=0.00s
[2026-05-06T20:34:11.722+0300][26.024s][info][gc             ] GC(35) Concurrent Mark Cycle
[2026-05-06T20:34:11.722+0300][26.024s][info][gc,start       ] GC(36) Pause Full (Metadata GC Threshold)
[2026-05-06T20:34:11.722+0300][26.024s][info][gc,marking     ] GC(35) Concurrent Scan Root Regions
[2026-05-06T20:34:11.722+0300][26.024s][info][gc,task        ] GC(36) Using 2 workers of 8 for full compaction
[2026-05-06T20:34:11.723+0300][26.024s][info][gc,marking     ] GC(35) Concurrent Scan Root Regions 0.188ms
[2026-05-06T20:34:11.723+0300][26.024s][info][gc,marking     ] GC(35) Concurrent Mark
[2026-05-06T20:34:11.723+0300][26.024s][info][gc,marking     ] GC(35) Concurrent Mark From Roots
[2026-05-06T20:34:11.723+0300][26.024s][info][gc,task        ] GC(35) Using 2 workers of 2 for marking
[2026-05-06T20:34:11.723+0300][26.025s][info][gc,phases,start] GC(36) Phase 1: Mark live objects
[2026-05-06T20:34:11.754+0300][26.056s][info][gc,phases      ] GC(36) Phase 1: Mark live objects 31.276ms
[2026-05-06T20:34:11.754+0300][26.056s][info][gc,phases,start] GC(36) Phase 2: Prepare compaction
[2026-05-06T20:34:11.755+0300][26.057s][info][gc,phases      ] GC(36) Phase 2: Prepare compaction 0.785ms
[2026-05-06T20:34:11.755+0300][26.057s][info][gc,phases,start] GC(36) Phase 3: Adjust pointers
[2026-05-06T20:34:11.764+0300][26.066s][info][gc,phases      ] GC(36) Phase 3: Adjust pointers 9.074ms
[2026-05-06T20:34:11.764+0300][26.066s][info][gc,phases,start] GC(36) Phase 4: Compact heap
[2026-05-06T20:34:11.765+0300][26.067s][info][gc,phases      ] GC(36) Phase 4: Compact heap 0.487ms
[2026-05-06T20:34:11.765+0300][26.067s][info][gc,phases,start] GC(36) Phase 5: Reset Metadata
[2026-05-06T20:34:11.769+0300][26.071s][info][gc,phases      ] GC(36) Phase 5: Reset Metadata 4.289ms
[2026-05-06T20:34:11.774+0300][26.076s][info][gc,heap        ] GC(36) Eden regions: 0->0(37)
[2026-05-06T20:34:11.774+0300][26.076s][info][gc,heap        ] GC(36) Survivor regions: 1->0(5)
[2026-05-06T20:34:11.774+0300][26.076s][info][gc,heap        ] GC(36) Old regions: 21->22
[2026-05-06T20:34:11.774+0300][26.076s][info][gc,heap        ] GC(36) Humongous regions: 1->1
[2026-05-06T20:34:11.774+0300][26.076s][info][gc,metaspace   ] GC(36) Metaspace: 20627K(65536K)->20627K(65536K) NonClass: 14722K(46464K)->14722K(46464K) Class: 5904K(19072K)->5904K(19072K)
[2026-05-06T20:34:11.775+0300][26.076s][info][gc             ] GC(36) Pause Full (Metadata GC Threshold) 21M->21M(64M) 52.232ms
[2026-05-06T20:34:11.775+0300][26.076s][info][gc,cpu         ] GC(36) User=0.10s Sys=0.01s Real=0.05s
[2026-05-06T20:34:11.775+0300][26.077s][info][gc,start       ] GC(37) Pause Full (Metadata GC Clear Soft References)
[2026-05-06T20:34:11.775+0300][26.077s][info][gc,task        ] GC(37) Using 2 workers of 8 for full compaction
[2026-05-06T20:34:11.775+0300][26.077s][info][gc,phases,start] GC(37) Phase 1: Mark live objects
[2026-05-06T20:34:11.807+0300][26.109s][info][gc,phases      ] GC(37) Phase 1: Mark live objects 32.470ms
[2026-05-06T20:34:11.807+0300][26.109s][info][gc,phases,start] GC(37) Phase 2: Prepare compaction
[2026-05-06T20:34:11.808+0300][26.110s][info][gc,phases      ] GC(37) Phase 2: Prepare compaction 0.414ms
[2026-05-06T20:34:11.808+0300][26.110s][info][gc,phases,start] GC(37) Phase 3: Adjust pointers
[2026-05-06T20:34:11.823+0300][26.125s][info][gc,phases      ] GC(37) Phase 3: Adjust pointers 15.186ms
[2026-05-06T20:34:11.823+0300][26.125s][info][gc,phases,start] GC(37) Phase 4: Compact heap
[2026-05-06T20:34:11.824+0300][26.126s][info][gc,phases      ] GC(37) Phase 4: Compact heap 0.586ms
[2026-05-06T20:34:11.824+0300][26.126s][info][gc,phases,start] GC(37) Phase 5: Reset Metadata
[2026-05-06T20:34:11.828+0300][26.130s][info][gc,phases      ] GC(37) Phase 5: Reset Metadata 4.254ms
[2026-05-06T20:34:11.833+0300][26.135s][info][gc,heap        ] GC(37) Eden regions: 0->0(37)
[2026-05-06T20:34:11.833+0300][26.135s][info][gc,heap        ] GC(37) Survivor regions: 0->0(5)
[2026-05-06T20:34:11.833+0300][26.135s][info][gc,heap        ] GC(37) Old regions: 22->22
[2026-05-06T20:34:11.833+0300][26.135s][info][gc,heap        ] GC(37) Humongous regions: 1->1
[2026-05-06T20:34:11.833+0300][26.135s][info][gc,metaspace   ] GC(37) Metaspace: 20627K(65536K)->20627K(65536K) NonClass: 14722K(46464K)->14722K(46464K) Class: 5904K(19072K)->5904K(19072K)
[2026-05-06T20:34:11.833+0300][26.135s][info][gc             ] GC(37) Pause Full (Metadata GC Clear Soft References) 21M->21M(64M) 58.678ms
[2026-05-06T20:34:11.833+0300][26.135s][info][gc,cpu         ] GC(37) User=0.11s Sys=0.00s Real=0.06s
[2026-05-06T20:34:11.833+0300][26.135s][info][gc,metaspace,freelist,oom] Metaspace (class) allocation failed for size 65
[2026-05-06T20:34:11.834+0300][26.135s][info][gc,metaspace,freelist,oom] 
[2026-05-06T20:34:11.833+0300][26.135s][info][gc,marking               ] GC(35) Concurrent Mark From Roots 110.937ms
[2026-05-06T20:34:11.834+0300][26.136s][info][gc,marking               ] GC(35) Concurrent Mark Abort
[2026-05-06T20:34:11.834+0300][26.135s][info][gc,metaspace,freelist,oom] Usage:
[2026-05-06T20:34:11.834+0300][26.136s][info][gc,metaspace,freelist,oom]   Non-class:     14.38 MB used.
[2026-05-06T20:34:11.834+0300][26.136s][info][gc                       ] GC(35) Concurrent Mark Cycle 111.381ms
[2026-05-06T20:34:11.834+0300][26.136s][info][gc,metaspace,freelist,oom]       Class:      5.77 MB used.
[2026-05-06T20:34:11.834+0300][26.136s][info][gc,metaspace,freelist,oom]        Both:     20.14 MB used.
[2026-05-06T20:34:11.834+0300][26.136s][info][gc,metaspace,freelist,oom] 
[2026-05-06T20:34:11.834+0300][26.136s][info][gc,metaspace,freelist,oom] Virtual space:
[2026-05-06T20:34:11.834+0300][26.136s][info][gc,metaspace,freelist,oom]   Non-class space:       64.00 MB reserved,      45.38 MB ( 71%) committed,  1 nodes.
[2026-05-06T20:34:11.834+0300][26.136s][info][gc,metaspace,freelist,oom]       Class space:       64.00 MB reserved,      18.62 MB ( 29%) committed,  1 nodes.
[2026-05-06T20:34:11.834+0300][26.136s][info][gc,metaspace,freelist,oom]              Both:      128.00 MB reserved,      64.00 MB ( 50%) committed. 
[2026-05-06T20:34:11.834+0300][26.136s][info][gc,metaspace,freelist,oom] 
[2026-05-06T20:34:11.834+0300][26.136s][info][gc,metaspace,freelist,oom] Chunk freelists:
[2026-05-06T20:34:11.834+0300][26.136s][info][gc,metaspace,freelist,oom]    Non-Class:  2.31 MB
[2026-05-06T20:34:11.834+0300][26.136s][info][gc,metaspace,freelist,oom]        Class:  13.19 MB
[2026-05-06T20:34:11.834+0300][26.136s][info][gc,metaspace,freelist,oom]         Both:  15.50 MB
[2026-05-06T20:34:11.834+0300][26.136s][info][gc,metaspace,freelist,oom] 
[2026-05-06T20:34:11.834+0300][26.136s][info][gc,metaspace,freelist,oom] MaxMetaspaceSize: 64.00 MB
[2026-05-06T20:34:11.834+0300][26.136s][info][gc,metaspace,freelist,oom] CompressedClassSpaceSize: 64.00 MB
[2026-05-06T20:34:11.834+0300][26.136s][info][gc,metaspace,freelist,oom] Initial GC threshold: 21.00 MB
[2026-05-06T20:34:11.834+0300][26.136s][info][gc,metaspace,freelist,oom] Current GC threshold: 64.00 MB
[2026-05-06T20:34:11.834+0300][26.136s][info][gc,metaspace,freelist,oom] CDS: on
[2026-05-06T20:34:11.834+0300][26.136s][info][gc,metaspace,freelist,oom]  - commit_granule_bytes: 65536.
[2026-05-06T20:34:11.834+0300][26.136s][info][gc,metaspace,freelist,oom]  - commit_granule_words: 8192.
[2026-05-06T20:34:11.834+0300][26.136s][info][gc,metaspace,freelist,oom]  - virtual_space_node_default_size: 8388608.
[2026-05-06T20:34:11.834+0300][26.136s][info][gc,metaspace,freelist,oom]  - enlarge_chunks_in_place: 1.
[2026-05-06T20:34:11.834+0300][26.136s][info][gc,metaspace,freelist,oom]  - use_allocation_guard: 0.
[2026-05-06T20:34:11.834+0300][26.136s][info][gc,metaspace,freelist,oom] 
[2026-05-06T20:34:11.834+0300][26.136s][info][gc,metaspace,freelist,oom] 
[2026-05-06T20:34:11.834+0300][26.136s][info][gc,metaspace,freelist,oom] Internal statistics:
[2026-05-06T20:34:11.834+0300][26.136s][info][gc,metaspace,freelist,oom] 
[2026-05-06T20:34:11.834+0300][26.136s][info][gc,metaspace,freelist,oom] num_allocs_failed_limit: 22.
[2026-05-06T20:34:11.834+0300][26.136s][info][gc,metaspace,freelist,oom] num_arena_births: 18044.
[2026-05-06T20:34:11.834+0300][26.136s][info][gc,metaspace,freelist,oom] num_arena_deaths: 226.
[2026-05-06T20:34:11.834+0300][26.136s][info][gc,metaspace,freelist,oom] num_vsnodes_births: 2.
[2026-05-06T20:34:11.834+0300][26.136s][info][gc,metaspace,freelist,oom] num_vsnodes_deaths: 0.
[2026-05-06T20:34:11.834+0300][26.136s][info][gc,metaspace,freelist,oom] num_space_committed: 1024.
[2026-05-06T20:34:11.834+0300][26.136s][info][gc,metaspace,freelist,oom] num_space_uncommitted: 0.
[2026-05-06T20:34:11.834+0300][26.136s][info][gc,metaspace,freelist,oom] num_chunks_returned_to_freelist: 303.
[2026-05-06T20:34:11.834+0300][26.136s][info][gc,metaspace,freelist,oom] num_chunks_taken_from_freelist: 18302.
[2026-05-06T20:34:11.834+0300][26.136s][info][gc,metaspace,freelist,oom] num_chunk_merges: 99.
[2026-05-06T20:34:11.834+0300][26.136s][info][gc,metaspace,freelist,oom] num_chunk_splits: 9187.
[2026-05-06T20:34:11.834+0300][26.136s][info][gc,metaspace,freelist,oom] num_chunks_enlarged: 248.
[2026-05-06T20:34:11.834+0300][26.136s][info][gc,metaspace,freelist,oom] num_inconsistent_stats: 0.
[2026-05-06T20:34:11.834+0300][26.136s][info][gc,metaspace,freelist,oom] 
[2026-05-06T20:34:11.837+0300][26.139s][info][gc,start                 ] GC(38) Pause Young (Concurrent Start) (Metadata GC Threshold)
[2026-05-06T20:34:11.838+0300][26.140s][info][gc,task                  ] GC(38) Using 2 workers of 8 for evacuation
[2026-05-06T20:34:11.843+0300][26.145s][info][gc,phases                ] GC(38)   Pre Evacuate Collection Set: 0.20ms
[2026-05-06T20:34:11.843+0300][26.145s][info][gc,phases                ] GC(38)   Merge Heap Roots: 0.07ms
[2026-05-06T20:34:11.843+0300][26.145s][info][gc,phases                ] GC(38)   Evacuate Collection Set: 3.86ms
[2026-05-06T20:34:11.843+0300][26.145s][info][gc,phases                ] GC(38)   Post Evacuate Collection Set: 0.73ms
[2026-05-06T20:34:11.843+0300][26.145s][info][gc,phases                ] GC(38)   Other: 0.19ms
[2026-05-06T20:34:11.843+0300][26.145s][info][gc,heap                  ] GC(38) Eden regions: 1->0(36)
[2026-05-06T20:34:11.843+0300][26.145s][info][gc,heap                  ] GC(38) Survivor regions: 0->1(5)
[2026-05-06T20:34:11.843+0300][26.145s][info][gc,heap                  ] GC(38) Old regions: 22->22
[2026-05-06T20:34:11.843+0300][26.145s][info][gc,heap                  ] GC(38) Humongous regions: 1->1
[2026-05-06T20:34:11.843+0300][26.145s][info][gc,metaspace             ] GC(38) Metaspace: 20628K(65536K)->20628K(65536K) NonClass: 14723K(46464K)->14723K(46464K) Class: 5904K(19072K)->5904K(19072K)
[2026-05-06T20:34:11.843+0300][26.145s][info][gc                       ] GC(38) Pause Young (Concurrent Start) (Metadata GC Threshold) 22M->21M(64M) 5.482ms
[2026-05-06T20:34:11.843+0300][26.145s][info][gc,cpu                   ] GC(38) User=0.01s Sys=0.01s Real=0.00s
[2026-05-06T20:34:11.843+0300][26.145s][info][gc                       ] GC(39) Concurrent Mark Cycle
[2026-05-06T20:34:11.843+0300][26.145s][info][gc,marking               ] GC(39) Concurrent Scan Root Regions
[2026-05-06T20:34:11.843+0300][26.145s][info][gc,start                 ] GC(40) Pause Full (Metadata GC Threshold)
[2026-05-06T20:34:11.843+0300][26.145s][info][gc,task                  ] GC(40) Using 2 workers of 8 for full compaction
[2026-05-06T20:34:11.843+0300][26.145s][info][gc,marking               ] GC(39) Concurrent Scan Root Regions 0.235ms
[2026-05-06T20:34:11.843+0300][26.145s][info][gc,marking               ] GC(39) Concurrent Mark
[2026-05-06T20:34:11.843+0300][26.145s][info][gc,marking               ] GC(39) Concurrent Mark From Roots
[2026-05-06T20:34:11.843+0300][26.145s][info][gc,task                  ] GC(39) Using 2 workers of 2 for marking
[2026-05-06T20:34:11.844+0300][26.145s][info][gc,phases,start          ] GC(40) Phase 1: Mark live objects
[2026-05-06T20:34:11.876+0300][26.178s][info][gc,phases                ] GC(40) Phase 1: Mark live objects 32.693ms
[2026-05-06T20:34:11.876+0300][26.178s][info][gc,phases,start          ] GC(40) Phase 2: Prepare compaction
[2026-05-06T20:34:11.877+0300][26.179s][info][gc,phases                ] GC(40) Phase 2: Prepare compaction 0.292ms
[2026-05-06T20:34:11.877+0300][26.179s][info][gc,phases,start          ] GC(40) Phase 3: Adjust pointers
[2026-05-06T20:34:11.887+0300][26.189s][info][gc,phases                ] GC(40) Phase 3: Adjust pointers 10.396ms
[2026-05-06T20:34:11.887+0300][26.189s][info][gc,phases,start          ] GC(40) Phase 4: Compact heap
[2026-05-06T20:34:11.887+0300][26.189s][info][gc,phases                ] GC(40) Phase 4: Compact heap 0.291ms
[2026-05-06T20:34:11.887+0300][26.189s][info][gc,phases,start          ] GC(40) Phase 5: Reset Metadata
[2026-05-06T20:34:11.894+0300][26.196s][info][gc,phases                ] GC(40) Phase 5: Reset Metadata 6.358ms
[2026-05-06T20:34:11.898+0300][26.200s][info][gc,heap                  ] GC(40) Eden regions: 0->0(37)
[2026-05-06T20:34:11.898+0300][26.200s][info][gc,heap                  ] GC(40) Survivor regions: 1->0(5)
[2026-05-06T20:34:11.898+0300][26.200s][info][gc,heap                  ] GC(40) Old regions: 22->22
[2026-05-06T20:34:11.898+0300][26.200s][info][gc,heap                  ] GC(40) Humongous regions: 1->1
[2026-05-06T20:34:11.898+0300][26.200s][info][gc,metaspace             ] GC(40) Metaspace: 20628K(65536K)->20628K(65536K) NonClass: 14723K(46464K)->14723K(46464K) Class: 5904K(19072K)->5904K(19072K)
[2026-05-06T20:34:11.898+0300][26.200s][info][gc                       ] GC(40) Pause Full (Metadata GC Threshold) 21M->21M(64M) 54.848ms
[2026-05-06T20:34:11.898+0300][26.200s][info][gc,cpu                   ] GC(40) User=0.10s Sys=0.00s Real=0.06s
[2026-05-06T20:34:11.898+0300][26.200s][info][gc,start                 ] GC(41) Pause Full (Metadata GC Clear Soft References)
[2026-05-06T20:34:11.898+0300][26.200s][info][gc,task                  ] GC(41) Using 2 workers of 8 for full compaction
[2026-05-06T20:34:11.898+0300][26.200s][info][gc,phases,start          ] GC(41) Phase 1: Mark live objects
[2026-05-06T20:34:11.929+0300][26.231s][info][gc,phases                ] GC(41) Phase 1: Mark live objects 30.638ms
[2026-05-06T20:34:11.929+0300][26.231s][info][gc,phases,start          ] GC(41) Phase 2: Prepare compaction
[2026-05-06T20:34:11.929+0300][26.231s][info][gc,phases                ] GC(41) Phase 2: Prepare compaction 0.251ms
[2026-05-06T20:34:11.929+0300][26.231s][info][gc,phases,start          ] GC(41) Phase 3: Adjust pointers
[2026-05-06T20:34:11.940+0300][26.242s][info][gc,phases                ] GC(41) Phase 3: Adjust pointers 10.831ms
[2026-05-06T20:34:11.940+0300][26.242s][info][gc,phases,start          ] GC(41) Phase 4: Compact heap
[2026-05-06T20:34:11.940+0300][26.242s][info][gc,phases                ] GC(41) Phase 4: Compact heap 0.238ms
[2026-05-06T20:34:11.940+0300][26.242s][info][gc,phases,start          ] GC(41) Phase 5: Reset Metadata
[2026-05-06T20:34:11.944+0300][26.246s][info][gc,phases                ] GC(41) Phase 5: Reset Metadata 3.359ms
[2026-05-06T20:34:11.948+0300][26.250s][info][gc,heap                  ] GC(41) Eden regions: 0->0(37)
[2026-05-06T20:34:11.948+0300][26.250s][info][gc,heap                  ] GC(41) Survivor regions: 0->0(5)
[2026-05-06T20:34:11.948+0300][26.250s][info][gc,heap                  ] GC(41) Old regions: 22->22
[2026-05-06T20:34:11.948+0300][26.250s][info][gc,heap                  ] GC(41) Humongous regions: 1->1
[2026-05-06T20:34:11.948+0300][26.250s][info][gc,metaspace             ] GC(41) Metaspace: 20628K(65536K)->20628K(65536K) NonClass: 14723K(46464K)->14723K(46464K) Class: 5904K(19072K)->5904K(19072K)
[2026-05-06T20:34:11.948+0300][26.250s][info][gc                       ] GC(41) Pause Full (Metadata GC Clear Soft References) 21M->21M(64M) 49.899ms
[2026-05-06T20:34:11.948+0300][26.250s][info][gc,cpu                   ] GC(41) User=0.09s Sys=0.00s Real=0.05s
[2026-05-06T20:34:11.948+0300][26.250s][info][gc,metaspace,freelist,oom] Metaspace (class) allocation failed for size 65
[2026-05-06T20:34:11.948+0300][26.250s][info][gc,marking               ] GC(39) Concurrent Mark From Roots 104.605ms
[2026-05-06T20:34:11.948+0300][26.250s][info][gc,marking               ] GC(39) Concurrent Mark Abort
[2026-05-06T20:34:11.948+0300][26.250s][info][gc,metaspace,freelist,oom] 
[2026-05-06T20:34:11.948+0300][26.250s][info][gc,metaspace,freelist,oom] Usage:
[2026-05-06T20:34:11.948+0300][26.250s][info][gc,metaspace,freelist,oom]   Non-class:     14.38 MB used.
[2026-05-06T20:34:11.948+0300][26.250s][info][gc,metaspace,freelist,oom]       Class:      5.77 MB used.
[2026-05-06T20:34:11.948+0300][26.250s][info][gc,metaspace,freelist,oom]        Both:     20.14 MB used.
[2026-05-06T20:34:11.948+0300][26.250s][info][gc,metaspace,freelist,oom] 
[2026-05-06T20:34:11.948+0300][26.250s][info][gc,metaspace,freelist,oom] Virtual space:
[2026-05-06T20:34:11.948+0300][26.250s][info][gc                       ] GC(39) Concurrent Mark Cycle 105.070ms
[2026-05-06T20:34:11.948+0300][26.250s][info][gc,metaspace,freelist,oom]   Non-class space:       64.00 MB reserved,      45.38 MB ( 71%) committed,  1 nodes.
[2026-05-06T20:34:11.948+0300][26.250s][info][gc,metaspace,freelist,oom]       Class space:       64.00 MB reserved,      18.62 MB ( 29%) committed,  1 nodes.
[2026-05-06T20:34:11.949+0300][26.250s][info][gc,metaspace,freelist,oom]              Both:      128.00 MB reserved,      64.00 MB ( 50%) committed. 
[2026-05-06T20:34:11.949+0300][26.250s][info][gc,metaspace,freelist,oom] 
[2026-05-06T20:34:11.949+0300][26.250s][info][gc,metaspace,freelist,oom] Chunk freelists:
[2026-05-06T20:34:11.949+0300][26.251s][info][gc,metaspace,freelist,oom]    Non-Class:  2.31 MB
[2026-05-06T20:34:11.949+0300][26.251s][info][gc,metaspace,freelist,oom]        Class:  13.19 MB
[2026-05-06T20:34:11.949+0300][26.251s][info][gc,metaspace,freelist,oom]         Both:  15.50 MB
[2026-05-06T20:34:11.949+0300][26.251s][info][gc,metaspace,freelist,oom] 
[2026-05-06T20:34:11.949+0300][26.251s][info][gc,metaspace,freelist,oom] MaxMetaspaceSize: 64.00 MB
[2026-05-06T20:34:11.949+0300][26.251s][info][gc,metaspace,freelist,oom] CompressedClassSpaceSize: 64.00 MB
[2026-05-06T20:34:11.949+0300][26.251s][info][gc,metaspace,freelist,oom] Initial GC threshold: 21.00 MB
[2026-05-06T20:34:11.949+0300][26.251s][info][gc,metaspace,freelist,oom] Current GC threshold: 64.00 MB
[2026-05-06T20:34:11.949+0300][26.251s][info][gc,metaspace,freelist,oom] CDS: on
[2026-05-06T20:34:11.949+0300][26.251s][info][gc,metaspace,freelist,oom]  - commit_granule_bytes: 65536.
[2026-05-06T20:34:11.949+0300][26.251s][info][gc,metaspace,freelist,oom]  - commit_granule_words: 8192.
[2026-05-06T20:34:11.949+0300][26.251s][info][gc,metaspace,freelist,oom]  - virtual_space_node_default_size: 8388608.
[2026-05-06T20:34:11.949+0300][26.251s][info][gc,metaspace,freelist,oom]  - enlarge_chunks_in_place: 1.
[2026-05-06T20:34:11.949+0300][26.251s][info][gc,metaspace,freelist,oom]  - use_allocation_guard: 0.
[2026-05-06T20:34:11.949+0300][26.251s][info][gc,metaspace,freelist,oom] 
[2026-05-06T20:34:11.949+0300][26.251s][info][gc,metaspace,freelist,oom] 
[2026-05-06T20:34:11.949+0300][26.251s][info][gc,metaspace,freelist,oom] Internal statistics:
[2026-05-06T20:34:11.949+0300][26.251s][info][gc,metaspace,freelist,oom] 
[2026-05-06T20:34:11.949+0300][26.251s][info][gc,metaspace,freelist,oom] num_allocs_failed_limit: 29.
[2026-05-06T20:34:11.949+0300][26.251s][info][gc,metaspace,freelist,oom] num_arena_births: 18046.
[2026-05-06T20:34:11.949+0300][26.251s][info][gc,metaspace,freelist,oom] num_arena_deaths: 228.
[2026-05-06T20:34:11.949+0300][26.251s][info][gc,metaspace,freelist,oom] num_vsnodes_births: 2.
[2026-05-06T20:34:11.949+0300][26.251s][info][gc,metaspace,freelist,oom] num_vsnodes_deaths: 0.
[2026-05-06T20:34:11.949+0300][26.251s][info][gc,metaspace,freelist,oom] num_space_committed: 1024.
[2026-05-06T20:34:11.949+0300][26.251s][info][gc,metaspace,freelist,oom] num_space_uncommitted: 0.
[2026-05-06T20:34:11.949+0300][26.251s][info][gc,metaspace,freelist,oom] num_chunks_returned_to_freelist: 311.
[2026-05-06T20:34:11.949+0300][26.251s][info][gc,metaspace,freelist,oom] num_chunks_taken_from_freelist: 18303.
[2026-05-06T20:34:11.949+0300][26.251s][info][gc,metaspace,freelist,oom] num_chunk_merges: 106.
[2026-05-06T20:34:11.949+0300][26.251s][info][gc,metaspace,freelist,oom] num_chunk_splits: 9194.
[2026-05-06T20:34:11.949+0300][26.251s][info][gc,metaspace,freelist,oom] num_chunks_enlarged: 248.
[2026-05-06T20:34:11.949+0300][26.251s][info][gc,metaspace,freelist,oom] num_inconsistent_stats: 0.
[2026-05-06T20:34:11.949+0300][26.251s][info][gc,metaspace,freelist,oom] 
[2026-05-06T20:34:11.956+0300][26.257s][info][gc,heap,exit             ] Heap
[2026-05-06T20:34:11.956+0300][26.258s][info][gc,heap,exit             ]  garbage-first heap   total 65536K, used 24095K [0x00000000fc000000, 0x0000000100000000)
[2026-05-06T20:34:11.956+0300][26.258s][info][gc,heap,exit             ]   region size 1024K, 2 young (2048K), 0 survivors (0K)
[2026-05-06T20:34:11.956+0300][26.258s][info][gc,heap,exit             ]  Metaspace       used 20635K, committed 65536K, reserved 131072K
[2026-05-06T20:34:11.956+0300][26.258s][info][gc,heap,exit             ]   class space    used 5906K, committed 19072K, reserved 65536K
