[2026-05-06T20:32:07.219+0300][0.006s][info][gc,init] CardTable entry size: 512
[2026-05-06T20:32:07.219+0300][0.007s][info][gc     ] Using G1
[2026-05-06T20:32:07.222+0300][0.010s][info][gc,init] Version: 21.0.10+7-Ubuntu-124.04 (release)
[2026-05-06T20:32:07.222+0300][0.010s][info][gc,init] CPUs: 16 total, 8 available
[2026-05-06T20:32:07.222+0300][0.010s][info][gc,init] Memory: 6865M
[2026-05-06T20:32:07.222+0300][0.010s][info][gc,init] Large Page Support: Disabled
[2026-05-06T20:32:07.222+0300][0.010s][info][gc,init] NUMA Support: Disabled
[2026-05-06T20:32:07.222+0300][0.010s][info][gc,init] Compressed Oops: Enabled (32-bit)
[2026-05-06T20:32:07.222+0300][0.010s][info][gc,init] Heap Region Size: 1M
[2026-05-06T20:32:07.222+0300][0.010s][info][gc,init] Heap Min Capacity: 64M
[2026-05-06T20:32:07.222+0300][0.010s][info][gc,init] Heap Initial Capacity: 64M
[2026-05-06T20:32:07.222+0300][0.010s][info][gc,init] Heap Max Capacity: 64M
[2026-05-06T20:32:07.222+0300][0.010s][info][gc,init] Pre-touch: Disabled
[2026-05-06T20:32:07.222+0300][0.010s][info][gc,init] Parallel Workers: 8
[2026-05-06T20:32:07.222+0300][0.010s][info][gc,init] Concurrent Workers: 2
[2026-05-06T20:32:07.222+0300][0.010s][info][gc,init] Concurrent Refinement Workers: 8
[2026-05-06T20:32:07.222+0300][0.010s][info][gc,init] Periodic GC: Disabled
[2026-05-06T20:32:07.236+0300][0.024s][info][gc,metaspace] CDS archive(s) mapped at: [0x00007f93f7000000-0x00007f93f7c9c000-0x00007f93f7c9c000), size 13221888, SharedBaseAddress: 0x00007f93f7000000, ArchiveRelocationMode: 1.
[2026-05-06T20:32:07.236+0300][0.024s][info][gc,metaspace] Compressed class space mapped at: 0x00007f93f8000000-0x00007f93fc000000, reserved size: 67108864
[2026-05-06T20:32:07.236+0300][0.024s][info][gc,metaspace] Narrow klass base: 0x00007f93f7000000, Narrow klass shift: 0, Narrow klass range: 0x100000000
[2026-05-06T20:32:15.307+0300][8.094s][info][gc,start    ] GC(0) Pause Young (Normal) (G1 Evacuation Pause)
[2026-05-06T20:32:15.307+0300][8.095s][info][gc,task     ] GC(0) Using 2 workers of 8 for evacuation
[2026-05-06T20:32:15.319+0300][8.107s][info][gc,phases   ] GC(0)   Pre Evacuate Collection Set: 0.15ms
[2026-05-06T20:32:15.319+0300][8.107s][info][gc,phases   ] GC(0)   Merge Heap Roots: 0.06ms
[2026-05-06T20:32:15.319+0300][8.107s][info][gc,phases   ] GC(0)   Evacuate Collection Set: 10.01ms
[2026-05-06T20:32:15.319+0300][8.107s][info][gc,phases   ] GC(0)   Post Evacuate Collection Set: 1.72ms
[2026-05-06T20:32:15.319+0300][8.107s][info][gc,phases   ] GC(0)   Other: 0.55ms
[2026-05-06T20:32:15.319+0300][8.107s][info][gc,heap     ] GC(0) Eden regions: 23->0(32)
[2026-05-06T20:32:15.319+0300][8.107s][info][gc,heap     ] GC(0) Survivor regions: 0->3(3)
[2026-05-06T20:32:15.319+0300][8.107s][info][gc,heap     ] GC(0) Old regions: 2->3
[2026-05-06T20:32:15.319+0300][8.107s][info][gc,heap     ] GC(0) Humongous regions: 1->1
[2026-05-06T20:32:15.319+0300][8.107s][info][gc,metaspace] GC(0) Metaspace: 7371K(7552K)->7371K(7552K) NonClass: 6619K(6720K)->6619K(6720K) Class: 751K(832K)->751K(832K)
[2026-05-06T20:32:15.320+0300][8.107s][info][gc          ] GC(0) Pause Young (Normal) (G1 Evacuation Pause) 25M->5M(64M) 12.961ms
[2026-05-06T20:32:15.320+0300][8.107s][info][gc,cpu      ] GC(0) User=0.02s Sys=0.01s Real=0.01s
[2026-05-06T20:32:56.819+0300][49.607s][info][gc,start    ] GC(1) Pause Young (Concurrent Start) (G1 Humongous Allocation)
[2026-05-06T20:32:56.819+0300][49.607s][info][gc,task     ] GC(1) Using 2 workers of 8 for evacuation
[2026-05-06T20:32:56.831+0300][49.619s][info][gc,phases   ] GC(1)   Pre Evacuate Collection Set: 0.24ms
[2026-05-06T20:32:56.831+0300][49.619s][info][gc,phases   ] GC(1)   Merge Heap Roots: 0.09ms
[2026-05-06T20:32:56.831+0300][49.619s][info][gc,phases   ] GC(1)   Evacuate Collection Set: 10.28ms
[2026-05-06T20:32:56.831+0300][49.619s][info][gc,phases   ] GC(1)   Post Evacuate Collection Set: 1.22ms
[2026-05-06T20:32:56.831+0300][49.619s][info][gc,phases   ] GC(1)   Other: 0.20ms
[2026-05-06T20:32:56.831+0300][49.619s][info][gc,heap     ] GC(1) Eden regions: 10->0(22)
[2026-05-06T20:32:56.831+0300][49.619s][info][gc,heap     ] GC(1) Survivor regions: 3->1(5)
[2026-05-06T20:32:56.831+0300][49.619s][info][gc,heap     ] GC(1) Old regions: 3->6
[2026-05-06T20:32:56.832+0300][49.619s][info][gc,heap     ] GC(1) Humongous regions: 25->25
[2026-05-06T20:32:56.832+0300][49.619s][info][gc,metaspace] GC(1) Metaspace: 9420K(9792K)->9420K(9792K) NonClass: 8455K(8640K)->8455K(8640K) Class: 965K(1152K)->965K(1152K)
[2026-05-06T20:32:56.832+0300][49.619s][info][gc          ] GC(1) Pause Young (Concurrent Start) (G1 Humongous Allocation) 38M->29M(64M) 12.468ms
[2026-05-06T20:32:56.832+0300][49.619s][info][gc,cpu      ] GC(1) User=0.02s Sys=0.01s Real=0.01s
[2026-05-06T20:32:56.832+0300][49.619s][info][gc          ] GC(2) Concurrent Mark Cycle
[2026-05-06T20:32:56.832+0300][49.620s][info][gc,marking  ] GC(2) Concurrent Scan Root Regions
[2026-05-06T20:32:56.836+0300][49.623s][info][gc,marking  ] GC(2) Concurrent Scan Root Regions 3.901ms
[2026-05-06T20:32:56.836+0300][49.624s][info][gc,marking  ] GC(2) Concurrent Mark
[2026-05-06T20:32:56.836+0300][49.624s][info][gc,marking  ] GC(2) Concurrent Mark From Roots
[2026-05-06T20:32:56.836+0300][49.624s][info][gc,task     ] GC(2) Using 2 workers of 2 for marking
[2026-05-06T20:32:56.839+0300][49.627s][info][gc,marking  ] GC(2) Concurrent Mark From Roots 3.667ms
[2026-05-06T20:32:56.840+0300][49.627s][info][gc,marking  ] GC(2) Concurrent Preclean
[2026-05-06T20:32:56.840+0300][49.627s][info][gc,marking  ] GC(2) Concurrent Preclean 0.072ms
[2026-05-06T20:32:56.840+0300][49.628s][info][gc,start    ] GC(2) Pause Remark
[2026-05-06T20:32:56.846+0300][49.633s][info][gc          ] GC(2) Pause Remark 48M->48M(64M) 5.730ms
[2026-05-06T20:32:56.846+0300][49.634s][info][gc,cpu      ] GC(2) User=0.01s Sys=0.00s Real=0.00s
[2026-05-06T20:32:56.846+0300][49.634s][info][gc,marking  ] GC(2) Concurrent Mark 10.051ms
[2026-05-06T20:32:56.846+0300][49.634s][info][gc,marking  ] GC(2) Concurrent Rebuild Remembered Sets and Scrub Regions
[2026-05-06T20:32:56.848+0300][49.636s][info][gc,start    ] GC(3) Pause Young (Normal) (G1 Humongous Allocation)
[2026-05-06T20:32:56.848+0300][49.636s][info][gc,task     ] GC(3) Using 2 workers of 8 for evacuation
[2026-05-06T20:32:56.852+0300][49.639s][info][gc,phases   ] GC(3)   Pre Evacuate Collection Set: 0.21ms
[2026-05-06T20:32:56.852+0300][49.639s][info][gc,phases   ] GC(3)   Merge Heap Roots: 0.09ms
[2026-05-06T20:32:56.852+0300][49.640s][info][gc,phases   ] GC(3)   Evacuate Collection Set: 1.96ms
[2026-05-06T20:32:56.852+0300][49.640s][info][gc,phases   ] GC(3)   Post Evacuate Collection Set: 0.93ms
[2026-05-06T20:32:56.852+0300][49.640s][info][gc,phases   ] GC(3)   Other: 0.19ms
[2026-05-06T20:32:56.852+0300][49.640s][info][gc,heap     ] GC(3) Eden regions: 1->0(2)
[2026-05-06T20:32:56.852+0300][49.640s][info][gc,heap     ] GC(3) Survivor regions: 1->1(1)
[2026-05-06T20:32:56.852+0300][49.640s][info][gc,heap     ] GC(3) Old regions: 6->6
[2026-05-06T20:32:56.852+0300][49.640s][info][gc,heap     ] GC(3) Humongous regions: 55->55
[2026-05-06T20:32:56.852+0300][49.640s][info][gc,metaspace] GC(3) Metaspace: 9421K(9792K)->9421K(9792K) NonClass: 8455K(8640K)->8455K(8640K) Class: 965K(1152K)->965K(1152K)
[2026-05-06T20:32:56.852+0300][49.640s][info][gc          ] GC(3) Pause Young (Normal) (G1 Humongous Allocation) 60M->59M(64M) 3.910ms
[2026-05-06T20:32:56.852+0300][49.640s][info][gc,cpu      ] GC(3) User=0.00s Sys=0.01s Real=0.00s
[2026-05-06T20:32:56.852+0300][49.640s][info][gc,ergo     ] Attempting full compaction
[2026-05-06T20:32:56.852+0300][49.640s][info][gc,start    ] GC(4) Pause Full (G1 Compaction Pause)
[2026-05-06T20:32:56.852+0300][49.640s][info][gc,task     ] GC(4) Using 2 workers of 8 for full compaction
[2026-05-06T20:32:56.855+0300][49.642s][info][gc,phases,start] GC(4) Phase 1: Mark live objects
[2026-05-06T20:32:56.876+0300][49.663s][info][gc,phases      ] GC(4) Phase 1: Mark live objects 20.948ms
[2026-05-06T20:32:56.876+0300][49.664s][info][gc,phases,start] GC(4) Phase 2: Prepare compaction
[2026-05-06T20:32:56.877+0300][49.665s][info][gc,phases      ] GC(4) Phase 2: Prepare compaction 1.579ms
[2026-05-06T20:32:56.877+0300][49.665s][info][gc,phases,start] GC(4) Phase 3: Adjust pointers
[2026-05-06T20:32:56.884+0300][49.672s][info][gc,phases      ] GC(4) Phase 3: Adjust pointers 6.392ms
[2026-05-06T20:32:56.884+0300][49.672s][info][gc,phases,start] GC(4) Phase 4: Compact heap
[2026-05-06T20:32:56.886+0300][49.674s][info][gc,phases      ] GC(4) Phase 4: Compact heap 2.201ms
[2026-05-06T20:32:56.886+0300][49.674s][info][gc,phases,start] GC(4) Phase 5: Reset Metadata
[2026-05-06T20:32:56.887+0300][49.675s][info][gc,phases      ] GC(4) Phase 5: Reset Metadata 0.945ms
[2026-05-06T20:32:56.890+0300][49.678s][info][gc,heap        ] GC(4) Eden regions: 0->0(3)
[2026-05-06T20:32:56.890+0300][49.678s][info][gc,heap        ] GC(4) Survivor regions: 1->0(1)
[2026-05-06T20:32:56.890+0300][49.678s][info][gc,heap        ] GC(4) Old regions: 6->5
[2026-05-06T20:32:56.890+0300][49.678s][info][gc,heap        ] GC(4) Humongous regions: 55->55
[2026-05-06T20:32:56.890+0300][49.678s][info][gc,metaspace   ] GC(4) Metaspace: 9421K(9792K)->9183K(9792K) NonClass: 8455K(8640K)->8272K(8640K) Class: 965K(1152K)->911K(1152K)
[2026-05-06T20:32:56.890+0300][49.678s][info][gc             ] GC(4) Pause Full (G1 Compaction Pause) 59M->59M(64M) 37.853ms
[2026-05-06T20:32:56.890+0300][49.678s][info][gc,cpu         ] GC(4) User=0.06s Sys=0.00s Real=0.04s
[2026-05-06T20:32:56.890+0300][49.678s][info][gc,marking     ] GC(2) Concurrent Rebuild Remembered Sets and Scrub Regions 44.664ms
[2026-05-06T20:32:56.891+0300][49.678s][info][gc,start       ] GC(5) Pause Young (Normal) (G1 Humongous Allocation)
[2026-05-06T20:32:56.891+0300][49.678s][info][gc,task        ] GC(5) Using 2 workers of 8 for evacuation
[2026-05-06T20:32:56.892+0300][49.680s][info][gc,phases      ] GC(5)   Pre Evacuate Collection Set: 0.20ms
[2026-05-06T20:32:56.892+0300][49.680s][info][gc,phases      ] GC(5)   Merge Heap Roots: 0.07ms
[2026-05-06T20:32:56.892+0300][49.680s][info][gc,phases      ] GC(5)   Evacuate Collection Set: 0.48ms
[2026-05-06T20:32:56.892+0300][49.680s][info][gc,phases      ] GC(5)   Post Evacuate Collection Set: 0.44ms
[2026-05-06T20:32:56.892+0300][49.680s][info][gc,phases      ] GC(5)   Other: 0.12ms
[2026-05-06T20:32:56.892+0300][49.680s][info][gc,heap        ] GC(5) Eden regions: 1->0(1)
[2026-05-06T20:32:56.892+0300][49.680s][info][gc,heap        ] GC(5) Survivor regions: 0->1(1)
[2026-05-06T20:32:56.892+0300][49.680s][info][gc,heap        ] GC(5) Old regions: 5->5
[2026-05-06T20:32:56.892+0300][49.680s][info][gc,heap        ] GC(5) Humongous regions: 57->57
[2026-05-06T20:32:56.892+0300][49.680s][info][gc,metaspace   ] GC(5) Metaspace: 9183K(9792K)->9183K(9792K) NonClass: 8272K(8640K)->8272K(8640K) Class: 911K(1152K)->911K(1152K)
[2026-05-06T20:32:56.892+0300][49.680s][info][gc             ] GC(5) Pause Young (Normal) (G1 Humongous Allocation) 61M->61M(64M) 1.655ms
[2026-05-06T20:32:56.892+0300][49.680s][info][gc,cpu         ] GC(5) User=0.00s Sys=0.00s Real=0.00s
[2026-05-06T20:32:56.892+0300][49.680s][info][gc,ergo        ] Attempting full compaction
[2026-05-06T20:32:56.892+0300][49.680s][info][gc,start       ] GC(6) Pause Full (G1 Compaction Pause)
[2026-05-06T20:32:56.892+0300][49.680s][info][gc,task        ] GC(6) Using 2 workers of 8 for full compaction
[2026-05-06T20:32:56.893+0300][49.681s][info][gc,phases,start] GC(6) Phase 1: Mark live objects
[2026-05-06T20:32:56.901+0300][49.689s][info][gc,phases      ] GC(6) Phase 1: Mark live objects 8.503ms
[2026-05-06T20:32:56.901+0300][49.689s][info][gc,phases,start] GC(6) Phase 2: Prepare compaction
[2026-05-06T20:32:56.902+0300][49.690s][info][gc,phases      ] GC(6) Phase 2: Prepare compaction 0.526ms
[2026-05-06T20:32:56.902+0300][49.690s][info][gc,phases,start] GC(6) Phase 3: Adjust pointers
[2026-05-06T20:32:56.906+0300][49.694s][info][gc,phases      ] GC(6) Phase 3: Adjust pointers 3.862ms
[2026-05-06T20:32:56.906+0300][49.694s][info][gc,phases,start] GC(6) Phase 4: Compact heap
[2026-05-06T20:32:56.906+0300][49.694s][info][gc,phases      ] GC(6) Phase 4: Compact heap 0.298ms
[2026-05-06T20:32:56.906+0300][49.694s][info][gc,phases,start] GC(6) Phase 5: Reset Metadata
[2026-05-06T20:32:56.907+0300][49.695s][info][gc,phases      ] GC(6) Phase 5: Reset Metadata 1.108ms
[2026-05-06T20:32:56.910+0300][49.698s][info][gc,heap        ] GC(6) Eden regions: 0->0(2)
[2026-05-06T20:32:56.910+0300][49.698s][info][gc,heap        ] GC(6) Survivor regions: 1->0(1)
[2026-05-06T20:32:56.910+0300][49.698s][info][gc,heap        ] GC(6) Old regions: 5->5
[2026-05-06T20:32:56.910+0300][49.698s][info][gc,heap        ] GC(6) Humongous regions: 57->57
[2026-05-06T20:32:56.910+0300][49.698s][info][gc,metaspace   ] GC(6) Metaspace: 9183K(9792K)->9183K(9792K) NonClass: 8272K(8640K)->8272K(8640K) Class: 911K(1152K)->911K(1152K)
[2026-05-06T20:32:56.910+0300][49.698s][info][gc             ] GC(6) Pause Full (G1 Compaction Pause) 61M->61M(64M) 17.583ms
[2026-05-06T20:32:56.910+0300][49.698s][info][gc,cpu         ] GC(6) User=0.03s Sys=0.01s Real=0.02s
[2026-05-06T20:32:56.910+0300][49.698s][info][gc,ergo        ] Attempting maximal full compaction clearing soft references
[2026-05-06T20:32:56.910+0300][49.698s][info][gc,start       ] GC(7) Pause Full (G1 Compaction Pause)
[2026-05-06T20:32:56.910+0300][49.698s][info][gc,task        ] GC(7) Using 2 workers of 8 for full compaction
[2026-05-06T20:32:56.910+0300][49.698s][info][gc,phases,start] GC(7) Phase 1: Mark live objects
[2026-05-06T20:32:56.918+0300][49.706s][info][gc,phases      ] GC(7) Phase 1: Mark live objects 8.291ms
[2026-05-06T20:32:56.919+0300][49.706s][info][gc,phases,start] GC(7) Phase 2: Prepare compaction
[2026-05-06T20:32:56.921+0300][49.709s][info][gc,phases      ] GC(7) Phase 2: Prepare compaction 2.355ms
[2026-05-06T20:32:56.921+0300][49.709s][info][gc,phases,start] GC(7) Phase 3: Adjust pointers
[2026-05-06T20:32:56.925+0300][49.713s][info][gc,phases      ] GC(7) Phase 3: Adjust pointers 4.178ms
[2026-05-06T20:32:56.925+0300][49.713s][info][gc,phases,start] GC(7) Phase 4: Compact heap
[2026-05-06T20:32:56.928+0300][49.716s][info][gc,phases      ] GC(7) Phase 4: Compact heap 2.592ms
[2026-05-06T20:32:56.928+0300][49.716s][info][gc,phases,start] GC(7) Phase 5: Reset Metadata
[2026-05-06T20:32:56.928+0300][49.716s][info][gc,phases      ] GC(7) Phase 5: Reset Metadata 0.203ms
[2026-05-06T20:32:56.930+0300][49.718s][info][gc,heap        ] GC(7) Eden regions: 0->0(2)
[2026-05-06T20:32:56.931+0300][49.718s][info][gc,heap        ] GC(7) Survivor regions: 0->0(1)
[2026-05-06T20:32:56.931+0300][49.718s][info][gc,heap        ] GC(7) Old regions: 5->5
[2026-05-06T20:32:56.931+0300][49.718s][info][gc,heap        ] GC(7) Humongous regions: 57->57
[2026-05-06T20:32:56.931+0300][49.718s][info][gc,metaspace   ] GC(7) Metaspace: 9183K(9792K)->9183K(9792K) NonClass: 8272K(8640K)->8272K(8640K) Class: 911K(1152K)->911K(1152K)
[2026-05-06T20:32:56.931+0300][49.719s][info][gc             ] GC(7) Pause Full (G1 Compaction Pause) 61M->61M(64M) 20.761ms
[2026-05-06T20:32:56.931+0300][49.719s][info][gc,cpu         ] GC(7) User=0.03s Sys=0.00s Real=0.02s
[2026-05-06T20:32:56.931+0300][49.719s][info][gc,marking     ] GC(2) Concurrent Mark Abort
[2026-05-06T20:32:56.931+0300][49.719s][info][gc             ] GC(2) Concurrent Mark Cycle 99.344ms
[2026-05-06T20:32:56.931+0300][49.719s][info][gc,start       ] GC(8) Pause Young (Normal) (G1 Evacuation Pause)
[2026-05-06T20:32:56.931+0300][49.719s][info][gc,task        ] GC(8) Using 2 workers of 8 for evacuation
[2026-05-06T20:32:56.933+0300][49.721s][info][gc,phases      ] GC(8)   Pre Evacuate Collection Set: 0.19ms
[2026-05-06T20:32:56.933+0300][49.721s][info][gc,phases      ] GC(8)   Merge Heap Roots: 0.08ms
[2026-05-06T20:32:56.933+0300][49.721s][info][gc,phases      ] GC(8)   Evacuate Collection Set: 0.42ms
[2026-05-06T20:32:56.933+0300][49.721s][info][gc,phases      ] GC(8)   Post Evacuate Collection Set: 0.39ms
[2026-05-06T20:32:56.933+0300][49.721s][info][gc,phases      ] GC(8)   Other: 0.12ms
[2026-05-06T20:32:56.933+0300][49.721s][info][gc,heap        ] GC(8) Eden regions: 0->0(1)
[2026-05-06T20:32:56.933+0300][49.721s][info][gc,heap        ] GC(8) Survivor regions: 0->0(0)
[2026-05-06T20:32:56.933+0300][49.721s][info][gc,heap        ] GC(8) Old regions: 5->5
[2026-05-06T20:32:56.933+0300][49.721s][info][gc,heap        ] GC(8) Humongous regions: 59->59
[2026-05-06T20:32:56.933+0300][49.721s][info][gc,metaspace   ] GC(8) Metaspace: 9183K(9792K)->9183K(9792K) NonClass: 8272K(8640K)->8272K(8640K) Class: 911K(1152K)->911K(1152K)
[2026-05-06T20:32:56.933+0300][49.721s][info][gc             ] GC(8) Pause Young (Normal) (G1 Evacuation Pause) 63M->63M(64M) 1.714ms
[2026-05-06T20:32:56.933+0300][49.721s][info][gc,cpu         ] GC(8) User=0.00s Sys=0.00s Real=0.00s
[2026-05-06T20:32:56.933+0300][49.721s][info][gc,ergo        ] Attempting full compaction
[2026-05-06T20:32:56.933+0300][49.721s][info][gc,start       ] GC(9) Pause Full (G1 Compaction Pause)
[2026-05-06T20:32:56.933+0300][49.721s][info][gc,task        ] GC(9) Using 2 workers of 8 for full compaction
[2026-05-06T20:32:56.933+0300][49.721s][info][gc,phases,start] GC(9) Phase 1: Mark live objects
[2026-05-06T20:32:56.942+0300][49.730s][info][gc,phases      ] GC(9) Phase 1: Mark live objects 8.972ms
[2026-05-06T20:32:56.942+0300][49.730s][info][gc,phases,start] GC(9) Phase 2: Prepare compaction
[2026-05-06T20:32:56.942+0300][49.730s][info][gc,phases      ] GC(9) Phase 2: Prepare compaction 0.161ms
[2026-05-06T20:32:56.943+0300][49.730s][info][gc,phases,start] GC(9) Phase 3: Adjust pointers
[2026-05-06T20:32:56.946+0300][49.734s][info][gc,phases      ] GC(9) Phase 3: Adjust pointers 3.167ms
[2026-05-06T20:32:56.946+0300][49.734s][info][gc,phases,start] GC(9) Phase 4: Compact heap
[2026-05-06T20:32:56.946+0300][49.734s][info][gc,phases      ] GC(9) Phase 4: Compact heap 0.078ms
[2026-05-06T20:32:56.946+0300][49.734s][info][gc,phases,start] GC(9) Phase 5: Reset Metadata
[2026-05-06T20:32:56.947+0300][49.735s][info][gc,phases      ] GC(9) Phase 5: Reset Metadata 0.926ms
[2026-05-06T20:32:56.949+0300][49.736s][info][gc,heap        ] GC(9) Eden regions: 0->0(1)
[2026-05-06T20:32:56.949+0300][49.737s][info][gc,heap        ] GC(9) Survivor regions: 0->0(0)
[2026-05-06T20:32:56.949+0300][49.737s][info][gc,heap        ] GC(9) Old regions: 5->5
[2026-05-06T20:32:56.949+0300][49.737s][info][gc,heap        ] GC(9) Humongous regions: 59->59
[2026-05-06T20:32:56.949+0300][49.737s][info][gc,metaspace   ] GC(9) Metaspace: 9183K(9792K)->9183K(9792K) NonClass: 8272K(8640K)->8272K(8640K) Class: 911K(1152K)->911K(1152K)
[2026-05-06T20:32:56.949+0300][49.737s][info][gc             ] GC(9) Pause Full (G1 Compaction Pause) 63M->63M(64M) 15.634ms
[2026-05-06T20:32:56.949+0300][49.737s][info][gc,cpu         ] GC(9) User=0.02s Sys=0.01s Real=0.02s
[2026-05-06T20:32:56.949+0300][49.737s][info][gc,ergo        ] Attempting maximal full compaction clearing soft references
[2026-05-06T20:32:56.949+0300][49.737s][info][gc,start       ] GC(10) Pause Full (G1 Compaction Pause)
[2026-05-06T20:32:56.949+0300][49.737s][info][gc,task        ] GC(10) Using 2 workers of 8 for full compaction
[2026-05-06T20:32:56.949+0300][49.737s][info][gc,phases,start] GC(10) Phase 1: Mark live objects
[2026-05-06T20:32:56.958+0300][49.746s][info][gc,phases      ] GC(10) Phase 1: Mark live objects 9.064ms
[2026-05-06T20:32:56.958+0300][49.746s][info][gc,phases,start] GC(10) Phase 2: Prepare compaction
[2026-05-06T20:32:56.959+0300][49.747s][info][gc,phases      ] GC(10) Phase 2: Prepare compaction 1.308ms
[2026-05-06T20:32:56.959+0300][49.747s][info][gc,phases,start] GC(10) Phase 3: Adjust pointers
[2026-05-06T20:32:56.964+0300][49.752s][info][gc,phases      ] GC(10) Phase 3: Adjust pointers 4.372ms
[2026-05-06T20:32:56.964+0300][49.752s][info][gc,phases,start] GC(10) Phase 4: Compact heap
[2026-05-06T20:32:56.965+0300][49.753s][info][gc,phases      ] GC(10) Phase 4: Compact heap 1.380ms
[2026-05-06T20:32:56.965+0300][49.753s][info][gc,phases,start] GC(10) Phase 5: Reset Metadata
[2026-05-06T20:32:56.966+0300][49.754s][info][gc,phases      ] GC(10) Phase 5: Reset Metadata 0.230ms
[2026-05-06T20:32:56.968+0300][49.756s][info][gc,heap        ] GC(10) Eden regions: 0->0(1)
[2026-05-06T20:32:56.968+0300][49.756s][info][gc,heap        ] GC(10) Survivor regions: 0->0(0)
[2026-05-06T20:32:56.968+0300][49.756s][info][gc,heap        ] GC(10) Old regions: 5->5
[2026-05-06T20:32:56.968+0300][49.756s][info][gc,heap        ] GC(10) Humongous regions: 59->59
[2026-05-06T20:32:56.968+0300][49.756s][info][gc,metaspace   ] GC(10) Metaspace: 9183K(9792K)->9183K(9792K) NonClass: 8272K(8640K)->8272K(8640K) Class: 911K(1152K)->911K(1152K)
[2026-05-06T20:32:56.969+0300][49.756s][info][gc             ] GC(10) Pause Full (G1 Compaction Pause) 63M->63M(64M) 19.665ms
[2026-05-06T20:32:56.969+0300][49.756s][info][gc,cpu         ] GC(10) User=0.04s Sys=0.00s Real=0.02s
[2026-05-06T20:32:56.969+0300][49.757s][info][gc,start       ] GC(11) Pause Young (Concurrent Start) (G1 Humongous Allocation)
[2026-05-06T20:32:56.969+0300][49.757s][info][gc,task        ] GC(11) Using 2 workers of 8 for evacuation
[2026-05-06T20:32:56.970+0300][49.758s][info][gc,phases      ] GC(11)   Pre Evacuate Collection Set: 0.17ms
[2026-05-06T20:32:56.971+0300][49.758s][info][gc,phases      ] GC(11)   Merge Heap Roots: 0.06ms
[2026-05-06T20:32:56.971+0300][49.758s][info][gc,phases      ] GC(11)   Evacuate Collection Set: 0.74ms
[2026-05-06T20:32:56.971+0300][49.758s][info][gc,phases      ] GC(11)   Post Evacuate Collection Set: 0.52ms
[2026-05-06T20:32:56.971+0300][49.758s][info][gc,phases      ] GC(11)   Other: 0.16ms
[2026-05-06T20:32:56.971+0300][49.758s][info][gc,heap        ] GC(11) Eden regions: 0->0(1)
[2026-05-06T20:32:56.971+0300][49.758s][info][gc,heap        ] GC(11) Survivor regions: 0->0(0)
[2026-05-06T20:32:56.971+0300][49.759s][info][gc,heap        ] GC(11) Old regions: 5->5
[2026-05-06T20:32:56.971+0300][49.759s][info][gc,heap        ] GC(11) Humongous regions: 59->59
[2026-05-06T20:32:56.971+0300][49.759s][info][gc,metaspace   ] GC(11) Metaspace: 9183K(9792K)->9183K(9792K) NonClass: 8272K(8640K)->8272K(8640K) Class: 911K(1152K)->911K(1152K)
[2026-05-06T20:32:56.971+0300][49.759s][info][gc             ] GC(11) Pause Young (Concurrent Start) (G1 Humongous Allocation) 63M->63M(64M) 2.003ms
[2026-05-06T20:32:56.971+0300][49.759s][info][gc,cpu         ] GC(11) User=0.00s Sys=0.00s Real=0.00s
[2026-05-06T20:32:56.971+0300][49.759s][info][gc,ergo        ] Attempting full compaction clearing soft references
[2026-05-06T20:32:56.971+0300][49.759s][info][gc,start       ] GC(12) Pause Full (G1 Compaction Pause)
[2026-05-06T20:32:56.971+0300][49.759s][info][gc             ] GC(13) Concurrent Mark Cycle
[2026-05-06T20:32:56.971+0300][49.759s][info][gc,task        ] GC(12) Using 2 workers of 8 for full compaction
[2026-05-06T20:32:56.971+0300][49.759s][info][gc,marking     ] GC(13) Concurrent Scan Root Regions
[2026-05-06T20:32:56.971+0300][49.759s][info][gc,marking     ] GC(13) Concurrent Scan Root Regions 0.086ms
[2026-05-06T20:32:56.971+0300][49.759s][info][gc,phases,start] GC(12) Phase 1: Mark live objects
[2026-05-06T20:32:56.982+0300][49.770s][info][gc,phases      ] GC(12) Phase 1: Mark live objects 10.651ms
[2026-05-06T20:32:56.982+0300][49.770s][info][gc,phases,start] GC(12) Phase 2: Prepare compaction
[2026-05-06T20:32:56.982+0300][49.770s][info][gc,phases      ] GC(12) Phase 2: Prepare compaction 0.083ms
[2026-05-06T20:32:56.982+0300][49.770s][info][gc,phases,start] GC(12) Phase 3: Adjust pointers
[2026-05-06T20:32:56.985+0300][49.773s][info][gc,phases      ] GC(12) Phase 3: Adjust pointers 2.977ms
[2026-05-06T20:32:56.985+0300][49.773s][info][gc,phases,start] GC(12) Phase 4: Compact heap
[2026-05-06T20:32:56.985+0300][49.773s][info][gc,phases      ] GC(12) Phase 4: Compact heap 0.121ms
[2026-05-06T20:32:56.985+0300][49.773s][info][gc,phases,start] GC(12) Phase 5: Reset Metadata
[2026-05-06T20:32:56.986+0300][49.774s][info][gc,phases      ] GC(12) Phase 5: Reset Metadata 1.183ms
[2026-05-06T20:32:56.990+0300][49.778s][info][gc,heap        ] GC(12) Eden regions: 0->0(1)
[2026-05-06T20:32:56.990+0300][49.778s][info][gc,heap        ] GC(12) Survivor regions: 0->0(0)
[2026-05-06T20:32:56.990+0300][49.778s][info][gc,heap        ] GC(12) Old regions: 5->5
[2026-05-06T20:32:56.990+0300][49.778s][info][gc,heap        ] GC(12) Humongous regions: 59->59
[2026-05-06T20:32:56.990+0300][49.778s][info][gc,metaspace   ] GC(12) Metaspace: 9183K(9792K)->9183K(9792K) NonClass: 8272K(8640K)->8272K(8640K) Class: 911K(1152K)->911K(1152K)
[2026-05-06T20:32:56.990+0300][49.778s][info][gc             ] GC(12) Pause Full (G1 Compaction Pause) 63M->63M(64M) 19.292ms
[2026-05-06T20:32:56.990+0300][49.778s][info][gc,cpu         ] GC(12) User=0.03s Sys=0.00s Real=0.02s
[2026-05-06T20:32:56.990+0300][49.778s][info][gc,marking     ] GC(13) Concurrent Mark Abort
[2026-05-06T20:32:56.990+0300][49.778s][info][gc             ] GC(13) Concurrent Mark Cycle 19.473ms
[2026-05-06T20:32:56.990+0300][49.778s][info][gc,start       ] GC(14) Pause Young (Normal) (G1 Humongous Allocation)
[2026-05-06T20:32:56.991+0300][49.778s][info][gc,task        ] GC(14) Using 2 workers of 8 for evacuation
[2026-05-06T20:32:56.992+0300][49.779s][info][gc,phases      ] GC(14)   Pre Evacuate Collection Set: 0.16ms
[2026-05-06T20:32:56.992+0300][49.780s][info][gc,phases      ] GC(14)   Merge Heap Roots: 0.07ms
[2026-05-06T20:32:56.992+0300][49.780s][info][gc,phases      ] GC(14)   Evacuate Collection Set: 0.25ms
[2026-05-06T20:32:56.992+0300][49.780s][info][gc,phases      ] GC(14)   Post Evacuate Collection Set: 0.47ms
[2026-05-06T20:32:56.992+0300][49.780s][info][gc,phases      ] GC(14)   Other: 0.11ms
[2026-05-06T20:32:56.992+0300][49.780s][info][gc,heap        ] GC(14) Eden regions: 0->0(1)
[2026-05-06T20:32:56.992+0300][49.780s][info][gc,heap        ] GC(14) Survivor regions: 0->0(0)
[2026-05-06T20:32:56.992+0300][49.780s][info][gc,heap        ] GC(14) Old regions: 5->5
[2026-05-06T20:32:56.992+0300][49.780s][info][gc,heap        ] GC(14) Humongous regions: 59->59
[2026-05-06T20:32:56.992+0300][49.780s][info][gc,metaspace   ] GC(14) Metaspace: 9183K(9792K)->9183K(9792K) NonClass: 8272K(8640K)->8272K(8640K) Class: 911K(1152K)->911K(1152K)
[2026-05-06T20:32:56.992+0300][49.780s][info][gc             ] GC(14) Pause Young (Normal) (G1 Humongous Allocation) 63M->63M(64M) 1.464ms
[2026-05-06T20:32:56.992+0300][49.780s][info][gc,cpu         ] GC(14) User=0.00s Sys=0.00s Real=0.00s
[2026-05-06T20:32:56.992+0300][49.780s][info][gc,ergo        ] Attempting full compaction
[2026-05-06T20:32:56.992+0300][49.780s][info][gc,start       ] GC(15) Pause Full (G1 Compaction Pause)
[2026-05-06T20:32:56.992+0300][49.780s][info][gc,task        ] GC(15) Using 2 workers of 8 for full compaction
[2026-05-06T20:32:56.992+0300][49.780s][info][gc,phases,start] GC(15) Phase 1: Mark live objects
[2026-05-06T20:32:57.000+0300][49.788s][info][gc,phases      ] GC(15) Phase 1: Mark live objects 7.662ms
[2026-05-06T20:32:57.000+0300][49.788s][info][gc,phases,start] GC(15) Phase 2: Prepare compaction
[2026-05-06T20:32:57.000+0300][49.788s][info][gc,phases      ] GC(15) Phase 2: Prepare compaction 0.102ms
[2026-05-06T20:32:57.000+0300][49.788s][info][gc,phases,start] GC(15) Phase 3: Adjust pointers
[2026-05-06T20:32:57.005+0300][49.792s][info][gc,phases      ] GC(15) Phase 3: Adjust pointers 4.590ms
[2026-05-06T20:32:57.005+0300][49.793s][info][gc,phases,start] GC(15) Phase 4: Compact heap
[2026-05-06T20:32:57.005+0300][49.793s][info][gc,phases      ] GC(15) Phase 4: Compact heap 0.095ms
[2026-05-06T20:32:57.005+0300][49.793s][info][gc,phases,start] GC(15) Phase 5: Reset Metadata
[2026-05-06T20:32:57.006+0300][49.794s][info][gc,phases      ] GC(15) Phase 5: Reset Metadata 1.215ms
[2026-05-06T20:32:57.009+0300][49.797s][info][gc,heap        ] GC(15) Eden regions: 0->0(1)
[2026-05-06T20:32:57.009+0300][49.797s][info][gc,heap        ] GC(15) Survivor regions: 0->0(0)
[2026-05-06T20:32:57.009+0300][49.797s][info][gc,heap        ] GC(15) Old regions: 5->5
[2026-05-06T20:32:57.009+0300][49.797s][info][gc,heap        ] GC(15) Humongous regions: 59->59
[2026-05-06T20:32:57.009+0300][49.797s][info][gc,metaspace   ] GC(15) Metaspace: 9183K(9792K)->9183K(9792K) NonClass: 8272K(8640K)->8272K(8640K) Class: 911K(1152K)->911K(1152K)
[2026-05-06T20:32:57.009+0300][49.797s][info][gc             ] GC(15) Pause Full (G1 Compaction Pause) 63M->63M(64M) 16.980ms
[2026-05-06T20:32:57.009+0300][49.797s][info][gc,cpu         ] GC(15) User=0.03s Sys=0.00s Real=0.02s
[2026-05-06T20:32:57.009+0300][49.797s][info][gc,ergo        ] Attempting maximal full compaction clearing soft references
[2026-05-06T20:32:57.009+0300][49.797s][info][gc,start       ] GC(16) Pause Full (G1 Compaction Pause)
[2026-05-06T20:32:57.009+0300][49.797s][info][gc,task        ] GC(16) Using 2 workers of 8 for full compaction
[2026-05-06T20:32:57.009+0300][49.797s][info][gc,phases,start] GC(16) Phase 1: Mark live objects
[2026-05-06T20:32:57.016+0300][49.804s][info][gc,phases      ] GC(16) Phase 1: Mark live objects 6.942ms
[2026-05-06T20:32:57.016+0300][49.804s][info][gc,phases,start] GC(16) Phase 2: Prepare compaction
[2026-05-06T20:32:57.018+0300][49.806s][info][gc,phases      ] GC(16) Phase 2: Prepare compaction 1.622ms
[2026-05-06T20:32:57.018+0300][49.806s][info][gc,phases,start] GC(16) Phase 3: Adjust pointers
[2026-05-06T20:32:57.022+0300][49.810s][info][gc,phases      ] GC(16) Phase 3: Adjust pointers 3.905ms
[2026-05-06T20:32:57.022+0300][49.810s][info][gc,phases,start] GC(16) Phase 4: Compact heap
[2026-05-06T20:32:57.023+0300][49.811s][info][gc,phases      ] GC(16) Phase 4: Compact heap 1.239ms
[2026-05-06T20:32:57.023+0300][49.811s][info][gc,phases,start] GC(16) Phase 5: Reset Metadata
[2026-05-06T20:32:57.023+0300][49.811s][info][gc,phases      ] GC(16) Phase 5: Reset Metadata 0.221ms
[2026-05-06T20:32:57.025+0300][49.813s][info][gc,heap        ] GC(16) Eden regions: 0->0(1)
[2026-05-06T20:32:57.025+0300][49.813s][info][gc,heap        ] GC(16) Survivor regions: 0->0(0)
[2026-05-06T20:32:57.025+0300][49.813s][info][gc,heap        ] GC(16) Old regions: 5->5
[2026-05-06T20:32:57.025+0300][49.813s][info][gc,heap        ] GC(16) Humongous regions: 59->59
[2026-05-06T20:32:57.025+0300][49.813s][info][gc,metaspace   ] GC(16) Metaspace: 9183K(9792K)->9183K(9792K) NonClass: 8272K(8640K)->8272K(8640K) Class: 911K(1152K)->911K(1152K)
[2026-05-06T20:32:57.026+0300][49.813s][info][gc             ] GC(16) Pause Full (G1 Compaction Pause) 63M->63M(64M) 16.449ms
[2026-05-06T20:32:57.026+0300][49.813s][info][gc,cpu         ] GC(16) User=0.03s Sys=0.01s Real=0.01s
[2026-05-06T20:32:57.026+0300][49.814s][info][gc,start       ] GC(17) Pause Young (Concurrent Start) (G1 Evacuation Pause)
[2026-05-06T20:32:57.026+0300][49.814s][info][gc,task        ] GC(17) Using 2 workers of 8 for evacuation
[2026-05-06T20:32:57.028+0300][49.816s][info][gc,phases      ] GC(17)   Pre Evacuate Collection Set: 0.24ms
[2026-05-06T20:32:57.028+0300][49.816s][info][gc,phases      ] GC(17)   Merge Heap Roots: 0.09ms
[2026-05-06T20:32:57.028+0300][49.816s][info][gc,phases      ] GC(17)   Evacuate Collection Set: 0.63ms
[2026-05-06T20:32:57.028+0300][49.816s][info][gc,phases      ] GC(17)   Post Evacuate Collection Set: 0.65ms
[2026-05-06T20:32:57.028+0300][49.816s][info][gc,phases      ] GC(17)   Other: 0.20ms
[2026-05-06T20:32:57.028+0300][49.816s][info][gc,heap        ] GC(17) Eden regions: 0->0(1)
[2026-05-06T20:32:57.028+0300][49.816s][info][gc,heap        ] GC(17) Survivor regions: 0->0(0)
[2026-05-06T20:32:57.028+0300][49.816s][info][gc,heap        ] GC(17) Old regions: 5->5
[2026-05-06T20:32:57.028+0300][49.816s][info][gc,heap        ] GC(17) Humongous regions: 59->59
[2026-05-06T20:32:57.028+0300][49.816s][info][gc,metaspace   ] GC(17) Metaspace: 9183K(9792K)->9183K(9792K) NonClass: 8272K(8640K)->8272K(8640K) Class: 911K(1152K)->911K(1152K)
[2026-05-06T20:32:57.028+0300][49.816s][info][gc             ] GC(17) Pause Young (Concurrent Start) (G1 Evacuation Pause) 63M->63M(64M) 2.148ms
[2026-05-06T20:32:57.028+0300][49.816s][info][gc,cpu         ] GC(17) User=0.00s Sys=0.00s Real=0.01s
[2026-05-06T20:32:57.028+0300][49.816s][info][gc             ] GC(18) Concurrent Mark Cycle
[2026-05-06T20:32:57.028+0300][49.816s][info][gc,ergo        ] Attempting full compaction
[2026-05-06T20:32:57.028+0300][49.816s][info][gc,start       ] GC(19) Pause Full (G1 Compaction Pause)
[2026-05-06T20:32:57.028+0300][49.816s][info][gc,marking     ] GC(18) Concurrent Scan Root Regions
[2026-05-06T20:32:57.028+0300][49.816s][info][gc,task        ] GC(19) Using 2 workers of 8 for full compaction
[2026-05-06T20:32:57.028+0300][49.816s][info][gc,marking     ] GC(18) Concurrent Scan Root Regions 0.106ms
[2026-05-06T20:32:57.028+0300][49.816s][info][gc,marking     ] GC(18) Concurrent Mark
[2026-05-06T20:32:57.028+0300][49.816s][info][gc,marking     ] GC(18) Concurrent Mark From Roots
[2026-05-06T20:32:57.028+0300][49.816s][info][gc,task        ] GC(18) Using 2 workers of 2 for marking
[2026-05-06T20:32:57.028+0300][49.816s][info][gc,phases,start] GC(19) Phase 1: Mark live objects
[2026-05-06T20:32:57.037+0300][49.825s][info][gc,phases      ] GC(19) Phase 1: Mark live objects 8.411ms
[2026-05-06T20:32:57.037+0300][49.825s][info][gc,phases,start] GC(19) Phase 2: Prepare compaction
[2026-05-06T20:32:57.037+0300][49.825s][info][gc,phases      ] GC(19) Phase 2: Prepare compaction 0.107ms
[2026-05-06T20:32:57.037+0300][49.825s][info][gc,phases,start] GC(19) Phase 3: Adjust pointers
[2026-05-06T20:32:57.042+0300][49.830s][info][gc,phases      ] GC(19) Phase 3: Adjust pointers 4.585ms
[2026-05-06T20:32:57.042+0300][49.830s][info][gc,phases,start] GC(19) Phase 4: Compact heap
[2026-05-06T20:32:57.042+0300][49.830s][info][gc,phases      ] GC(19) Phase 4: Compact heap 0.089ms
[2026-05-06T20:32:57.042+0300][49.830s][info][gc,phases,start] GC(19) Phase 5: Reset Metadata
[2026-05-06T20:32:57.043+0300][49.831s][info][gc,phases      ] GC(19) Phase 5: Reset Metadata 0.948ms
[2026-05-06T20:32:57.045+0300][49.833s][info][gc,heap        ] GC(19) Eden regions: 0->0(1)
[2026-05-06T20:32:57.045+0300][49.833s][info][gc,heap        ] GC(19) Survivor regions: 0->0(0)
[2026-05-06T20:32:57.045+0300][49.833s][info][gc,heap        ] GC(19) Old regions: 5->5
[2026-05-06T20:32:57.045+0300][49.833s][info][gc,heap        ] GC(19) Humongous regions: 59->59
[2026-05-06T20:32:57.045+0300][49.833s][info][gc,metaspace   ] GC(19) Metaspace: 9183K(9792K)->9183K(9792K) NonClass: 8272K(8640K)->8272K(8640K) Class: 911K(1152K)->911K(1152K)
[2026-05-06T20:32:57.045+0300][49.833s][info][gc             ] GC(19) Pause Full (G1 Compaction Pause) 63M->63M(64M) 17.144ms
[2026-05-06T20:32:57.045+0300][49.833s][info][gc,cpu         ] GC(19) User=0.03s Sys=0.00s Real=0.01s
[2026-05-06T20:32:57.045+0300][49.833s][info][gc,ergo        ] Attempting maximal full compaction clearing soft references
[2026-05-06T20:32:57.045+0300][49.833s][info][gc,start       ] GC(20) Pause Full (G1 Compaction Pause)
[2026-05-06T20:32:57.045+0300][49.833s][info][gc,task        ] GC(20) Using 2 workers of 8 for full compaction
[2026-05-06T20:32:57.046+0300][49.834s][info][gc,phases,start] GC(20) Phase 1: Mark live objects
[2026-05-06T20:32:57.055+0300][49.842s][info][gc,phases      ] GC(20) Phase 1: Mark live objects 8.899ms
[2026-05-06T20:32:57.055+0300][49.843s][info][gc,phases,start] GC(20) Phase 2: Prepare compaction
[2026-05-06T20:32:57.056+0300][49.844s][info][gc,phases      ] GC(20) Phase 2: Prepare compaction 1.484ms
[2026-05-06T20:32:57.056+0300][49.844s][info][gc,phases,start] GC(20) Phase 3: Adjust pointers
[2026-05-06T20:32:57.061+0300][49.849s][info][gc,phases      ] GC(20) Phase 3: Adjust pointers 5.002ms
[2026-05-06T20:32:57.061+0300][49.849s][info][gc,phases,start] GC(20) Phase 4: Compact heap
[2026-05-06T20:32:57.063+0300][49.851s][info][gc,phases      ] GC(20) Phase 4: Compact heap 1.872ms
[2026-05-06T20:32:57.063+0300][49.851s][info][gc,phases,start] GC(20) Phase 5: Reset Metadata
[2026-05-06T20:32:57.064+0300][49.851s][info][gc,phases      ] GC(20) Phase 5: Reset Metadata 0.214ms
[2026-05-06T20:32:57.066+0300][49.854s][info][gc,heap        ] GC(20) Eden regions: 0->0(1)
[2026-05-06T20:32:57.066+0300][49.854s][info][gc,heap        ] GC(20) Survivor regions: 0->0(0)
[2026-05-06T20:32:57.066+0300][49.854s][info][gc,heap        ] GC(20) Old regions: 5->5
[2026-05-06T20:32:57.066+0300][49.854s][info][gc,heap        ] GC(20) Humongous regions: 59->59
[2026-05-06T20:32:57.066+0300][49.854s][info][gc,metaspace   ] GC(20) Metaspace: 9183K(9792K)->9183K(9792K) NonClass: 8272K(8640K)->8272K(8640K) Class: 911K(1152K)->911K(1152K)
[2026-05-06T20:32:57.066+0300][49.854s][info][gc             ] GC(20) Pause Full (G1 Compaction Pause) 63M->63M(64M) 20.696ms
[2026-05-06T20:32:57.066+0300][49.854s][info][gc,cpu         ] GC(20) User=0.03s Sys=0.00s Real=0.02s
[2026-05-06T20:32:57.066+0300][49.854s][info][gc,marking     ] GC(18) Concurrent Mark From Roots 38.050ms
[2026-05-06T20:32:57.066+0300][49.854s][info][gc,start       ] GC(21) Pause Young (Normal) (G1 Evacuation Pause)
[2026-05-06T20:32:57.066+0300][49.854s][info][gc,task        ] GC(21) Using 2 workers of 8 for evacuation
[2026-05-06T20:32:57.067+0300][49.855s][info][gc,phases      ] GC(21)   Pre Evacuate Collection Set: 0.13ms
[2026-05-06T20:32:57.067+0300][49.855s][info][gc,phases      ] GC(21)   Merge Heap Roots: 0.05ms
[2026-05-06T20:32:57.067+0300][49.855s][info][gc,phases      ] GC(21)   Evacuate Collection Set: 0.21ms
[2026-05-06T20:32:57.067+0300][49.855s][info][gc,phases      ] GC(21)   Post Evacuate Collection Set: 0.42ms
[2026-05-06T20:32:57.067+0300][49.855s][info][gc,phases      ] GC(21)   Other: 0.14ms
[2026-05-06T20:32:57.068+0300][49.855s][info][gc,heap        ] GC(21) Eden regions: 0->0(1)
[2026-05-06T20:32:57.068+0300][49.855s][info][gc,heap        ] GC(21) Survivor regions: 0->0(0)
[2026-05-06T20:32:57.068+0300][49.855s][info][gc,heap        ] GC(21) Old regions: 5->5
[2026-05-06T20:32:57.068+0300][49.855s][info][gc,heap        ] GC(21) Humongous regions: 59->59
[2026-05-06T20:32:57.068+0300][49.855s][info][gc,metaspace   ] GC(21) Metaspace: 9183K(9792K)->9183K(9792K) NonClass: 8272K(8640K)->8272K(8640K) Class: 911K(1152K)->911K(1152K)
[2026-05-06T20:32:57.068+0300][49.855s][info][gc             ] GC(21) Pause Young (Normal) (G1 Evacuation Pause) 63M->63M(64M) 1.312ms
[2026-05-06T20:32:57.068+0300][49.856s][info][gc,cpu         ] GC(21) User=0.00s Sys=0.00s Real=0.01s
[2026-05-06T20:32:57.068+0300][49.856s][info][gc,ergo        ] Attempting full compaction
[2026-05-06T20:32:57.068+0300][49.856s][info][gc,start       ] GC(22) Pause Full (G1 Compaction Pause)
[2026-05-06T20:32:57.068+0300][49.856s][info][gc,task        ] GC(22) Using 2 workers of 8 for full compaction
[2026-05-06T20:32:57.068+0300][49.856s][info][gc,phases,start] GC(22) Phase 1: Mark live objects
[2026-05-06T20:32:57.077+0300][49.864s][info][gc,phases      ] GC(22) Phase 1: Mark live objects 8.614ms
[2026-05-06T20:32:57.077+0300][49.865s][info][gc,phases,start] GC(22) Phase 2: Prepare compaction
[2026-05-06T20:32:57.077+0300][49.865s][info][gc,phases      ] GC(22) Phase 2: Prepare compaction 0.198ms
[2026-05-06T20:32:57.077+0300][49.865s][info][gc,phases,start] GC(22) Phase 3: Adjust pointers
[2026-05-06T20:32:57.081+0300][49.869s][info][gc,phases      ] GC(22) Phase 3: Adjust pointers 4.201ms
[2026-05-06T20:32:57.081+0300][49.869s][info][gc,phases,start] GC(22) Phase 4: Compact heap
[2026-05-06T20:32:57.081+0300][49.869s][info][gc,phases      ] GC(22) Phase 4: Compact heap 0.106ms
[2026-05-06T20:32:57.081+0300][49.869s][info][gc,phases,start] GC(22) Phase 5: Reset Metadata
[2026-05-06T20:32:57.083+0300][49.871s][info][gc,phases      ] GC(22) Phase 5: Reset Metadata 1.330ms
[2026-05-06T20:32:57.085+0300][49.873s][info][gc,heap        ] GC(22) Eden regions: 0->0(1)
[2026-05-06T20:32:57.085+0300][49.873s][info][gc,heap        ] GC(22) Survivor regions: 0->0(0)
[2026-05-06T20:32:57.085+0300][49.873s][info][gc,heap        ] GC(22) Old regions: 5->5
[2026-05-06T20:32:57.085+0300][49.873s][info][gc,heap        ] GC(22) Humongous regions: 59->59
[2026-05-06T20:32:57.085+0300][49.873s][info][gc,metaspace   ] GC(22) Metaspace: 9183K(9792K)->9183K(9792K) NonClass: 8272K(8640K)->8272K(8640K) Class: 911K(1152K)->911K(1152K)
[2026-05-06T20:32:57.085+0300][49.873s][info][gc             ] GC(22) Pause Full (G1 Compaction Pause) 63M->63M(64M) 17.373ms
[2026-05-06T20:32:57.085+0300][49.873s][info][gc,cpu         ] GC(22) User=0.03s Sys=0.01s Real=0.01s
[2026-05-06T20:32:57.085+0300][49.873s][info][gc,ergo        ] Attempting maximal full compaction clearing soft references
[2026-05-06T20:32:57.085+0300][49.873s][info][gc,start       ] GC(23) Pause Full (G1 Compaction Pause)
[2026-05-06T20:32:57.085+0300][49.873s][info][gc,task        ] GC(23) Using 2 workers of 8 for full compaction
[2026-05-06T20:32:57.085+0300][49.873s][info][gc,phases,start] GC(23) Phase 1: Mark live objects
[2026-05-06T20:32:57.093+0300][49.881s][info][gc,phases      ] GC(23) Phase 1: Mark live objects 7.751ms
[2026-05-06T20:32:57.093+0300][49.881s][info][gc,phases,start] GC(23) Phase 2: Prepare compaction
[2026-05-06T20:32:57.094+0300][49.882s][info][gc,phases      ] GC(23) Phase 2: Prepare compaction 1.091ms
[2026-05-06T20:32:57.094+0300][49.882s][info][gc,phases,start] GC(23) Phase 3: Adjust pointers
[2026-05-06T20:32:57.098+0300][49.886s][info][gc,phases      ] GC(23) Phase 3: Adjust pointers 3.265ms
[2026-05-06T20:32:57.098+0300][49.886s][info][gc,phases,start] GC(23) Phase 4: Compact heap
[2026-05-06T20:32:57.099+0300][49.887s][info][gc,phases      ] GC(23) Phase 4: Compact heap 0.887ms
[2026-05-06T20:32:57.099+0300][49.887s][info][gc,phases,start] GC(23) Phase 5: Reset Metadata
[2026-05-06T20:32:57.099+0300][49.887s][info][gc,phases      ] GC(23) Phase 5: Reset Metadata 0.169ms
[2026-05-06T20:32:57.101+0300][49.889s][info][gc,heap        ] GC(23) Eden regions: 0->0(1)
[2026-05-06T20:32:57.101+0300][49.889s][info][gc,heap        ] GC(23) Survivor regions: 0->0(0)
[2026-05-06T20:32:57.101+0300][49.889s][info][gc,heap        ] GC(23) Old regions: 5->5
[2026-05-06T20:32:57.101+0300][49.889s][info][gc,heap        ] GC(23) Humongous regions: 59->59
[2026-05-06T20:32:57.101+0300][49.889s][info][gc,metaspace   ] GC(23) Metaspace: 9183K(9792K)->9183K(9792K) NonClass: 8272K(8640K)->8272K(8640K) Class: 911K(1152K)->911K(1152K)
[2026-05-06T20:32:57.101+0300][49.889s][info][gc             ] GC(23) Pause Full (G1 Compaction Pause) 63M->63M(64M) 15.859ms
[2026-05-06T20:32:57.101+0300][49.889s][info][gc,cpu         ] GC(23) User=0.02s Sys=0.00s Real=0.02s
[2026-05-06T20:32:57.101+0300][49.889s][info][gc,marking     ] GC(18) Concurrent Mark Abort
[2026-05-06T20:32:57.101+0300][49.889s][info][gc             ] GC(18) Concurrent Mark Cycle 73.091ms
[2026-05-06T20:32:57.101+0300][49.889s][info][gc,start       ] GC(24) Pause Young (Normal) (G1 Evacuation Pause)
[2026-05-06T20:32:57.101+0300][49.889s][info][gc,task        ] GC(24) Using 2 workers of 8 for evacuation
[2026-05-06T20:32:57.102+0300][49.890s][info][gc,phases      ] GC(24)   Pre Evacuate Collection Set: 0.15ms
[2026-05-06T20:32:57.102+0300][49.890s][info][gc,phases      ] GC(24)   Merge Heap Roots: 0.05ms
[2026-05-06T20:32:57.102+0300][49.890s][info][gc,phases      ] GC(24)   Evacuate Collection Set: 0.22ms
[2026-05-06T20:32:57.102+0300][49.890s][info][gc,phases      ] GC(24)   Post Evacuate Collection Set: 0.37ms
[2026-05-06T20:32:57.102+0300][49.890s][info][gc,phases      ] GC(24)   Other: 0.09ms
[2026-05-06T20:32:57.102+0300][49.890s][info][gc,heap        ] GC(24) Eden regions: 0->0(1)
[2026-05-06T20:32:57.102+0300][49.890s][info][gc,heap        ] GC(24) Survivor regions: 0->0(0)
[2026-05-06T20:32:57.102+0300][49.890s][info][gc,heap        ] GC(24) Old regions: 5->5
[2026-05-06T20:32:57.102+0300][49.890s][info][gc,heap        ] GC(24) Humongous regions: 59->59
[2026-05-06T20:32:57.102+0300][49.890s][info][gc,metaspace   ] GC(24) Metaspace: 9183K(9792K)->9183K(9792K) NonClass: 8272K(8640K)->8272K(8640K) Class: 911K(1152K)->911K(1152K)
[2026-05-06T20:32:57.103+0300][49.890s][info][gc             ] GC(24) Pause Young (Normal) (G1 Evacuation Pause) 63M->63M(64M) 1.244ms
[2026-05-06T20:32:57.103+0300][49.890s][info][gc,cpu         ] GC(24) User=0.00s Sys=0.00s Real=0.00s
[2026-05-06T20:32:57.103+0300][49.890s][info][gc,ergo        ] Attempting full compaction
[2026-05-06T20:32:57.103+0300][49.890s][info][gc,start       ] GC(25) Pause Full (G1 Compaction Pause)
[2026-05-06T20:32:57.103+0300][49.890s][info][gc,task        ] GC(25) Using 2 workers of 8 for full compaction
[2026-05-06T20:32:57.103+0300][49.891s][info][gc,phases,start] GC(25) Phase 1: Mark live objects
[2026-05-06T20:32:57.112+0300][49.900s][info][gc,phases      ] GC(25) Phase 1: Mark live objects 9.256ms
[2026-05-06T20:32:57.112+0300][49.900s][info][gc,phases,start] GC(25) Phase 2: Prepare compaction
[2026-05-06T20:32:57.112+0300][49.900s][info][gc,phases      ] GC(25) Phase 2: Prepare compaction 0.157ms
[2026-05-06T20:32:57.112+0300][49.900s][info][gc,phases,start] GC(25) Phase 3: Adjust pointers
[2026-05-06T20:32:57.117+0300][49.904s][info][gc,phases      ] GC(25) Phase 3: Adjust pointers 4.304ms
[2026-05-06T20:32:57.117+0300][49.905s][info][gc,phases,start] GC(25) Phase 4: Compact heap
[2026-05-06T20:32:57.117+0300][49.905s][info][gc,phases      ] GC(25) Phase 4: Compact heap 0.102ms
[2026-05-06T20:32:57.117+0300][49.905s][info][gc,phases,start] GC(25) Phase 5: Reset Metadata
[2026-05-06T20:32:57.118+0300][49.906s][info][gc,phases      ] GC(25) Phase 5: Reset Metadata 1.321ms
[2026-05-06T20:32:57.120+0300][49.908s][info][gc,heap        ] GC(25) Eden regions: 0->0(1)
[2026-05-06T20:32:57.120+0300][49.908s][info][gc,heap        ] GC(25) Survivor regions: 0->0(0)
[2026-05-06T20:32:57.120+0300][49.908s][info][gc,heap        ] GC(25) Old regions: 5->5
[2026-05-06T20:32:57.120+0300][49.908s][info][gc,heap        ] GC(25) Humongous regions: 59->59
[2026-05-06T20:32:57.120+0300][49.908s][info][gc,metaspace   ] GC(25) Metaspace: 9183K(9792K)->9183K(9792K) NonClass: 8272K(8640K)->8272K(8640K) Class: 911K(1152K)->911K(1152K)
[2026-05-06T20:32:57.120+0300][49.908s][info][gc             ] GC(25) Pause Full (G1 Compaction Pause) 63M->63M(64M) 17.839ms
[2026-05-06T20:32:57.120+0300][49.908s][info][gc,cpu         ] GC(25) User=0.03s Sys=0.00s Real=0.02s
[2026-05-06T20:32:57.120+0300][49.908s][info][gc,ergo        ] Attempting maximal full compaction clearing soft references
[2026-05-06T20:32:57.120+0300][49.908s][info][gc,start       ] GC(26) Pause Full (G1 Compaction Pause)
[2026-05-06T20:32:57.121+0300][49.908s][info][gc,task        ] GC(26) Using 2 workers of 8 for full compaction
[2026-05-06T20:32:57.121+0300][49.908s][info][gc,phases,start] GC(26) Phase 1: Mark live objects
[2026-05-06T20:32:57.129+0300][49.917s][info][gc,phases      ] GC(26) Phase 1: Mark live objects 8.718ms
[2026-05-06T20:32:57.129+0300][49.917s][info][gc,phases,start] GC(26) Phase 2: Prepare compaction
[2026-05-06T20:32:57.131+0300][49.919s][info][gc,phases      ] GC(26) Phase 2: Prepare compaction 1.454ms
[2026-05-06T20:32:57.131+0300][49.919s][info][gc,phases,start] GC(26) Phase 3: Adjust pointers
[2026-05-06T20:32:57.135+0300][49.923s][info][gc,phases      ] GC(26) Phase 3: Adjust pointers 4.453ms
[2026-05-06T20:32:57.135+0300][49.923s][info][gc,phases,start] GC(26) Phase 4: Compact heap
[2026-05-06T20:32:57.137+0300][49.924s][info][gc,phases      ] GC(26) Phase 4: Compact heap 1.108ms
[2026-05-06T20:32:57.137+0300][49.925s][info][gc,phases,start] GC(26) Phase 5: Reset Metadata
[2026-05-06T20:32:57.137+0300][49.925s][info][gc,phases      ] GC(26) Phase 5: Reset Metadata 0.236ms
[2026-05-06T20:32:57.140+0300][49.927s][info][gc,heap        ] GC(26) Eden regions: 0->0(1)
[2026-05-06T20:32:57.140+0300][49.927s][info][gc,heap        ] GC(26) Survivor regions: 0->0(0)
[2026-05-06T20:32:57.140+0300][49.927s][info][gc,heap        ] GC(26) Old regions: 5->5
[2026-05-06T20:32:57.140+0300][49.927s][info][gc,heap        ] GC(26) Humongous regions: 59->59
[2026-05-06T20:32:57.140+0300][49.928s][info][gc,metaspace   ] GC(26) Metaspace: 9183K(9792K)->9183K(9792K) NonClass: 8272K(8640K)->8272K(8640K) Class: 911K(1152K)->911K(1152K)
[2026-05-06T20:32:57.140+0300][49.928s][info][gc             ] GC(26) Pause Full (G1 Compaction Pause) 63M->63M(64M) 19.250ms
[2026-05-06T20:32:57.140+0300][49.928s][info][gc,cpu         ] GC(26) User=0.04s Sys=0.00s Real=0.02s
[2026-05-06T20:32:57.140+0300][49.928s][info][gc,start       ] GC(27) Pause Young (Concurrent Start) (G1 Evacuation Pause)
[2026-05-06T20:32:57.140+0300][49.928s][info][gc,task        ] GC(27) Using 2 workers of 8 for evacuation
[2026-05-06T20:32:57.142+0300][49.930s][info][gc,phases      ] GC(27)   Pre Evacuate Collection Set: 0.20ms
[2026-05-06T20:32:57.142+0300][49.930s][info][gc,phases      ] GC(27)   Merge Heap Roots: 0.08ms
[2026-05-06T20:32:57.142+0300][49.930s][info][gc,phases      ] GC(27)   Evacuate Collection Set: 0.61ms
[2026-05-06T20:32:57.142+0300][49.930s][info][gc,phases      ] GC(27)   Post Evacuate Collection Set: 0.52ms
[2026-05-06T20:32:57.142+0300][49.930s][info][gc,phases      ] GC(27)   Other: 0.21ms
[2026-05-06T20:32:57.142+0300][49.930s][info][gc,heap        ] GC(27) Eden regions: 0->0(1)
[2026-05-06T20:32:57.142+0300][49.930s][info][gc,heap        ] GC(27) Survivor regions: 0->0(0)
[2026-05-06T20:32:57.142+0300][49.930s][info][gc,heap        ] GC(27) Old regions: 5->5
[2026-05-06T20:32:57.142+0300][49.930s][info][gc,heap        ] GC(27) Humongous regions: 59->59
[2026-05-06T20:32:57.142+0300][49.930s][info][gc,metaspace   ] GC(27) Metaspace: 9183K(9792K)->9183K(9792K) NonClass: 8272K(8640K)->8272K(8640K) Class: 911K(1152K)->911K(1152K)
[2026-05-06T20:32:57.142+0300][49.930s][info][gc             ] GC(27) Pause Young (Concurrent Start) (G1 Evacuation Pause) 63M->63M(64M) 2.141ms
[2026-05-06T20:32:57.142+0300][49.930s][info][gc,cpu         ] GC(27) User=0.00s Sys=0.01s Real=0.00s
[2026-05-06T20:32:57.142+0300][49.930s][info][gc             ] GC(28) Concurrent Mark Cycle
[2026-05-06T20:32:57.142+0300][49.930s][info][gc,marking     ] GC(28) Concurrent Scan Root Regions
[2026-05-06T20:32:57.142+0300][49.930s][info][gc,ergo        ] Attempting full compaction
[2026-05-06T20:32:57.142+0300][49.930s][info][gc,marking     ] GC(28) Concurrent Scan Root Regions 0.044ms
[2026-05-06T20:32:57.142+0300][49.930s][info][gc,marking     ] GC(28) Concurrent Mark
[2026-05-06T20:32:57.142+0300][49.930s][info][gc,start       ] GC(29) Pause Full (G1 Compaction Pause)
[2026-05-06T20:32:57.142+0300][49.930s][info][gc,marking     ] GC(28) Concurrent Mark From Roots
[2026-05-06T20:32:57.143+0300][49.930s][info][gc,task        ] GC(29) Using 2 workers of 8 for full compaction
[2026-05-06T20:32:57.143+0300][49.930s][info][gc,task        ] GC(28) Using 2 workers of 2 for marking
[2026-05-06T20:32:57.143+0300][49.931s][info][gc,phases,start] GC(29) Phase 1: Mark live objects
[2026-05-06T20:32:57.150+0300][49.938s][info][gc,phases      ] GC(29) Phase 1: Mark live objects 7.434ms
[2026-05-06T20:32:57.150+0300][49.938s][info][gc,phases,start] GC(29) Phase 2: Prepare compaction
[2026-05-06T20:32:57.151+0300][49.938s][info][gc,phases      ] GC(29) Phase 2: Prepare compaction 0.171ms
[2026-05-06T20:32:57.151+0300][49.938s][info][gc,phases,start] GC(29) Phase 3: Adjust pointers
[2026-05-06T20:32:57.155+0300][49.943s][info][gc,phases      ] GC(29) Phase 3: Adjust pointers 4.177ms
[2026-05-06T20:32:57.155+0300][49.943s][info][gc,phases,start] GC(29) Phase 4: Compact heap
[2026-05-06T20:32:57.155+0300][49.943s][info][gc,phases      ] GC(29) Phase 4: Compact heap 0.150ms
[2026-05-06T20:32:57.155+0300][49.943s][info][gc,phases,start] GC(29) Phase 5: Reset Metadata
[2026-05-06T20:32:57.156+0300][49.944s][info][gc,phases      ] GC(29) Phase 5: Reset Metadata 1.120ms
[2026-05-06T20:32:57.159+0300][49.947s][info][gc,heap        ] GC(29) Eden regions: 0->0(1)
[2026-05-06T20:32:57.159+0300][49.947s][info][gc,heap        ] GC(29) Survivor regions: 0->0(0)
[2026-05-06T20:32:57.159+0300][49.947s][info][gc,heap        ] GC(29) Old regions: 5->5
[2026-05-06T20:32:57.159+0300][49.947s][info][gc,heap        ] GC(29) Humongous regions: 59->59
[2026-05-06T20:32:57.159+0300][49.947s][info][gc,metaspace   ] GC(29) Metaspace: 9183K(9792K)->9183K(9792K) NonClass: 8272K(8640K)->8272K(8640K) Class: 911K(1152K)->911K(1152K)
[2026-05-06T20:32:57.159+0300][49.947s][info][gc             ] GC(29) Pause Full (G1 Compaction Pause) 63M->63M(64M) 16.911ms
[2026-05-06T20:32:57.159+0300][49.947s][info][gc,cpu         ] GC(29) User=0.03s Sys=0.00s Real=0.02s
[2026-05-06T20:32:57.159+0300][49.947s][info][gc,ergo        ] Attempting maximal full compaction clearing soft references
[2026-05-06T20:32:57.159+0300][49.947s][info][gc,start       ] GC(30) Pause Full (G1 Compaction Pause)
[2026-05-06T20:32:57.159+0300][49.947s][info][gc,task        ] GC(30) Using 2 workers of 8 for full compaction
[2026-05-06T20:32:57.160+0300][49.948s][info][gc,phases,start] GC(30) Phase 1: Mark live objects
[2026-05-06T20:32:57.168+0300][49.955s][info][gc,phases      ] GC(30) Phase 1: Mark live objects 7.898ms
[2026-05-06T20:32:57.168+0300][49.956s][info][gc,phases,start] GC(30) Phase 2: Prepare compaction
[2026-05-06T20:32:57.169+0300][49.957s][info][gc,phases      ] GC(30) Phase 2: Prepare compaction 1.732ms
[2026-05-06T20:32:57.170+0300][49.957s][info][gc,phases,start] GC(30) Phase 3: Adjust pointers
[2026-05-06T20:32:57.175+0300][49.962s][info][gc,phases      ] GC(30) Phase 3: Adjust pointers 5.078ms
[2026-05-06T20:32:57.175+0300][49.963s][info][gc,phases,start] GC(30) Phase 4: Compact heap
[2026-05-06T20:32:57.176+0300][49.964s][info][gc,phases      ] GC(30) Phase 4: Compact heap 1.384ms
[2026-05-06T20:32:57.176+0300][49.964s][info][gc,phases,start] GC(30) Phase 5: Reset Metadata
[2026-05-06T20:32:57.176+0300][49.964s][info][gc,phases      ] GC(30) Phase 5: Reset Metadata 0.236ms
[2026-05-06T20:32:57.179+0300][49.967s][info][gc,heap        ] GC(30) Eden regions: 0->0(1)
[2026-05-06T20:32:57.179+0300][49.967s][info][gc,heap        ] GC(30) Survivor regions: 0->0(0)
[2026-05-06T20:32:57.179+0300][49.967s][info][gc,heap        ] GC(30) Old regions: 5->5
[2026-05-06T20:32:57.179+0300][49.967s][info][gc,heap        ] GC(30) Humongous regions: 59->59
[2026-05-06T20:32:57.179+0300][49.967s][info][gc,metaspace   ] GC(30) Metaspace: 9183K(9792K)->9183K(9792K) NonClass: 8272K(8640K)->8272K(8640K) Class: 911K(1152K)->911K(1152K)
[2026-05-06T20:32:57.179+0300][49.967s][info][gc             ] GC(30) Pause Full (G1 Compaction Pause) 63M->63M(64M) 19.874ms
[2026-05-06T20:32:57.179+0300][49.967s][info][gc,cpu         ] GC(30) User=0.03s Sys=0.00s Real=0.02s
[2026-05-06T20:32:57.180+0300][49.967s][info][gc,marking     ] GC(28) Concurrent Mark From Roots 37.078ms
[2026-05-06T20:32:57.180+0300][49.967s][info][gc,start       ] GC(31) Pause Young (Normal) (G1 Evacuation Pause)
[2026-05-06T20:32:57.180+0300][49.967s][info][gc,task        ] GC(31) Using 2 workers of 8 for evacuation
[2026-05-06T20:32:57.181+0300][49.969s][info][gc,phases      ] GC(31)   Pre Evacuate Collection Set: 0.15ms
[2026-05-06T20:32:57.181+0300][49.969s][info][gc,phases      ] GC(31)   Merge Heap Roots: 0.07ms
[2026-05-06T20:32:57.181+0300][49.969s][info][gc,phases      ] GC(31)   Evacuate Collection Set: 0.24ms
[2026-05-06T20:32:57.181+0300][49.969s][info][gc,phases      ] GC(31)   Post Evacuate Collection Set: 0.51ms
[2026-05-06T20:32:57.181+0300][49.969s][info][gc,phases      ] GC(31)   Other: 0.11ms
[2026-05-06T20:32:57.181+0300][49.969s][info][gc,heap        ] GC(31) Eden regions: 0->0(1)
[2026-05-06T20:32:57.181+0300][49.969s][info][gc,heap        ] GC(31) Survivor regions: 0->0(0)
[2026-05-06T20:32:57.181+0300][49.969s][info][gc,heap        ] GC(31) Old regions: 5->5
[2026-05-06T20:32:57.181+0300][49.969s][info][gc,heap        ] GC(31) Humongous regions: 59->59
[2026-05-06T20:32:57.181+0300][49.969s][info][gc,metaspace   ] GC(31) Metaspace: 9183K(9792K)->9183K(9792K) NonClass: 8272K(8640K)->8272K(8640K) Class: 911K(1152K)->911K(1152K)
[2026-05-06T20:32:57.181+0300][49.969s][info][gc             ] GC(31) Pause Young (Normal) (G1 Evacuation Pause) 63M->63M(64M) 1.479ms
[2026-05-06T20:32:57.181+0300][49.969s][info][gc,cpu         ] GC(31) User=0.00s Sys=0.00s Real=0.00s
[2026-05-06T20:32:57.181+0300][49.969s][info][gc,ergo        ] Attempting full compaction
[2026-05-06T20:32:57.181+0300][49.969s][info][gc,start       ] GC(32) Pause Full (G1 Compaction Pause)
[2026-05-06T20:32:57.181+0300][49.969s][info][gc,task        ] GC(32) Using 2 workers of 8 for full compaction
[2026-05-06T20:32:57.182+0300][49.969s][info][gc,phases,start] GC(32) Phase 1: Mark live objects
[2026-05-06T20:32:57.191+0300][49.979s][info][gc,phases      ] GC(32) Phase 1: Mark live objects 9.076ms
[2026-05-06T20:32:57.191+0300][49.979s][info][gc,phases,start] GC(32) Phase 2: Prepare compaction
[2026-05-06T20:32:57.191+0300][49.979s][info][gc,phases      ] GC(32) Phase 2: Prepare compaction 0.189ms
[2026-05-06T20:32:57.191+0300][49.979s][info][gc,phases,start] GC(32) Phase 3: Adjust pointers
[2026-05-06T20:32:57.195+0300][49.983s][info][gc,phases      ] GC(32) Phase 3: Adjust pointers 4.034ms
[2026-05-06T20:32:57.195+0300][49.983s][info][gc,phases,start] GC(32) Phase 4: Compact heap
[2026-05-06T20:32:57.195+0300][49.983s][info][gc,phases      ] GC(32) Phase 4: Compact heap 0.144ms
[2026-05-06T20:32:57.195+0300][49.983s][info][gc,phases,start] GC(32) Phase 5: Reset Metadata
[2026-05-06T20:32:57.196+0300][49.984s][info][gc,phases      ] GC(32) Phase 5: Reset Metadata 1.216ms
[2026-05-06T20:32:57.199+0300][49.986s][info][gc,heap        ] GC(32) Eden regions: 0->0(23)
[2026-05-06T20:32:57.199+0300][49.986s][info][gc,heap        ] GC(32) Survivor regions: 0->0(0)
[2026-05-06T20:32:57.199+0300][49.986s][info][gc,heap        ] GC(32) Old regions: 5->5
[2026-05-06T20:32:57.199+0300][49.987s][info][gc,heap        ] GC(32) Humongous regions: 59->1
[2026-05-06T20:32:57.199+0300][49.987s][info][gc,metaspace   ] GC(32) Metaspace: 9183K(9792K)->9183K(9792K) NonClass: 8272K(8640K)->8272K(8640K) Class: 911K(1152K)->911K(1152K)
[2026-05-06T20:32:57.199+0300][49.987s][info][gc             ] GC(32) Pause Full (G1 Compaction Pause) 63M->5M(64M) 17.557ms
[2026-05-06T20:32:57.199+0300][49.987s][info][gc,cpu         ] GC(32) User=0.03s Sys=0.00s Real=0.02s
[2026-05-06T20:32:57.199+0300][49.987s][info][gc,marking     ] GC(28) Concurrent Mark Abort
[2026-05-06T20:32:57.199+0300][49.987s][info][gc             ] GC(28) Concurrent Mark Cycle 56.686ms
[2026-05-06T20:32:57.205+0300][49.993s][info][gc,heap,exit   ] Heap
[2026-05-06T20:32:57.205+0300][49.993s][info][gc,heap,exit   ]  garbage-first heap   total 65536K, used 5860K [0x00000000fc000000, 0x0000000100000000)
[2026-05-06T20:32:57.205+0300][49.993s][info][gc,heap,exit   ]   region size 1024K, 1 young (1024K), 0 survivors (0K)
[2026-05-06T20:32:57.205+0300][49.993s][info][gc,heap,exit   ]  Metaspace       used 9194K, committed 9792K, reserved 131072K
[2026-05-06T20:32:57.205+0300][49.993s][info][gc,heap,exit   ]   class space    used 913K, committed 1152K, reserved 65536K
